Component: Arm Compiler for Embedded 6.24 Tool: armlink [5f371500]

==============================================================================

Section Cross References

    startup_stm32f103xb.o(STACK) refers (Special) to heapauxi.o(.text) for __use_two_region_memory
    startup_stm32f103xb.o(HEAP) refers (Special) to heapauxi.o(.text) for __use_two_region_memory
    startup_stm32f103xb.o(RESET) refers (Special) to heapauxi.o(.text) for __use_two_region_memory
    startup_stm32f103xb.o(RESET) refers to startup_stm32f103xb.o(STACK) for __initial_sp
    startup_stm32f103xb.o(RESET) refers to startup_stm32f103xb.o(.text) for Reset_Handler
    startup_stm32f103xb.o(RESET) refers to stm32f1xx_it.o(.text.NMI_Handler) for NMI_Handler
    startup_stm32f103xb.o(RESET) refers to stm32f1xx_it.o(.text.HardFault_Handler) for HardFault_Handler
    startup_stm32f103xb.o(RESET) refers to stm32f1xx_it.o(.text.MemManage_Handler) for MemManage_Handler
    startup_stm32f103xb.o(RESET) refers to stm32f1xx_it.o(.text.BusFault_Handler) for BusFault_Handler
    startup_stm32f103xb.o(RESET) refers to stm32f1xx_it.o(.text.UsageFault_Handler) for UsageFault_Handler
    startup_stm32f103xb.o(RESET) refers to stm32f1xx_it.o(.text.SVC_Handler) for SVC_Handler
    startup_stm32f103xb.o(RESET) refers to stm32f1xx_it.o(.text.DebugMon_Handler) for DebugMon_Handler
    startup_stm32f103xb.o(RESET) refers to stm32f1xx_it.o(.text.PendSV_Handler) for PendSV_Handler
    startup_stm32f103xb.o(RESET) refers to stm32f1xx_it.o(.text.SysTick_Handler) for SysTick_Handler
    startup_stm32f103xb.o(RESET) refers to stm32f1xx_it.o(.text.EXTI0_IRQHandler) for EXTI0_IRQHandler
    startup_stm32f103xb.o(.text) refers (Special) to heapauxi.o(.text) for __use_two_region_memory
    startup_stm32f103xb.o(.text) refers to system_stm32f1xx.o(.text.SystemInit) for SystemInit
    startup_stm32f103xb.o(.text) refers to __main.o(!!!main) for __main
    startup_stm32f103xb.o(.text) refers to startup_stm32f103xb.o(HEAP) for Heap_Mem
    startup_stm32f103xb.o(.text) refers to startup_stm32f103xb.o(STACK) for Stack_Mem
    icm20602.o(.text.ICM20602_Init) refers to icm20602.o(.bss..L_MergedGlobals) for .L_MergedGlobals
    icm20602.o(.text.ICM20602_Init) refers to stm32f1xx_hal_i2c.o(.text.HAL_I2C_Master_Transmit) for HAL_I2C_Master_Transmit
    icm20602.o(.text.ICM20602_Init) refers to stm32f1xx_hal.o(.text.HAL_Delay) for HAL_Delay
    icm20602.o(.text.ICM20602_Init) refers to stm32f1xx_hal_i2c.o(.text.HAL_I2C_Master_Receive) for HAL_I2C_Master_Receive
    icm20602.o(.ARM.exidx.text.ICM20602_Init) refers to icm20602.o(.text.ICM20602_Init) for [Anonymous Symbol]
    icm20602.o(.text.ICM20602_WriteReg) refers to stm32f1xx_hal_i2c.o(.text.HAL_I2C_Master_Transmit) for HAL_I2C_Master_Transmit
    icm20602.o(.ARM.exidx.text.ICM20602_WriteReg) refers to icm20602.o(.text.ICM20602_WriteReg) for [Anonymous Symbol]
    icm20602.o(.text.ICM20602_ReadReg) refers to stm32f1xx_hal_i2c.o(.text.HAL_I2C_Master_Transmit) for HAL_I2C_Master_Transmit
    icm20602.o(.text.ICM20602_ReadReg) refers to stm32f1xx_hal_i2c.o(.text.HAL_I2C_Master_Receive) for HAL_I2C_Master_Receive
    icm20602.o(.ARM.exidx.text.ICM20602_ReadReg) refers to icm20602.o(.text.ICM20602_ReadReg) for [Anonymous Symbol]
    icm20602.o(.text.ICM20602_ReadData) refers to stm32f1xx_hal_i2c.o(.text.HAL_I2C_Mem_Read) for HAL_I2C_Mem_Read
    icm20602.o(.text.ICM20602_ReadData) refers to icm20602.o(.bss..L_MergedGlobals) for .L_MergedGlobals
    icm20602.o(.text.ICM20602_ReadData) refers to fflt_clz.o(x$fpl$fflt) for __aeabi_i2f
    icm20602.o(.text.ICM20602_ReadData) refers to fmul.o(x$fpl$fmul) for __aeabi_fmul
    icm20602.o(.text.ICM20602_ReadData) refers to fdiv.o(x$fpl$fdiv) for __aeabi_fdiv
    icm20602.o(.text.ICM20602_ReadData) refers to faddsub_clz.o(x$fpl$fadd) for __aeabi_fadd
    icm20602.o(.ARM.exidx.text.ICM20602_ReadData) refers to icm20602.o(.text.ICM20602_ReadData) for [Anonymous Symbol]
    icm20602.o(.text.ICM20602_ENTER_LOW_POWER_MODE) refers to stm32f1xx_hal_i2c.o(.text.HAL_I2C_Master_Transmit) for HAL_I2C_Master_Transmit
    icm20602.o(.ARM.exidx.text.ICM20602_ENTER_LOW_POWER_MODE) refers to icm20602.o(.text.ICM20602_ENTER_LOW_POWER_MODE) for [Anonymous Symbol]
    icm20602.o(.text.ICM20602_EXIT_LOW_POWER_MODE) refers to stm32f1xx_hal_i2c.o(.text.HAL_I2C_Master_Transmit) for HAL_I2C_Master_Transmit
    icm20602.o(.ARM.exidx.text.ICM20602_EXIT_LOW_POWER_MODE) refers to icm20602.o(.text.ICM20602_EXIT_LOW_POWER_MODE) for [Anonymous Symbol]
    tap_detection.o(.text) refers (Special) to _printf_percent.o(.ARM.Collect$$_printf_percent$$00000000) for _printf_percent
    tap_detection.o(.text) refers (Special) to _printf_d.o(.ARM.Collect$$_printf_percent$$00000009) for _printf_d
    tap_detection.o(.text) refers (Special) to _printf_u.o(.ARM.Collect$$_printf_percent$$0000000A) for _printf_u
    tap_detection.o(.text) refers (Special) to _printf_f.o(.ARM.Collect$$_printf_percent$$00000003) for _printf_f
[...]
    ../fplib/fpinit.s                        0x00000000   Number         0  fpinit.o ABSOLUTE
    ../fplib/fpinit_empty.s                  0x00000000   Number         0  fpinit_empty.o ABSOLUTE
    ../fplib/fretinf.s                       0x00000000   Number         0  fretinf.o ABSOLUTE
    ../fplib/fsqrt.s                         0x00000000   Number         0  fsqrt.o ABSOLUTE
    ../fplib/istatus.s                       0x00000000   Number         0  istatus.o ABSOLUTE
    ../fplib/printf1.s                       0x00000000   Number         0  printf1.o ABSOLUTE
    ../fplib/usenofp.s                       0x00000000   Number         0  usenofp.o ABSOLUTE
    ../mathlib/fpclassify.c                  0x00000000   Number         0  fpclassify.o ABSOLUTE
    ../mathlib/sqrtf.c                       0x00000000   Number         0  sqrtf.o ABSOLUTE
    dc.s                                     0x00000000   Number         0  dc.o ABSOLUTE
    gpio.c                                   0x00000000   Number         0  gpio.o ABSOLUTE
    i2c.c                                    0x00000000   Number         0  i2c.o ABSOLUTE
    icm20602.c                               0x00000000   Number         0  icm20602.o ABSOLUTE
    ina226.c                                 0x00000000   Number         0  ina226.o ABSOLUTE
    main.c                                   0x00000000   Number         0  main.o ABSOLUTE
    startup_stm32f103xb.s                    0x00000000   Number         0  startup_stm32f103xb.o ABSOLUTE
    stm32f1xx_hal.c                          0x00000000   Number         0  stm32f1xx_hal.o ABSOLUTE
    stm32f1xx_hal_cortex.c                   0x00000000   Number         0  stm32f1xx_hal_cortex.o ABSOLUTE
    stm32f1xx_hal_dma.c                      0x00000000   Number         0  stm32f1xx_hal_dma.o ABSOLUTE
    stm32f1xx_hal_exti.c                     0x00000000   Number         0  stm32f1xx_hal_exti.o ABSOLUTE
    stm32f1xx_hal_flash.c                    0x00000000   Number         0  stm32f1xx_hal_flash.o ABSOLUTE
    stm32f1xx_hal_flash_ex.c                 0x00000000   Number         0  stm32f1xx_hal_flash_ex.o ABSOLUTE
    stm32f1xx_hal_gpio.c                     0x00000000   Number         0  stm32f1xx_hal_gpio.o ABSOLUTE
    stm32f1xx_hal_gpio_ex.c                  0x00000000   Number         0  stm32f1xx_hal_gpio_ex.o ABSOLUTE
    stm32f1xx_hal_i2c.c                      0x00000000   Number         0  stm32f1xx_hal_i2c.o ABSOLUTE
    stm32f1xx_hal_msp.c                      0x00000000   Number         0  stm32f1xx_hal_msp.o ABSOLUTE
    stm32f1xx_hal_pwr.c                      0x00000000   Number         0  stm32f1xx_hal_pwr.o ABSOLUTE
    stm32f1xx_hal_rcc.c                      0x00000000   Number         0  stm32f1xx_hal_rcc.o ABSOLUTE
    stm32f1xx_hal_rcc_ex.c                   0x00000000   Number         0  stm32f1xx_hal_rcc_ex.o ABSOLUTE
    stm32f1xx_hal_uart.c                     0x00000000   Number         0  stm32f1xx_hal_uart.o ABSOLUTE
    stm32f1xx_it.c                           0x00000000   Number         0  stm32f1xx_it.o ABSOLUTE
    system_stm32f1xx.c                       0x00000000   Number         0  system_stm32f1xx.o ABSOLUTE
    tap_detection.c                          0x00000000   Number         0  tap_detection.o ABSOLUTE
    usart.c                                  0x00000000   Number         0  usart.o ABSOLUTE
    RESET                                    0x08000000   Section      236  startup_stm32f103xb.o(RESET)
    !!!main                                  0x080000ec   Section        8  __main.o(!!!main)
    !!!scatter                               0x080000f4   Section       92  __scatter.o(!!!scatter)
    !!handler_copy                           0x08000150   Section       26  __scatter_copy.o(!!handler_copy)
    !!handler_null                           0x0800016c   Section        2  __scatter.o(!!handler_null)
    !!handler_zi                             0x08000170   Section       28  __scatter_zi.o(!!handler_zi)
    .ARM.Collect$$_printf_percent$$00000000  0x0800018c   Section        0  _printf_percent.o(.ARM.Collect$$_printf_percent$$00000000)
    .ARM.Collect$$_printf_percent$$00000003  0x0800018c   Section        6  _printf_f.o(.ARM.Collect$$_printf_percent$$00000003)
    .ARM.Collect$$_printf_percent$$00000009  0x08000192   Section        6  _printf_d.o(.ARM.Collect$$_printf_percent$$00000009)
    .ARM.Collect$$_printf_percent$$0000000A  0x08000198   Section        6  _printf_u.o(.ARM.Collect$$_printf_percent$$0000000A)
    .ARM.Collect$$_printf_percent$$0000000C  0x0800019e   Section        6  _printf_x.o(.ARM.Collect$$_printf_percent$$0000000C)
    .ARM.Collect$$_printf_percent$$00000017  0x080001a4   Section        4  _printf_percent_end.o(.ARM.Collect$$_printf_percent$$00000017)
    .ARM.Collect$$libinit$$00000000          0x080001a8   Section        2  libinit.o(.ARM.Collect$$libinit$$00000000)
    .ARM.Collect$$libinit$$00000002          0x080001aa   Section        0  libinit2.o(.ARM.Collect$$libinit$$00000002)
    .ARM.Collect$$libinit$$00000004          0x080001aa   Section        0  libinit2.o(.ARM.Collect$$libinit$$00000004)
    .ARM.Collect$$libinit$$00000006          0x080001aa   Section        0  libinit2.o(.ARM.Collect$$libinit$$00000006)
    .ARM.Collect$$libinit$$0000000C          0x080001aa   Section        0  libinit2.o(.ARM.Collect$$libinit$$0000000C)
    .ARM.Collect$$libinit$$0000000E          0x080001aa   Section        0  libinit2.o(.ARM.Collect$$libinit$$0000000E)
    .ARM.Collect$$libinit$$00000010          0x080001aa   Section        0  libinit2.o(.ARM.Collect$$libinit$$00000010)
    .ARM.Collect$$libinit$$00000011          0x080001aa   Section        6  libinit2.o(.ARM.Collect$$libinit$$00000011)
    .ARM.Collect$$libinit$$00000013          0x080001b0   Section        0  libinit2.o(.ARM.Collect$$libinit$$00000013)
    .ARM.Collect$$libinit$$00000015          0x080001b0   Section        0  libinit2.o(.ARM.Collect$$libinit$$00000015)
    .ARM.Collect$$libinit$$00000017          0x080001b0   Section        0  libinit2.o(.ARM.Collect$$libinit$$00000017)
    .ARM.Collect$$libinit$$00000018          0x080001b0   Section       10  libinit2.o(.ARM.Collect$$libinit$$00000018)
    .ARM.Collect$$libinit$$00000019          0x080001ba   Section        0  libinit2.o(.ARM.Collect$$libinit$$00000019)
    .ARM.Collect$$libinit$$0000001B          0x080001ba   Section        0  libinit2.o(.ARM.Collect$$libinit$$0000001B)
    .ARM.Collect$$libinit$$0000001D          0x080001ba   Section        0  libinit2.o(.ARM.Collect$$libinit$$0000001D)
    .ARM.Collect$$libinit$$0000001F          0x080001ba   Section        0  libinit2.o(.ARM.Collect$$libinit$$0000001F)
    .ARM.Collect$$libinit$$00000021          0x080001ba   Section        0  libinit2.o(.ARM.Collect$$libinit$$00000021)
    .ARM.Collect$$libinit$$00000023          0x080001ba   Section        0  libinit2.o(.ARM.Collect$$libinit$$00000023)
    .ARM.Collect$$libinit$$00000025          0x080001ba   Section        0  libinit2.o(.ARM.Collect$$libinit$$00000025)
    .ARM.Collect$$libinit$$00000027          0x080001ba   Section        0  libinit2.o(.ARM.Collect$$libinit$$00000027)
    .ARM.Collect$$libinit$$0000002E          0x080001ba   Section        0  libinit2.o(.ARM.Collect$$libinit$$0000002E)
    .ARM.Collect$$libinit$$00000030          0x080001ba   Section        0  libinit2.o(.ARM.Collect$$libinit$$00000030)
    .ARM.Collect$$libinit$$00000032          0x080001ba   Section        0  libinit2.o(.ARM.Collect$$libinit$$00000032)
    .ARM.Collect$$libinit$$00000034          0x080001ba   Section        0  libinit2.o(.ARM.Collect$$libinit$$00000034)
    .ARM.Collect$$libinit$$00000035          0x080001ba   Section        2  libinit2.o(.ARM.Collect$$libinit$$00000035)
    .ARM.Collect$$libshutdown$$00000000      0x080001bc   Section        2  libshutdown.o(.ARM.Collect$$libshutdown$$00000000)
    .ARM.Collect$$libshutdown$$00000002      0x080001be   Section        0  libshutdown2.o(.ARM.Collect$$libshutdown$$00000002)
    .ARM.Collect$$libshutdown$$00000004      0x080001be   Section        0  libshutdown2.o(.ARM.Collect$$libshutdown$$00000004)
    .ARM.Collect$$libshutdown$$00000007      0x080001be   Section        0  libshutdown2.o(.ARM.Collect$$libshutdown$$00000007)
    .ARM.Collect$$libshutdown$$0000000A      0x080001be   Section        0  libshutdown2.o(.ARM.Collect$$libshutdown$$0000000A)
    .ARM.Collect$$libshutdown$$0000000C      0x080001be   Section        0  libshutdown2.o(.ARM.Collect$$libshutdown$$0000000C)
    .ARM.Collect$$libshutdown$$0000000F      0x080001be   Section        0  libshutdown2.o(.ARM.Collect$$libshutdown$$0000000F)
    .ARM.Collect$$libshutdown$$00000010      0x080001be   Section        2  libshutdown2.o(.ARM.Collect$$libshutdown$$00000010)
    .ARM.Collect$$rtentry$$00000000          0x080001c0   Section        0  __rtentry.o(.ARM.Collect$$rtentry$$00000000)
    .ARM.Collect$$rtentry$$00000002          0x080001c0   Section        0  __rtentry2.o(.ARM.Collect$$rtentry$$00000002)
    .ARM.Collect$$rtentry$$00000004          0x080001c0   Section        6  __rtentry4.o(.ARM.Collect$$rtentry$$00000004)
    .ARM.Collect$$rtentry$$00000009          0x080001c6   Section        0  __rtentry2.o(.ARM.Collect$$rtentry$$00000009)
    .ARM.Collect$$rtentry$$0000000A          0x080001c6   Section        4  __rtentry2.o(.ARM.Collect$$rtentry$$0000000A)
    .ARM.Collect$$rtentry$$0000000C          0x080001ca   Section        0  __rtentry2.o(.ARM.Collect$$rtentry$$0000000C)
    .ARM.Collect$$rtentry$$0000000D          0x080001ca   Section        8  __rtentry2.o(.ARM.Collect$$rtentry$$0000000D)
    .ARM.Collect$$rtexit$$00000000           0x080001d2   Section        2  rtexit.o(.ARM.Collect$$rtexit$$00000000)
    .ARM.Collect$$rtexit$$00000002           0x080001d4   Section        0  rtexit2.o(.ARM.Collect$$rtexit$$00000002)
    .ARM.Collect$$rtexit$$00000003           0x080001d4   Section        4  rtexit2.o(.ARM.Collect$$rtexit$$00000003)
    .ARM.Collect$$rtexit$$00000004           0x080001d8   Section        6  rtexit2.o(.ARM.Collect$$rtexit$$00000004)
    .text                                    0x080001e0   Section       64  startup_stm32f103xb.o(.text)
    .text                                    0x08000220   Section        0  noretval__2sprintf.o(.text)
    .text                                    0x08000248   Section        0  _printf_pad.o(.text)
    .text                                    0x08000298   Section        0  _printf_dec.o(.text)
    .text                                    0x08000310   Section        0  _printf_hex_int.o(.text)
    .text                                    0x08000368   Section        0  __printf_flags_wp.o(.text)
    .text                                    0x080004a0   Section        0  strlen.o(.text)
    .text                                    0x080004de   Section      100  rt_memcpy_w.o(.text)
    .text                                    0x08000542   Section        0  heapauxi.o(.text)
    .text                                    0x08000548   Section        0  _rserrno.o(.text)
    .text                                    0x0800055e   Section        0  _printf_intcommon.o(.text)
    _fp_digits                               0x08000611   Thumb Code   432  _printf_fp_dec.o(.text)
    .text                                    0x08000610   Section        0  _printf_fp_dec.o(.text)
    _printf_input_char                       0x08000a2d   Thumb Code    10  _printf_char_common.o(.text)
    .text                                    0x08000a2c   Section        0  _printf_char_common.o(.text)
    .text                                    0x08000a5c   Section        0  _sputc.o(.text)
    .text                                    0x08000a68   Section        8  rt_locale_intlibspace.o(.text)
    .text                                    0x08000a70   Section        8  rt_errno_addr_intlibspace.o(.text)
    .text                                    0x08000a78   Section      138  lludiv10.o(.text)
    .text                                    0x08000b04   Section        0  _printf_fp_infnan.o(.text)
    .text                                    0x08000b84   Section        0  bigflt0.o(.text)
    .text                                    0x08000c68   Section        8  libspace.o(.text)
    .text                                    0x08000c70   Section       74  sys_stackheap_outer.o(.text)
    .text                                    0x08000cba   Section        0  exit.o(.text)
    .text                                    0x08000ccc   Section      128  strcmpv7m.o(.text)
    .text                                    0x08000d4c   Section        0  sys_exit.o(.text)
    .text                                    0x08000d58   Section        2  use_no_semi.o(.text)
    .text                                    0x08000d5a   Section        0  indicate_semi.o(.text)
    [Anonymous Symbol]                       0x08000d5c   Section        0  stm32f1xx_it.o(.text.BusFault_Handler)
    [Anonymous Symbol]                       0x08000d60   Section        0  stm32f1xx_it.o(.text.DebugMon_Handler)
    [Anonymous Symbol]                       0x08000d64   Section        0  tap_detection.o(.text.DetectTap)
    [Anonymous Symbol]                       0x080011ac   Section        0  stm32f1xx_it.o(.text.EXTI0_IRQHandler)
    [Anonymous Symbol]                       0x080011b4   Section        0  main.o(.text.Error_Handler)
    [Anonymous Symbol]                       0x080011c0   Section        0  tap_detection.o(.text.GetMotionFlag)
    [Anonymous Symbol]                       0x080011cc   Section        0  stm32f1xx_hal.o(.text.HAL_Delay)
    [Anonymous Symbol]                       0x080011f4   Section        0  main.o(.text.HAL_GPIO_EXTI_Callback)
    [Anonymous Symbol]                       0x08001250   Section        0  stm32f1xx_hal_gpio.o(.text.HAL_GPIO_EXTI_IRQHandler)
    [Anonymous Symbol]                       0x08001268   Section        0  stm32f1xx_hal_gpio.o(.text.HAL_GPIO_Init)
    [Anonymous Symbol]                       0x08001478   Section        0  stm32f1xx_hal.o(.text.HAL_GetTick)
    [Anonymous Symbol]                       0x08001484   Section        0  stm32f1xx_hal_i2c.o(.text.HAL_I2C_Init)
    [Anonymous Symbol]                       0x080015e8   Section        0  stm32f1xx_hal_i2c.o(.text.HAL_I2C_Master_Receive)
    [Anonymous Symbol]                       0x080019e8   Section        0  stm32f1xx_hal_i2c.o(.text.HAL_I2C_Master_Transmit)
    [Anonymous Symbol]                       0x08001bc4   Section        0  stm32f1xx_hal_i2c.o(.text.HAL_I2C_Mem_Read)
    [Anonymous Symbol]                       0x08001f10   Section        0  i2c.o(.text.HAL_I2C_MspInit)
    [Anonymous Symbol]                       0x08001f7c   Section        0  stm32f1xx_hal.o(.text.HAL_IncTick)
    [Anonymous Symbol]                       0x08001f98   Section        0  stm32f1xx_hal.o(.text.HAL_Init)
    [Anonymous Symbol]                       0x08001fc0   Section        0  stm32f1xx_hal.o(.text.HAL_InitTick)
    [Anonymous Symbol]                       0x08002008   Section        0  stm32f1xx_hal_msp.o(.text.HAL_MspInit)
    [Anonymous Symbol]                       0x0800204c   Section        0  stm32f1xx_hal_cortex.o(.text.HAL_NVIC_EnableIRQ)
    [Anonymous Symbol]                       0x08002070   Section        0  stm32f1xx_hal_cortex.o(.text.HAL_NVIC_SetPriority)
    [Anonymous Symbol]                       0x080020c8   Section        0  stm32f1xx_hal_cortex.o(.text.HAL_NVIC_SetPriorityGrouping)
    [Anonymous Symbol]                       0x080020e8   Section        0  stm32f1xx_hal_pwr.o(.text.HAL_PWR_EnableWakeUpPin)
    [Anonymous Symbol]                       0x08002100   Section        0  stm32f1xx_hal_pwr.o(.text.HAL_PWR_EnterSTOPMode)
    [Anonymous Symbol]                       0x08002150   Section        0  stm32f1xx_hal_rcc.o(.text.HAL_RCC_ClockConfig)
    [Anonymous Symbol]                       0x0800230c   Section        0  stm32f1xx_hal_rcc.o(.text.HAL_RCC_GetPCLK1Freq)
    [Anonymous Symbol]                       0x08002334   Section        0  stm32f1xx_hal_rcc.o(.text.HAL_RCC_GetPCLK2Freq)
    [Anonymous Symbol]                       0x0800235c   Section        0  stm32f1xx_hal_rcc.o(.text.HAL_RCC_OscConfig)
    [Anonymous Symbol]                       0x0800275c   Section        0  stm32f1xx_hal.o(.text.HAL_ResumeTick)
    [Anonymous Symbol]                       0x08002770   Section        0  stm32f1xx_hal_cortex.o(.text.HAL_SYSTICK_Config)
    [Anonymous Symbol]                       0x0800279c   Section        0  stm32f1xx_hal.o(.text.HAL_SuspendTick)
    [Anonymous Symbol]                       0x080027b0   Section        0  stm32f1xx_hal_uart.o(.text.HAL_UART_Init)
    [Anonymous Symbol]                       0x08002894   Section        0  usart.o(.text.HAL_UART_MspInit)
    [Anonymous Symbol]                       0x08002910   Section        0  stm32f1xx_hal_uart.o(.text.HAL_UART_Transmit)
    [Anonymous Symbol]                       0x08002aa4   Section        0  stm32f1xx_it.o(.text.HardFault_Handler)
    I2C_RequestMemoryRead                    0x08002aa9   Thumb Code   274  stm32f1xx_hal_i2c.o(.text.I2C_RequestMemoryRead)
    [Anonymous Symbol]                       0x08002aa8   Section        0  stm32f1xx_hal_i2c.o(.text.I2C_RequestMemoryRead)
    I2C_WaitOnBTFFlagUntilTimeout            0x08002bbd   Thumb Code   186  stm32f1xx_hal_i2c.o(.text.I2C_WaitOnBTFFlagUntilTimeout)
    [Anonymous Symbol]                       0x08002bbc   Section        0  stm32f1xx_hal_i2c.o(.text.I2C_WaitOnBTFFlagUntilTimeout)
    I2C_WaitOnFlagUntilTimeout               0x08002c79   Thumb Code   458  stm32f1xx_hal_i2c.o(.text.I2C_WaitOnFlagUntilTimeout)
    [Anonymous Symbol]                       0x08002c78   Section        0  stm32f1xx_hal_i2c.o(.text.I2C_WaitOnFlagUntilTimeout)
    I2C_WaitOnMasterAddressFlagUntilTimeout  0x08002e45   Thumb Code   214  stm32f1xx_hal_i2c.o(.text.I2C_WaitOnMasterAddressFlagUntilTimeout)
    [Anonymous Symbol]                       0x08002e44   Section        0  stm32f1xx_hal_i2c.o(.text.I2C_WaitOnMasterAddressFlagUntilTimeout)
    I2C_WaitOnRXNEFlagUntilTimeout           0x08002f1d   Thumb Code   144  stm32f1xx_hal_i2c.o(.text.I2C_WaitOnRXNEFlagUntilTimeout)
    [Anonymous Symbol]                       0x08002f1c   Section        0  stm32f1xx_hal_i2c.o(.text.I2C_WaitOnRXNEFlagUntilTimeout)
    I2C_WaitOnTXEFlagUntilTimeout            0x08002fad   Thumb Code   186  stm32f1xx_hal_i2c.o(.text.I2C_WaitOnTXEFlagUntilTimeout)
    [Anonymous Symbol]                       0x08002fac   Section        0  stm32f1xx_hal_i2c.o(.text.I2C_WaitOnTXEFlagUntilTimeout)
    [Anonymous Symbol]                       0x08003068   Section        0  icm20602.o(.text.ICM20602_ENTER_LOW_POWER_MODE)
    [Anonymous Symbol]                       0x0800319c   Section        0  icm20602.o(.text.ICM20602_EXIT_LOW_POWER_MODE)
    [Anonymous Symbol]                       0x080032a0   Section        0  icm20602.o(.text.ICM20602_Init)
    [Anonymous Symbol]                       0x080033ac   Section        0  icm20602.o(.text.ICM20602_ReadData)
    [Anonymous Symbol]                       0x0800355c   Section        0  gpio.o(.text.MX_GPIO_Init)
    [Anonymous Symbol]                       0x080035e0   Section        0  i2c.o(.text.MX_I2C1_Init)
    [Anonymous Symbol]                       0x08003624   Section        0  usart.o(.text.MX_USART2_UART_Init)
    [Anonymous Symbol]                       0x08003660   Section        0  stm32f1xx_it.o(.text.MemManage_Handler)
    [Anonymous Symbol]                       0x08003664   Section        0  stm32f1xx_it.o(.text.NMI_Handler)
    PWR_OverloadWfe                          0x08003669   Thumb Code     6  stm32f1xx_hal_pwr.o(.text.PWR_OverloadWfe)
    [Anonymous Symbol]                       0x08003668   Section        0  stm32f1xx_hal_pwr.o(.text.PWR_OverloadWfe)
    [Anonymous Symbol]                       0x08003670   Section        0  stm32f1xx_it.o(.text.PendSV_Handler)
    [Anonymous Symbol]                       0x08003674   Section        0  stm32f1xx_it.o(.text.SVC_Handler)
    [Anonymous Symbol]                       0x08003678   Section        0  stm32f1xx_it.o(.text.SysTick_Handler)
    [Anonymous Symbol]                       0x0800367c   Section        0  system_stm32f1xx.o(.text.SystemInit)
    [Anonymous Symbol]                       0x08003680   Section        0  stm32f1xx_it.o(.text.UsageFault_Handler)
    [Anonymous Symbol]                       0x08003684   Section        0  main.o(.text.main)
    CL$$btod_d2e                             0x08003a08   Section       62  btod.o(CL$$btod_d2e)
    CL$$btod_d2e_denorm_low                  0x08003a46   Section       70  btod.o(CL$$btod_d2e_denorm_low)
    CL$$btod_d2e_norm_op1                    0x08003a8c   Section       96  btod.o(CL$$btod_d2e_norm_op1)
    CL$$btod_div_common                      0x08003aec   Section      824  btod.o(CL$$btod_div_common)
    CL$$btod_e2e                             0x08003e24   Section      220  btod.o(CL$$btod_e2e)
    CL$$btod_ediv                            0x08003f00   Section       42  btod.o(CL$$btod_ediv)
    CL$$btod_emul                            0x08003f2a   Section       42  btod.o(CL$$btod_emul)
    CL$$btod_mult_common                     0x08003f54   Section      580  btod.o(CL$$btod_mult_common)
    i.__ARM_fpclassify                       0x08004198   Section        0  fpclassify.o(i.__ARM_fpclassify)
    i._is_digit                              0x080041c0   Section        0  __printf_wp.o(i._is_digit)
    i.sqrtf                                  0x080041ce   Section        0  sqrtf.o(i.sqrtf)
    locale$$code                             0x080041fc   Section       44  lc_numeric_c.o(locale$$code)
    x$fpl$dretinf                            0x08004228   Section       12  dretinf.o(x$fpl$dretinf)
    x$fpl$f2d                                0x08004234   Section       86  f2d.o(x$fpl$f2d)
    x$fpl$fadd                               0x0800428c   Section      196  faddsub_clz.o(x$fpl$fadd)
    _fadd1                                   0x0800429b   Thumb Code     0  faddsub_clz.o(x$fpl$fadd)
    x$fpl$fcmp                               0x08004350   Section       84  fcmp.o(x$fpl$fcmp)
    x$fpl$fcmpinf                            0x080043a4   Section       24  fcmpi.o(x$fpl$fcmpinf)
    _fdiv1                                   0x080043bd   Thumb Code     0  fdiv.o(x$fpl$fdiv)
    x$fpl$fdiv                               0x080043bc   Section      388  fdiv.o(x$fpl$fdiv)
    x$fpl$feqf                               0x08004540   Section      104  feqf.o(x$fpl$feqf)
    x$fpl$fflt                               0x080045a8   Section       48  fflt_clz.o(x$fpl$fflt)
    x$fpl$ffltu                              0x080045d8   Section       38  fflt_clz.o(x$fpl$ffltu)
    x$fpl$fgeqf                              0x08004600   Section      104  fgeqf.o(x$fpl$fgeqf)
    x$fpl$fleqf                              0x08004668   Section      104  fleqf.o(x$fpl$fleqf)
    x$fpl$fmul                               0x080046d0   Section      258  fmul.o(x$fpl$fmul)
    x$fpl$fnaninf                            0x080047d2   Section      140  fnaninf.o(x$fpl$fnaninf)
    x$fpl$fretinf                            0x0800485e   Section       10  fretinf.o(x$fpl$fretinf)
    x$fpl$fsqrt                              0x08004868   Section      272  fsqrt.o(x$fpl$fsqrt)
    x$fpl$fsub                               0x08004978   Section      234  faddsub_clz.o(x$fpl$fsub)
    _fsub1                                   0x08004987   Thumb Code     0  faddsub_clz.o(x$fpl$fsub)
    x$fpl$printf1                            0x08004a62   Section        4  printf1.o(x$fpl$printf1)
    uc_hextab                                0x08004a66   Data          20  _printf_hex_int.o(.constdata)
    .constdata                               0x08004a66   Section       40  _printf_hex_int.o(.constdata)
    x$fpl$usenofp                            0x08004a66   Section        0  usenofp.o(x$fpl$usenofp)
    lc_hextab                                0x08004a7a   Data          20  _printf_hex_int.o(.constdata)
    maptable                                 0x08004a8e   Data          17  __printf_flags_wp.o(.constdata)
    .constdata                               0x08004a8e   Section       17  __printf_flags_wp.o(.constdata)
    tenpwrs_x                                0x08004aa0   Data          60  bigflt0.o(.constdata)
    .constdata                               0x08004aa0   Section      148  bigflt0.o(.constdata)
    tenpwrs_i                                0x08004adc   Data          64  bigflt0.o(.constdata)
    HAL_RCC_GetSysClockFreq.aPredivFactorTable 0x08004b4c   Data           2  stm32f1xx_hal_rcc.o(.rodata.HAL_RCC_GetSysClockFreq.aPredivFactorTable)
    [Anonymous Symbol]                       0x08004b4c   Section        0  stm32f1xx_hal_rcc.o(.rodata.HAL_RCC_GetSysClockFreq.aPredivFactorTable)
    HAL_RCC_GetSysClockFreq.aPLLMULFactorTable 0x08004b4e   Data          16  stm32f1xx_hal_rcc.o(.rodata.cst16)
    [Anonymous Symbol]                       0x08004b4e   Section        0  stm32f1xx_hal_rcc.o(.rodata.cst16)
    [Anonymous Symbol]                       0x08004b5e   Section        0  main.o(.rodata.str1.1)
    .L.str.10                                0x08004bbf   Data         148  main.o(.rodata.str1.1)
    .L.str.2                                 0x08004bf2   Data          97  main.o(.rodata.str1.1)
    .L.str.4                                 0x08004c54   Data          69  main.o(.rodata.str1.4)
    [Anonymous Symbol]                       0x08004c54   Section        0  main.o(.rodata.str1.4)
    locale$$data                             0x08004cbc   Section       28  lc_numeric_c.o(locale$$data)
    __lcnum_c_name                           0x08004cc0   Data           2  lc_numeric_c.o(locale$$data)
    __lcnum_c_start                          0x08004cc8   Data           0  lc_numeric_c.o(locale$$data)
    __lcnum_c_point                          0x08004cd4   Data           0  lc_numeric_c.o(locale$$data)
    __lcnum_c_thousands                      0x08004cd6   Data           0  lc_numeric_c.o(locale$$data)
    __lcnum_c_grouping                       0x08004cd7   Data           0  lc_numeric_c.o(locale$$data)
    __lcnum_c_end                            0x08004cd8   Data           0  lc_numeric_c.o(locale$$data)
    .L_MergedGlobals                         0x20000000   Data           8  stm32f1xx_hal.o(.data..L_MergedGlobals)
    [Anonymous Symbol]                       0x20000000   Section        0  stm32f1xx_hal.o(.data..L_MergedGlobals)
    mainDir                                  0x2000000c   Data           1  tap_detection.o(.data.mainDir)
    [Anonymous Symbol]                       0x2000000c   Section        0  tap_detection.o(.data.mainDir)
    .bss                                     0x20000010   Section       96  libspace.o(.bss)
    .L_MergedGlobals                         0x20000070   Data           2  icm20602.o(.bss..L_MergedGlobals)
    [Anonymous Symbol]                       0x20000070   Section        0  icm20602.o(.bss..L_MergedGlobals)
    .L_MergedGlobals                         0x20000074   Data          28  tap_detection.o(.bss..L_MergedGlobals)
    tapState                                 0x20000074   Data           1  tap_detection.o(.bss..L_MergedGlobals)
    [Anonymous Symbol]                       0x20000074   Section        0  tap_detection.o(.bss..L_MergedGlobals)
    accelSampleCount                         0x20000075   Data           1  tap_detection.o(.bss..L_MergedGlobals)
    dirConsistCount                          0x20000076   Data           1  tap_detection.o(.bss..L_MergedGlobals)
    dirChangeCount                           0x20000077   Data           1  tap_detection.o(.bss..L_MergedGlobals)
    motionFlag                               0x20000078   Data           1  tap_detection.o(.bss..L_MergedGlobals)
    lastAccelMag                             0x2000007c   Data           4  tap_detection.o(.bss..L_MergedGlobals)
    tapStartTime                             0x20000080   Data           4  tap_detection.o(.bss..L_MergedGlobals)
    tapMaxAccel                              0x20000084   Data           4  tap_detection.o(.bss..L_MergedGlobals)
    tapAvgAccel                              0x20000088   Data           4  tap_detection.o(.bss..L_MergedGlobals)
    lastTapTime                              0x2000008c   Data           4  tap_detection.o(.bss..L_MergedGlobals)
    .L_MergedGlobals                         0x20000090   Data          40  main.o(.bss..L_MergedGlobals)
    main.lastDetectTime                      0x20000090   Data           4  main.o(.bss..L_MergedGlobals)
    [Anonymous Symbol]                       0x20000090   Section        0  main.o(.bss..L_MergedGlobals)
    main.lastSendTime                        0x20000094   Data           4  main.o(.bss..L_MergedGlobals)
    main.lastActivityTime                    0x20000098   Data           4  main.o(.bss..L_MergedGlobals)
    Heap_Mem                                 0x20000258   Data         512  startup_stm32f103xb.o(HEAP)
    HEAP                                     0x20000258   Section      512  startup_stm32f103xb.o(HEAP)
    Stack_Mem                                0x20000458   Data        1024  startup_stm32f103xb.o(STACK)
    STACK                                    0x20000458   Section     1024  startup_stm32f103xb.o(STACK)
    __initial_sp                             0x20000858   Data           0  startup_stm32f103xb.o(STACK)

    Global Symbols

    Symbol Name                              Value     Ov Type        Size  Object(Section)

    BuildAttributes$$THM_ISAv4$P$D$K$B$S$PE$A:L22UL41UL21$X:L11$S22US41US21$IEEE1$IW$~IW$USESV6$~STKCKD$USESV7$~SHL$OTIME$ROPI$IEEEJ$EBA8$UX$STANDARDLIB$REQ8$PRES8$EABIv2 0x00000000   Number         0  anon$$obj.o ABSOLUTE
    __fp_init_empty                          0x00000000   Number         0  fpinit_empty.o ABSOLUTE
    _printf_flags                            0x00000000   Number         0  printf_stubs.o ABSOLUTE
    _printf_return_value                     0x00000000   Number         0  printf_stubs.o ABSOLUTE
    _printf_sizespec                         0x00000000   Number         0  printf_stubs.o ABSOLUTE
    _printf_widthprec                        0x00000000   Number         0  printf_stubs.o ABSOLUTE
    __ARM_exceptions_init                     - Undefined Weak Reference
    __alloca_initialize                       - Undefined Weak Reference
    __arm_preinit_                            - Undefined Weak Reference
    __arm_relocate_pie_                       - Undefined Weak Reference
    __cpp_initialize__aeabi_                  - Undefined Weak Reference
    __cxa_finalize                            - Undefined Weak Reference
    __sigvec_lookup                           - Undefined Weak Reference
    _atexit_init                              - Undefined Weak Reference
    _call_atexit_fns                          - Undefined Weak Reference
    _clock_init                               - Undefined Weak Reference
    _fp_trap_init                             - Undefined Weak Reference
    _fp_trap_shutdown                         - Undefined Weak Reference
    _get_lc_collate                           - Undefined Weak Reference
    _get_lc_ctype                             - Undefined Weak Reference
    _get_lc_monetary                          - Undefined Weak Reference
    _get_lc_time                              - Undefined Weak Reference
    _getenv_init                              - Undefined Weak Reference
    _handle_redirection                       - Undefined Weak Reference
    _init_alloc                               - Undefined Weak Reference
    _init_user_alloc                          - Undefined Weak Reference
    _initio                                   - Undefined Weak Reference
    _printf_truncate_signed                   - Undefined Weak Reference
    _printf_truncate_unsigned                 - Undefined Weak Reference
    _rand_init                                - Undefined Weak Reference
    _signal_finish                            - Undefined Weak Reference
    _signal_init                              - Undefined Weak Reference
    _terminate_alloc                          - Undefined Weak Reference
    _terminate_user_alloc                     - Undefined Weak Reference
    _terminateio                              - Undefined Weak Reference
    __Vectors_Size                           0x000000ec   Number         0  startup_stm32f103xb.o ABSOLUTE
    __Vectors                                0x08000000   Data           4  startup_stm32f103xb.o(RESET)
    __Vectors_End                            0x080000ec   Data           0  startup_stm32f103xb.o(RESET)
    __main                                   0x080000ed   Thumb Code     8  __main.o(!!!main)
    __scatterload                            0x080000f5   Thumb Code     0  __scatter.o(!!!scatter)
    __scatterload_rt2                        0x080000f5   Thumb Code    84  __scatter.o(!!!scatter)
    __scatterload_rt2_thumb_only             0x080000f5   Thumb Code     0  __scatter.o(!!!scatter)
    __scatterload_loop                       0x080000ff   Thumb Code     0  __scatter.o(!!!scatter)
    __scatterload_copy                       0x08000151   Thumb Code    26  __scatter_copy.o(!!handler_copy)
    __scatterload_null                       0x0800016d   Thumb Code     2  __scatter.o(!!handler_null)
    __scatterload_zeroinit                   0x08000171   Thumb Code    28  __scatter_zi.o(!!handler_zi)
    _printf_f                                0x0800018d   Thumb Code     0  _printf_f.o(.ARM.Collect$$_printf_percent$$00000003)
    _printf_percent                          0x0800018d   Thumb Code     0  _printf_percent.o(.ARM.Collect$$_printf_percent$$00000000)
    _printf_d                                0x08000193   Thumb Code     0  _printf_d.o(.ARM.Collect$$_printf_percent$$00000009)
    _printf_u                                0x08000199   Thumb Code     0  _printf_u.o(.ARM.Collect$$_printf_percent$$0000000A)
    _printf_x                                0x0800019f   Thumb Code     0  _printf_x.o(.ARM.Collect$$_printf_percent$$0000000C)
    _printf_percent_end                      0x080001a5   Thumb Code     0  _printf_percent_end.o(.ARM.Collect$$_printf_percent$$00000017)
    __rt_lib_init                            0x080001a9   Thumb Code     0  libinit.o(.ARM.Collect$$libinit$$00000000)
    __rt_lib_init_fp_1                       0x080001ab   Thumb Code     0  libinit2.o(.ARM.Collect$$libinit$$00000002)
    __rt_lib_init_heap_1                     0x080001ab   Thumb Code     0  libinit2.o(.ARM.Collect$$libinit$$0000000C)
    __rt_lib_init_lc_common                  0x080001ab   Thumb Code     0  libinit2.o(.ARM.Collect$$libinit$$00000011)
    __rt_lib_init_preinit_1                  0x080001ab   Thumb Code     0  libinit2.o(.ARM.Collect$$libinit$$00000006)
    __rt_lib_init_rand_1                     0x080001ab   Thumb Code     0  libinit2.o(.ARM.Collect$$libinit$$00000010)
    __rt_lib_init_relocate_pie_1             0x080001ab   Thumb Code     0  libinit2.o(.ARM.Collect$$libinit$$00000004)
    __rt_lib_init_user_alloc_1               0x080001ab   Thumb Code     0  libinit2.o(.ARM.Collect$$libinit$$0000000E)
    __rt_lib_init_lc_collate_1               0x080001b1   Thumb Code     0  libinit2.o(.ARM.Collect$$libinit$$00000013)
    __rt_lib_init_lc_ctype_1                 0x080001b1   Thumb Code     0  libinit2.o(.ARM.Collect$$libinit$$00000015)
    __rt_lib_init_lc_monetary_1              0x080001b1   Thumb Code     0  libinit2.o(.ARM.Collect$$libinit$$00000017)
    __rt_lib_init_lc_numeric_2               0x080001b1   Thumb Code     0  libinit2.o(.ARM.Collect$$libinit$$00000018)
    __rt_lib_init_alloca_1                   0x080001bb   Thumb Code     0  libinit2.o(.ARM.Collect$$libinit$$00000030)
    __rt_lib_init_argv_1                     0x080001bb   Thumb Code     0  libinit2.o(.ARM.Collect$$libinit$$0000002E)
    __rt_lib_init_atexit_1                   0x080001bb   Thumb Code     0  libinit2.o(.ARM.Collect$$libinit$$0000001D)
    __rt_lib_init_clock_1                    0x080001bb   Thumb Code     0  libinit2.o(.ARM.Collect$$libinit$$00000023)
    __rt_lib_init_cpp_1                      0x080001bb   Thumb Code     0  libinit2.o(.ARM.Collect$$libinit$$00000034)
    __rt_lib_init_exceptions_1               0x080001bb   Thumb Code     0  libinit2.o(.ARM.Collect$$libinit$$00000032)
    __rt_lib_init_fp_trap_1                  0x080001bb   Thumb Code     0  libinit2.o(.ARM.Collect$$libinit$$00000021)
    __rt_lib_init_getenv_1                   0x080001bb   Thumb Code     0  libinit2.o(.ARM.Collect$$libinit$$00000025)
    __rt_lib_init_lc_numeric_1               0x080001bb   Thumb Code     0  libinit2.o(.ARM.Collect$$libinit$$00000019)
    __rt_lib_init_lc_time_1                  0x080001bb   Thumb Code     0  libinit2.o(.ARM.Collect$$libinit$$0000001B)
    __rt_lib_init_return                     0x080001bb   Thumb Code     0  libinit2.o(.ARM.Collect$$libinit$$00000035)
    __rt_lib_init_signal_1                   0x080001bb   Thumb Code     0  libinit2.o(.ARM.Collect$$libinit$$0000001F)
    __rt_lib_init_stdio_1                    0x080001bb   Thumb Code     0  libinit2.o(.ARM.Collect$$libinit$$00000027)
    __rt_lib_shutdown                        0x080001bd   Thumb Code     0  libshutdown.o(.ARM.Collect$$libshutdown$$00000000)
    __rt_lib_shutdown_cpp_1                  0x080001bf   Thumb Code     0  libshutdown2.o(.ARM.Collect$$libshutdown$$00000002)
    __rt_lib_shutdown_fp_trap_1              0x080001bf   Thumb Code     0  libshutdown2.o(.ARM.Collect$$libshutdown$$00000007)
    __rt_lib_shutdown_heap_1                 0x080001bf   Thumb Code     0  libshutdown2.o(.ARM.Collect$$libshutdown$$0000000F)
    __rt_lib_shutdown_return                 0x080001bf   Thumb Code     0  libshutdown2.o(.ARM.Collect$$libshutdown$$00000010)
    __rt_lib_shutdown_signal_1               0x080001bf   Thumb Code     0  libshutdown2.o(.ARM.Collect$$libshutdown$$0000000A)
    __rt_lib_shutdown_stdio_1                0x080001bf   Thumb Code     0  libshutdown2.o(.ARM.Collect$$libshutdown$$00000004)
    __rt_lib_shutdown_user_alloc_1           0x080001bf   Thumb Code     0  libshutdown2.o(.ARM.Collect$$libshutdown$$0000000C)
    __rt_entry                               0x080001c1   Thumb Code     0  __rtentry.o(.ARM.Collect$$rtentry$$00000000)
    __rt_entry_presh_1                       0x080001c1   Thumb Code     0  __rtentry2.o(.ARM.Collect$$rtentry$$00000002)
    __rt_entry_sh                            0x080001c1   Thumb Code     0  __rtentry4.o(.ARM.Collect$$rtentry$$00000004)
    __rt_entry_li                            0x080001c7   Thumb Code     0  __rtentry2.o(.ARM.Collect$$rtentry$$0000000A)
    __rt_entry_postsh_1                      0x080001c7   Thumb Code     0  __rtentry2.o(.ARM.Collect$$rtentry$$00000009)
    __rt_entry_main                          0x080001cb   Thumb Code     0  __rtentry2.o(.ARM.Collect$$rtentry$$0000000D)
    __rt_entry_postli_1                      0x080001cb   Thumb Code     0  __rtentry2.o(.ARM.Collect$$rtentry$$0000000C)
    __rt_exit                                0x080001d3   Thumb Code     0  rtexit.o(.ARM.Collect$$rtexit$$00000000)
    __rt_exit_ls                             0x080001d5   Thumb Code     0  rtexit2.o(.ARM.Collect$$rtexit$$00000003)
    __rt_exit_prels_1                        0x080001d5   Thumb Code     0  rtexit2.o(.ARM.Collect$$rtexit$$00000002)
    __rt_exit_exit                           0x080001d9   Thumb Code     0  rtexit2.o(.ARM.Collect$$rtexit$$00000004)
    Reset_Handler                            0x080001e1   Thumb Code     8  startup_stm32f103xb.o(.text)
    ADC1_2_IRQHandler                        0x080001fb   Thumb Code     0  startup_stm32f103xb.o(.text)
    CAN1_RX1_IRQHandler                      0x080001fb   Thumb Code     0  startup_stm32f103xb.o(.text)
    CAN1_SCE_IRQHandler                      0x080001fb   Thumb Code     0  startup_stm32f103xb.o(.text)
    DMA1_Channel1_IRQHandler                 0x080001fb   Thumb Code     0  startup_stm32f103xb.o(.text)
    DMA1_Channel2_IRQHandler                 0x080001fb   Thumb Code     0  startup_stm32f103xb.o(.text)
    DMA1_Channel3_IRQHandler                 0x080001fb   Thumb Code     0  startup_stm32f103xb.o(.text)
    DMA1_Channel4_IRQHandler                 0x080001fb   Thumb Code     0  startup_stm32f103xb.o(.text)
    DMA1_Channel5_IRQHandler                 0x080001fb   Thumb Code     0  startup_stm32f103xb.o(.text)
    DMA1_Channel6_IRQHandler                 0x080001fb   Thumb Code     0  startup_stm32f103xb.o(.text)
    DMA1_Channel7_IRQHandler                 0x080001fb   Thumb Code     0  startup_stm32f103xb.o(.text)
    EXTI15_10_IRQHandler                     0x080001fb   Thumb Code     0  startup_stm32f103xb.o(.text)
    EXTI1_IRQHandler                         0x080001fb   Thumb Code     0  startup_stm32f103xb.o(.text)
    EXTI2_IRQHandler                         0x080001fb   Thumb Code     0  startup_stm32f103xb.o(.text)
    EXTI3_IRQHandler                         0x080001fb   Thumb Code     0  startup_stm32f103xb.o(.text)
    EXTI4_IRQHandler                         0x080001fb   Thumb Code     0  startup_stm32f103xb.o(.text)
    EXTI9_5_IRQHandler                       0x080001fb   Thumb Code     0  startup_stm32f103xb.o(.text)
    FLASH_IRQHandler                         0x080001fb   Thumb Code     0  startup_stm32f103xb.o(.text)
    I2C1_ER_IRQHandler                       0x080001fb   Thumb Code     0  startup_stm32f103xb.o(.text)
    I2C1_EV_IRQHandler                       0x080001fb   Thumb Code     0  startup_stm32f103xb.o(.text)
    I2C2_ER_IRQHandler                       0x080001fb   Thumb Code     0  startup_stm32f103xb.o(.text)
    I2C2_EV_IRQHandler                       0x080001fb   Thumb Code     0  startup_stm32f103xb.o(.text)
    PVD_IRQHandler                           0x080001fb   Thumb Code     0  startup_stm32f103xb.o(.text)
    RCC_IRQHandler                           0x080001fb   Thumb Code     0  startup_stm32f103xb.o(.text)
    RTC_Alarm_IRQHandler                     0x080001fb   Thumb Code     0  startup_stm32f103xb.o(.text)
    RTC_IRQHandler                           0x080001fb   Thumb Code     0  startup_stm32f103xb.o(.text)
    SPI1_IRQHandler                          0x080001fb   Thumb Code     0  startup_stm32f103xb.o(.text)
    SPI2_IRQHandler                          0x080001fb   Thumb Code     0  startup_stm32f103xb.o(.text)
    TAMPER_IRQHandler                        0x080001fb   Thumb Code     0  startup_stm32f103xb.o(.text)
    TIM1_BRK_IRQHandler                      0x080001fb   Thumb Code     0  startup_stm32f103xb.o(.text)
    TIM1_CC_IRQHandler                       0x080001fb   Thumb Code     0  startup_stm32f103xb.o(.text)
    TIM1_TRG_COM_IRQHandler                  0x080001fb   Thumb Code     0  startup_stm32f103xb.o(.text)
    TIM1_UP_IRQHandler                       0x080001fb   Thumb Code     0  startup_stm32f103xb.o(.text)
    TIM2_IRQHandler                          0x080001fb   Thumb Code     0  startup_stm32f103xb.o(.text)
    TIM3_IRQHandler                          0x080001fb   Thumb Code     0  startup_stm32f103xb.o(.text)
    TIM4_IRQHandler                          0x080001fb   Thumb Code     0  startup_stm32f103xb.o(.text)
    USART1_IRQHandler                        0x080001fb   Thumb Code     0  startup_stm32f103xb.o(.text)
    USART2_IRQHandler                        0x080001fb   Thumb Code     0  startup_stm32f103xb.o(.text)
    USART3_IRQHandler                        0x080001fb   Thumb Code     0  startup_stm32f103xb.o(.text)
    USBWakeUp_IRQHandler                     0x080001fb   Thumb Code     0  startup_stm32f103xb.o(.text)
    USB_HP_CAN1_TX_IRQHandler                0x080001fb   Thumb Code     0  startup_stm32f103xb.o(.text)
    USB_LP_CAN1_RX0_IRQHandler               0x080001fb   Thumb Code     0  startup_stm32f103xb.o(.text)
    WWDG_IRQHandler                          0x080001fb   Thumb Code     0  startup_stm32f103xb.o(.text)
    __user_initial_stackheap                 0x080001fd   Thumb Code     0  startup_stm32f103xb.o(.text)
    __2sprintf                               0x08000221   Thumb Code    34  noretval__2sprintf.o(.text)
    _printf_pre_padding                      0x08000249   Thumb Code    44  _printf_pad.o(.text)
    _printf_post_padding                     0x08000275   Thumb Code    34  _printf_pad.o(.text)
    _printf_int_dec                          0x08000299   Thumb Code   104  _printf_dec.o(.text)
    _printf_int_hex                          0x08000311   Thumb Code    84  _printf_hex_int.o(.text)
    _printf_longlong_hex                     0x08000311   Thumb Code     0  _printf_hex_int.o(.text)
    __printf                                 0x08000369   Thumb Code   308  __printf_flags_wp.o(.text)
    strlen                                   0x080004a1   Thumb Code    62  strlen.o(.text)
    __aeabi_memcpy4                          0x080004df   Thumb Code     0  rt_memcpy_w.o(.text)
    __aeabi_memcpy8                          0x080004df   Thumb Code     0  rt_memcpy_w.o(.text)
    __rt_memcpy_w                            0x080004df   Thumb Code   100  rt_memcpy_w.o(.text)
    _memcpy_lastbytes_aligned                0x08000527   Thumb Code     0  rt_memcpy_w.o(.text)
    __use_two_region_memory                  0x08000543   Thumb Code     2  heapauxi.o(.text)
    __rt_heap_escrow$2region                 0x08000545   Thumb Code     2  heapauxi.o(.text)
    __rt_heap_expand$2region                 0x08000547   Thumb Code     2  heapauxi.o(.text)
    __read_errno                             0x08000549   Thumb Code    10  _rserrno.o(.text)
    __set_errno                              0x08000553   Thumb Code    12  _rserrno.o(.text)
    _printf_int_common                       0x0800055f   Thumb Code   178  _printf_intcommon.o(.text)
    _printf_fp_dec_real                      0x080007c1   Thumb Code   620  _printf_fp_dec.o(.text)
    _printf_char_common                      0x08000a37   Thumb Code    32  _printf_char_common.o(.text)
    _sputc                                   0x08000a5d   Thumb Code    10  _sputc.o(.text)
    __rt_locale                              0x08000a69   Thumb Code     8  rt_locale_intlibspace.o(.text)
    __aeabi_errno_addr                       0x08000a71   Thumb Code     8  rt_errno_addr_intlibspace.o(.text)
    __errno$intlibspace                      0x08000a71   Thumb Code     0  rt_errno_addr_intlibspace.o(.text)
    __rt_errno_addr$intlibspace              0x08000a71   Thumb Code     0  rt_errno_addr_intlibspace.o(.text)
    _ll_udiv10                               0x08000a79   Thumb Code   138  lludiv10.o(.text)
    _printf_fp_infnan                        0x08000b05   Thumb Code   112  _printf_fp_infnan.o(.text)
    _btod_etento                             0x08000b85   Thumb Code   224  bigflt0.o(.text)
    __user_libspace                          0x08000c69   Thumb Code     8  libspace.o(.text)
    __user_perproc_libspace                  0x08000c69   Thumb Code     0  libspace.o(.text)
    __user_perthread_libspace                0x08000c69   Thumb Code     0  libspace.o(.text)
    __user_setup_stackheap                   0x08000c71   Thumb Code    74  sys_stackheap_outer.o(.text)
    exit                                     0x08000cbb   Thumb Code    18  exit.o(.text)
    strcmp                                   0x08000ccd   Thumb Code   128  strcmpv7m.o(.text)
    _sys_exit                                0x08000d4d   Thumb Code     8  sys_exit.o(.text)
    __I$use$semihosting                      0x08000d59   Thumb Code     0  use_no_semi.o(.text)
    __use_no_semihosting_swi                 0x08000d59   Thumb Code     2  use_no_semi.o(.text)
    __semihosting_library_function           0x08000d5b   Thumb Code     0  indicate_semi.o(.text)
    BusFault_Handler                         0x08000d5d   Thumb Code     2  stm32f1xx_it.o(.text.BusFault_Handler)
    DebugMon_Handler                         0x08000d61   Thumb Code     2  stm32f1xx_it.o(.text.DebugMon_Handler)
    DetectTap                                0x08000d65   Thumb Code   972  tap_detection.o(.text.DetectTap)
    EXTI0_IRQHandler                         0x080011ad   Thumb Code     6  stm32f1xx_it.o(.text.EXTI0_IRQHandler)
    Error_Handler                            0x080011b5   Thumb Code    10  main.o(.text.Error_Handler)
    GetMotionFlag                            0x080011c1   Thumb Code    12  tap_detection.o(.text.GetMotionFlag)
    HAL_Delay                                0x080011cd   Thumb Code    40  stm32f1xx_hal.o(.text.HAL_Delay)
    HAL_GPIO_EXTI_Callback                   0x080011f5   Thumb Code    72  main.o(.text.HAL_GPIO_EXTI_Callback)
    HAL_GPIO_EXTI_IRQHandler                 0x08001251   Thumb Code    22  stm32f1xx_hal_gpio.o(.text.HAL_GPIO_EXTI_IRQHandler)
    HAL_GPIO_Init                            0x08001269   Thumb Code   526  stm32f1xx_hal_gpio.o(.text.HAL_GPIO_Init)
    HAL_GetTick                              0x08001479   Thumb Code    12  stm32f1xx_hal.o(.text.HAL_GetTick)
    HAL_I2C_Init                             0x08001485   Thumb Code   356  stm32f1xx_hal_i2c.o(.text.HAL_I2C_Init)
    HAL_I2C_Master_Receive                   0x080015e9   Thumb Code  1024  stm32f1xx_hal_i2c.o(.text.HAL_I2C_Master_Receive)
    HAL_I2C_Master_Transmit                  0x080019e9   Thumb Code   476  stm32f1xx_hal_i2c.o(.text.HAL_I2C_Master_Transmit)
    HAL_I2C_Mem_Read                         0x08001bc5   Thumb Code   842  stm32f1xx_hal_i2c.o(.text.HAL_I2C_Mem_Read)
    HAL_I2C_MspInit                          0x08001f11   Thumb Code   106  i2c.o(.text.HAL_I2C_MspInit)
    HAL_IncTick                              0x08001f7d   Thumb Code    26  stm32f1xx_hal.o(.text.HAL_IncTick)
    HAL_Init                                 0x08001f99   Thumb Code    38  stm32f1xx_hal.o(.text.HAL_Init)
    HAL_InitTick                             0x08001fc1   Thumb Code    72  stm32f1xx_hal.o(.text.HAL_InitTick)
    HAL_MspInit                              0x08002009   Thumb Code    66  stm32f1xx_hal_msp.o(.text.HAL_MspInit)
    HAL_NVIC_EnableIRQ                       0x0800204d   Thumb Code    34  stm32f1xx_hal_cortex.o(.text.HAL_NVIC_EnableIRQ)
    HAL_NVIC_SetPriority                     0x08002071   Thumb Code    86  stm32f1xx_hal_cortex.o(.text.HAL_NVIC_SetPriority)
    HAL_NVIC_SetPriorityGrouping             0x080020c9   Thumb Code    32  stm32f1xx_hal_cortex.o(.text.HAL_NVIC_SetPriorityGrouping)
    HAL_PWR_EnableWakeUpPin                  0x080020e9   Thumb Code    22  stm32f1xx_hal_pwr.o(.text.HAL_PWR_EnableWakeUpPin)
    HAL_PWR_EnterSTOPMode                    0x08002101   Thumb Code    80  stm32f1xx_hal_pwr.o(.text.HAL_PWR_EnterSTOPMode)
    HAL_RCC_ClockConfig                      0x08002151   Thumb Code   442  stm32f1xx_hal_rcc.o(.text.HAL_RCC_ClockConfig)
    HAL_RCC_GetPCLK1Freq                     0x0800230d   Thumb Code    38  stm32f1xx_hal_rcc.o(.text.HAL_RCC_GetPCLK1Freq)
    HAL_RCC_GetPCLK2Freq                     0x08002335   Thumb Code    38  stm32f1xx_hal_rcc.o(.text.HAL_RCC_GetPCLK2Freq)
    HAL_RCC_OscConfig                        0x0800235d   Thumb Code  1024  stm32f1xx_hal_rcc.o(.text.HAL_RCC_OscConfig)
    HAL_ResumeTick                           0x0800275d   Thumb Code    18  stm32f1xx_hal.o(.text.HAL_ResumeTick)
    HAL_SYSTICK_Config                       0x08002771   Thumb Code    44  stm32f1xx_hal_cortex.o(.text.HAL_SYSTICK_Config)
    HAL_SuspendTick                          0x0800279d   Thumb Code    18  stm32f1xx_hal.o(.text.HAL_SuspendTick)
    HAL_UART_Init                            0x080027b1   Thumb Code   226  stm32f1xx_hal_uart.o(.text.HAL_UART_Init)
    HAL_UART_MspInit                         0x08002895   Thumb Code   122  usart.o(.text.HAL_UART_MspInit)
    HAL_UART_Transmit                        0x08002911   Thumb Code   402  stm32f1xx_hal_uart.o(.text.HAL_UART_Transmit)
    HardFault_Handler                        0x08002aa5   Thumb Code     2  stm32f1xx_it.o(.text.HardFault_Handler)
    ICM20602_ENTER_LOW_POWER_MODE            0x08003069   Thumb Code   306  icm20602.o(.text.ICM20602_ENTER_LOW_POWER_MODE)
    ICM20602_EXIT_LOW_POWER_MODE             0x0800319d   Thumb Code   258  icm20602.o(.text.ICM20602_EXIT_LOW_POWER_MODE)
    ICM20602_Init                            0x080032a1   Thumb Code   266  icm20602.o(.text.ICM20602_Init)
    ICM20602_ReadData                        0x080033ad   Thumb Code   432  icm20602.o(.text.ICM20602_ReadData)
    MX_GPIO_Init                             0x0800355d   Thumb Code   132  gpio.o(.text.MX_GPIO_Init)
    MX_I2C1_Init                             0x080035e1   Thumb Code    66  i2c.o(.text.MX_I2C1_Init)
    MX_USART2_UART_Init                      0x08003625   Thumb Code    60  usart.o(.text.MX_USART2_UART_Init)
    MemManage_Handler                        0x08003661   Thumb Code     2  stm32f1xx_it.o(.text.MemManage_Handler)
    NMI_Handler                              0x08003665   Thumb Code     2  stm32f1xx_it.o(.text.NMI_Handler)
    PendSV_Handler                           0x08003671   Thumb Code     2  stm32f1xx_it.o(.text.PendSV_Handler)
    SVC_Handler                              0x08003675   Thumb Code     2  stm32f1xx_it.o(.text.SVC_Handler)
    SysTick_Handler                          0x08003679   Thumb Code     4  stm32f1xx_it.o(.text.SysTick_Handler)
    SystemInit                               0x0800367d   Thumb Code     2  system_stm32f1xx.o(.text.SystemInit)
    UsageFault_Handler                       0x08003681   Thumb Code     2  stm32f1xx_it.o(.text.UsageFault_Handler)
    main                                     0x08003685   Thumb Code   772  main.o(.text.main)
    _btod_d2e                                0x08003a09   Thumb Code    62  btod.o(CL$$btod_d2e)
    _d2e_denorm_low                          0x08003a47   Thumb Code    70  btod.o(CL$$btod_d2e_denorm_low)
    _d2e_norm_op1                            0x08003a8d   Thumb Code    96  btod.o(CL$$btod_d2e_norm_op1)
    __btod_div_common                        0x08003aed   Thumb Code   696  btod.o(CL$$btod_div_common)
    _e2e                                     0x08003e25   Thumb Code   220  btod.o(CL$$btod_e2e)
    _btod_ediv                               0x08003f01   Thumb Code    42  btod.o(CL$$btod_ediv)
    _btod_emul                               0x08003f2b   Thumb Code    42  btod.o(CL$$btod_emul)
    __btod_mult_common                       0x08003f55   Thumb Code   580  btod.o(CL$$btod_mult_common)
    __ARM_fpclassify                         0x08004199   Thumb Code    40  fpclassify.o(i.__ARM_fpclassify)
    _is_digit                                0x080041c1   Thumb Code    14  __printf_wp.o(i._is_digit)
    sqrtf                                    0x080041cf   Thumb Code    44  sqrtf.o(i.sqrtf)
    _get_lc_numeric                          0x080041fd   Thumb Code    44  lc_numeric_c.o(locale$$code)
    __fpl_dretinf                            0x08004229   Thumb Code    12  dretinf.o(x$fpl$dretinf)
    __aeabi_f2d                              0x08004235   Thumb Code     0  f2d.o(x$fpl$f2d)
    _f2d                                     0x08004235   Thumb Code    86  f2d.o(x$fpl$f2d)
    __aeabi_fadd                             0x0800428d   Thumb Code     0  faddsub_clz.o(x$fpl$fadd)
    _fadd                                    0x0800428d   Thumb Code   196  faddsub_clz.o(x$fpl$fadd)
    __aeabi_fcmpeq                           0x08004351   Thumb Code     0  fcmp.o(x$fpl$fcmp)
    _feq                                     0x08004351   Thumb Code    14  fcmp.o(x$fpl$fcmp)
    _fneq                                    0x0800435f   Thumb Code    14  fcmp.o(x$fpl$fcmp)
    __aeabi_fcmpgt                           0x0800436d   Thumb Code     0  fcmp.o(x$fpl$fcmp)
    _fgr                                     0x0800436d   Thumb Code    14  fcmp.o(x$fpl$fcmp)
    __aeabi_fcmpge                           0x0800437b   Thumb Code     0  fcmp.o(x$fpl$fcmp)
    _fgeq                                    0x0800437b   Thumb Code    14  fcmp.o(x$fpl$fcmp)
    __aeabi_fcmple                           0x08004389   Thumb Code     0  fcmp.o(x$fpl$fcmp)
    _fleq                                    0x08004389   Thumb Code    14  fcmp.o(x$fpl$fcmp)
    __aeabi_fcmplt                           0x08004397   Thumb Code     0  fcmp.o(x$fpl$fcmp)
    _fls                                     0x08004397   Thumb Code    14  fcmp.o(x$fpl$fcmp)
    __fpl_fcmp_Inf                           0x080043a5   Thumb Code    24  fcmpi.o(x$fpl$fcmpinf)
    __aeabi_fdiv                             0x080043bd   Thumb Code     0  fdiv.o(x$fpl$fdiv)
    _fdiv                                    0x080043bd   Thumb Code   384  fdiv.o(x$fpl$fdiv)
    __aeabi_cfcmpeq                          0x08004541   Thumb Code     0  feqf.o(x$fpl$feqf)
    _fcmpeq                                  0x08004541   Thumb Code   104  feqf.o(x$fpl$feqf)
    __aeabi_i2f                              0x080045a9   Thumb Code     0  fflt_clz.o(x$fpl$fflt)
    _fflt                                    0x080045a9   Thumb Code    48  fflt_clz.o(x$fpl$fflt)
    __aeabi_ui2f                             0x080045d9   Thumb Code     0  fflt_clz.o(x$fpl$ffltu)
    _ffltu                                   0x080045d9   Thumb Code    38  fflt_clz.o(x$fpl$ffltu)
    _fcmpge                                  0x08004601   Thumb Code   104  fgeqf.o(x$fpl$fgeqf)
    __aeabi_cfcmple                          0x08004669   Thumb Code     0  fleqf.o(x$fpl$fleqf)
    _fcmple                                  0x08004669   Thumb Code   104  fleqf.o(x$fpl$fleqf)
    __fpl_fcmple_InfNaN                      0x080046bb   Thumb Code     0  fleqf.o(x$fpl$fleqf)
    __aeabi_fmul                             0x080046d1   Thumb Code     0  fmul.o(x$fpl$fmul)
    _fmul                                    0x080046d1   Thumb Code   258  fmul.o(x$fpl$fmul)
    __fpl_fnaninf                            0x080047d3   Thumb Code   140  fnaninf.o(x$fpl$fnaninf)
    __fpl_fretinf                            0x0800485f   Thumb Code    10  fretinf.o(x$fpl$fretinf)
    _fsqrt                                   0x08004869   Thumb Code   272  fsqrt.o(x$fpl$fsqrt)
    __aeabi_fsub                             0x08004979   Thumb Code     0  faddsub_clz.o(x$fpl$fsub)
    _fsub                                    0x08004979   Thumb Code   234  faddsub_clz.o(x$fpl$fsub)
    _printf_fp_dec                           0x08004a63   Thumb Code     4  printf1.o(x$fpl$printf1)
    __I$use$fp                               0x08004a66   Number         0  usenofp.o(x$fpl$usenofp)
    AHBPrescTable                            0x08004b34   Data          16  system_stm32f1xx.o(.rodata.AHBPrescTable)
    APBPrescTable                            0x08004b44   Data           8  system_stm32f1xx.o(.rodata.APBPrescTable)
    Region$$Table$$Base                      0x08004c9c   Number         0  anon$$obj.o(Region$$Table)
    Region$$Table$$Limit                     0x08004cbc   Number         0  anon$$obj.o(Region$$Table)
    uwTickFreq                               0x20000000   Data           1  stm32f1xx_hal.o(.data..L_MergedGlobals)
    uwTickPrio                               0x20000004   Data           4  stm32f1xx_hal.o(.data..L_MergedGlobals)
    SystemCoreClock                          0x20000008   Data           4  system_stm32f1xx.o(.data.SystemCoreClock)
    __libspace_start                         0x20000010   Data          96  libspace.o(.bss)
    __temporary_stack_top$libspace           0x20000070   Data           0  libspace.o(.bss)
    current_accel_range                      0x20000070   Data           1  icm20602.o(.bss..L_MergedGlobals)
    current_gyro_range                       0x20000071   Data           1  icm20602.o(.bss..L_MergedGlobals)
    icm20602_Data                            0x2000009c   Data          28  main.o(.bss..L_MergedGlobals)
    hi2c1                                    0x200000b8   Data          84  i2c.o(.bss.hi2c1)
    huart2                                   0x2000010c   Data          72  usart.o(.bss.huart2)
    uartBuffer                               0x20000154   Data         256  main.o(.bss.uartBuffer)
    uwTick                                   0x20000254   Data           4  stm32f1xx_hal.o(.bss.uwTick)



==============================================================================

Memory Map of the image

  Image Entry point : 0x080000ed

  Load Region LR_IROM1 (Base: 0x08000000, Size: 0x00004ce8, Max: 0x00040000, ABSOLUTE)

    Execution Region ER_IROM1 (Exec base: 0x08000000, Load base: 0x08000000, Size: 0x00004cd8, Max: 0x00040000, ABSOLUTE)

    Exec Addr    Load Addr    Size         Type   Attr      Idx    E Section Name        Object

    0x08000000   0x08000000   0x000000ec   Data   RO            3    RESET               startup_stm32f103xb.o
    0x080000ec   0x080000ec   0x00000008   Code   RO          854  * !!!main             c_w.l(__main.o)
    0x080000f4   0x080000f4   0x0000005c   Code   RO         1133    !!!scatter          c_w.l(__scatter.o)
    0x08000150   0x08000150   0x0000001a   Code   RO         1137    !!handler_copy      c_w.l(__scatter_copy.o)
    0x0800016a   0x0800016a   0x00000002   PAD
    0x0800016c   0x0800016c   0x00000002   Code   RO         1134    !!handler_null      c_w.l(__scatter.o)
    0x0800016e   0x0800016e   0x00000002   PAD
    0x08000170   0x08000170   0x0000001c   Code   RO         1139    !!handler_zi        c_w.l(__scatter_zi.o)
    0x0800018c   0x0800018c   0x00000000   Code   RO          847    .ARM.Collect$$_printf_percent$$00000000  c_w.l(_printf_percent.o)
    0x0800018c   0x0800018c   0x00000006   Code   RO          846    .ARM.Collect$$_printf_percent$$00000003  c_w.l(_printf_f.o)
    0x08000192   0x08000192   0x00000006   Code   RO          844    .ARM.Collect$$_printf_percent$$00000009  c_w.l(_printf_d.o)
    0x08000198   0x08000198   0x00000006   Code   RO          845    .ARM.Collect$$_printf_percent$$0000000A  c_w.l(_printf_u.o)
    0x0800019e   0x0800019e   0x00000006   Code   RO          843    .ARM.Collect$$_printf_percent$$0000000C  c_w.l(_printf_x.o)
    0x080001a4   0x080001a4   0x00000004   Code   RO          897    .ARM.Collect$$_printf_percent$$00000017  c_w.l(_printf_percent_end.o)
    0x080001a8   0x080001a8   0x00000002   Code   RO          996    .ARM.Collect$$libinit$$00000000  c_w.l(libinit.o)
    0x080001aa   0x080001aa   0x00000000   Code   RO          998    .ARM.Collect$$libinit$$00000002  c_w.l(libinit2.o)
    0x080001aa   0x080001aa   0x00000000   Code   RO         1000    .ARM.Collect$$libinit$$00000004  c_w.l(libinit2.o)
    0x080001aa   0x080001aa   0x00000000   Code   RO         1002    .ARM.Collect$$libinit$$00000006  c_w.l(libinit2.o)
    0x080001aa   0x080001aa   0x00000000   Code   RO         1005    .ARM.Collect$$libinit$$0000000C  c_w.l(libinit2.o)
    0x080001aa   0x080001aa   0x00000000   Code   RO         1007    .ARM.Collect$$libinit$$0000000E  c_w.l(libinit2.o)
    0x080001aa   0x080001aa   0x00000000   Code   RO         1009    .ARM.Collect$$libinit$$00000010  c_w.l(libinit2.o)
    0x080001aa   0x080001aa   0x00000006   Code   RO         1010    .ARM.Collect$$libinit$$00000011  c_w.l(libinit2.o)
    0x080001b0   0x080001b0   0x00000000   Code   RO         1012    .ARM.Collect$$libinit$$00000013  c_w.l(libinit2.o)
    0x080001b0   0x080001b0   0x00000000   Code   RO         1014    .ARM.Collect$$libinit$$00000015  c_w.l(libinit2.o)
    0x080001b0   0x080001b0   0x00000000   Code   RO         1016    .ARM.Collect$$libinit$$00000017  c_w.l(libinit2.o)
    0x080001b0   0x080001b0   0x0000000a   Code   RO         1017    .ARM.Collect$$libinit$$00000018  c_w.l(libinit2.o)
    0x080001ba   0x080001ba   0x00000000   Code   RO         1018    .ARM.Collect$$libinit$$00000019  c_w.l(libinit2.o)
    0x080001ba   0x080001ba   0x00000000   Code   RO         1020    .ARM.Collect$$libinit$$0000001B  c_w.l(libinit2.o)
    0x080001ba   0x080001ba   0x00000000   Code   RO         1022    .ARM.Collect$$libinit$$0000001D  c_w.l(libinit2.o)
    0x080001ba   0x080001ba   0x00000000   Code   RO         1024    .ARM.Collect$$libinit$$0000001F  c_w.l(libinit2.o)
    0x080001ba   0x080001ba   0x00000000   Code   RO         1026    .ARM.Collect$$libinit$$00000021  c_w.l(libinit2.o)
    0x080001ba   0x080001ba   0x00000000   Code   RO         1028    .ARM.Collect$$libinit$$00000023  c_w.l(libinit2.o)
    0x080001ba   0x080001ba   0x00000000   Code   RO         1030    .ARM.Collect$$libinit$$00000025  c_w.l(libinit2.o)
    0x080001ba   0x080001ba   0x00000000   Code   RO         1032    .ARM.Collect$$libinit$$00000027  c_w.l(libinit2.o)
    0x080001ba   0x080001ba   0x00000000   Code   RO         1036    .ARM.Collect$$libinit$$0000002E  c_w.l(libinit2.o)
    0x080001ba   0x080001ba   0x00000000   Code   RO         1038    .ARM.Collect$$libinit$$00000030  c_w.l(libinit2.o)
    0x080001ba   0x080001ba   0x00000000   Code   RO         1040    .ARM.Collect$$libinit$$00000032  c_w.l(libinit2.o)
    0x080001ba   0x080001ba   0x00000000   Code   RO         1042    .ARM.Collect$$libinit$$00000034  c_w.l(libinit2.o)
    0x080001ba   0x080001ba   0x00000002   Code   RO         1043    .ARM.Collect$$libinit$$00000035  c_w.l(libinit2.o)
    0x080001bc   0x080001bc   0x00000002   Code   RO         1079    .ARM.Collect$$libshutdown$$00000000  c_w.l(libshutdown.o)
    0x080001be   0x080001be   0x00000000   Code   RO         1090    .ARM.Collect$$libshutdown$$00000002  c_w.l(libshutdown2.o)
    0x080001be   0x080001be   0x00000000   Code   RO         1092    .ARM.Collect$$libshutdown$$00000004  c_w.l(libshutdown2.o)
    0x080001be   0x080001be   0x00000000   Code   RO         1095    .ARM.Collect$$libshutdown$$00000007  c_w.l(libshutdown2.o)
    0x080001be   0x080001be   0x00000000   Code   RO         1098    .ARM.Collect$$libshutdown$$0000000A  c_w.l(libshutdown2.o)
    0x080001be   0x080001be   0x00000000   Code   RO         1100    .ARM.Collect$$libshutdown$$0000000C  c_w.l(libshutdown2.o)
    0x080001be   0x080001be   0x00000000   Code   RO         1103    .ARM.Collect$$libshutdown$$0000000F  c_w.l(libshutdown2.o)
    0x080001be   0x080001be   0x00000002   Code   RO         1104    .ARM.Collect$$libshutdown$$00000010  c_w.l(libshutdown2.o)
    0x080001c0   0x080001c0   0x00000000   Code   RO          884    .ARM.Collect$$rtentry$$00000000  c_w.l(__rtentry.o)
    0x080001c0   0x080001c0   0x00000000   Code   RO          914    .ARM.Collect$$rtentry$$00000002  c_w.l(__rtentry2.o)
    0x080001c0   0x080001c0   0x00000006   Code   RO          926    .ARM.Collect$$rtentry$$00000004  c_w.l(__rtentry4.o)
    0x080001c6   0x080001c6   0x00000000   Code   RO          916    .ARM.Collect$$rtentry$$00000009  c_w.l(__rtentry2.o)
    0x080001c6   0x080001c6   0x00000004   Code   RO          917    .ARM.Collect$$rtentry$$0000000A  c_w.l(__rtentry2.o)
    0x080001ca   0x080001ca   0x00000000   Code   RO          919    .ARM.Collect$$rtentry$$0000000C  c_w.l(__rtentry2.o)
    0x080001ca   0x080001ca   0x00000008   Code   RO          920    .ARM.Collect$$rtentry$$0000000D  c_w.l(__rtentry2.o)
    0x080001d2   0x080001d2   0x00000002   Code   RO         1044    .ARM.Collect$$rtexit$$00000000  c_w.l(rtexit.o)
    0x080001d4   0x080001d4   0x00000000   Code   RO         1053    .ARM.Collect$$rtexit$$00000002  c_w.l(rtexit2.o)
    0x080001d4   0x080001d4   0x00000004   Code   RO         1054    .ARM.Collect$$rtexit$$00000003  c_w.l(rtexit2.o)
    0x080001d8   0x080001d8   0x00000006   Code   RO         1055    .ARM.Collect$$rtexit$$00000004  c_w.l(rtexit2.o)
    0x080001de   0x080001de   0x00000002   PAD
    0x080001e0   0x080001e0   0x00000040   Code   RO            4    .text               startup_stm32f103xb.o
    0x08000220   0x08000220   0x00000028   Code   RO          794    .text               c_w.l(noretval__2sprintf.o)
    0x08000248   0x08000248   0x0000004e   Code   RO          798    .text               c_w.l(_printf_pad.o)
    0x08000296   0x08000296   0x00000002   PAD
    0x08000298   0x08000298   0x00000078   Code   RO          800    .text               c_w.l(_printf_dec.o)
    0x08000310   0x08000310   0x00000058   Code   RO          805    .text               c_w.l(_printf_hex_int.o)
    0x08000368   0x08000368   0x00000138   Code   RO          835    .text               c_w.l(__printf_flags_wp.o)
    0x080004a0   0x080004a0   0x0000003e   Code   RO          848    .text               c_w.l(strlen.o)
    0x080004de   0x080004de   0x00000064   Code   RO          850    .text               c_w.l(rt_memcpy_w.o)
    0x08000542   0x08000542   0x00000006   Code   RO          852    .text               c_w.l(heapauxi.o)
    0x08000548   0x08000548   0x00000016   Code   RO          885    .text               c_w.l(_rserrno.o)
    0x0800055e   0x0800055e   0x000000b2   Code   RO          887    .text               c_w.l(_printf_intcommon.o)
    0x08000610   0x08000610   0x0000041c   Code   RO          889    .text               c_w.l(_printf_fp_dec.o)
    0x08000a2c   0x08000a2c   0x00000030   Code   RO          893    .text               c_w.l(_printf_char_common.o)
    0x08000a5c   0x08000a5c   0x0000000a   Code   RO          895    .text               c_w.l(_sputc.o)
    0x08000a66   0x08000a66   0x00000002   PAD
    0x08000a68   0x08000a68   0x00000008   Code   RO          931    .text               c_w.l(rt_locale_intlibspace.o)
    0x08000a70   0x08000a70   0x00000008   Code   RO          936    .text               c_w.l(rt_errno_addr_intlibspace.o)
    0x08000a78   0x08000a78   0x0000008a   Code   RO          938    .text               c_w.l(lludiv10.o)
    0x08000b02   0x08000b02   0x00000002   PAD
    0x08000b04   0x08000b04   0x00000080   Code   RO          940    .text               c_w.l(_printf_fp_infnan.o)
    0x08000b84   0x08000b84   0x000000e4   Code   RO          944    .text               c_w.l(bigflt0.o)
    0x08000c68   0x08000c68   0x00000008   Code   RO          980    .text               c_w.l(libspace.o)
    0x08000c70   0x08000c70   0x0000004a   Code   RO          983    .text               c_w.l(sys_stackheap_outer.o)
    0x08000cba   0x08000cba   0x00000012   Code   RO          987    .text               c_w.l(exit.o)
    0x08000ccc   0x08000ccc   0x00000080   Code   RO          989    .text               c_w.l(strcmpv7m.o)
    0x08000d4c   0x08000d4c   0x0000000c   Code   RO         1065    .text               c_w.l(sys_exit.o)
    0x08000d58   0x08000d58   0x00000002   Code   RO         1080    .text               c_w.l(use_no_semi.o)
    0x08000d5a   0x08000d5a   0x00000000   Code   RO         1082    .text               c_w.l(indicate_semi.o)
    0x08000d5a   0x08000d5a   0x00000002   PAD
    0x08000d5c   0x08000d5c   0x00000002   Code   RO          125    .text.BusFault_Handler  stm32f1xx_it.o
    0x08000d5e   0x08000d5e   0x00000002   PAD
    0x08000d60   0x08000d60   0x00000002   Code   RO          131    .text.DebugMon_Handler  stm32f1xx_it.o
    0x08000d62   0x08000d62   0x00000002   PAD
    0x08000d64   0x08000d64   0x00000448   Code   RO           38    .text.DetectTap     tap_detection.o
    0x080011ac   0x080011ac   0x00000006   Code   RO          137    .text.EXTI0_IRQHandler  stm32f1xx_it.o
    0x080011b2   0x080011b2   0x00000002   PAD
    0x080011b4   0x080011b4   0x0000000a   Code   RO           56    .text.Error_Handler  main.o
    0x080011be   0x080011be   0x00000002   PAD
    0x080011c0   0x080011c0   0x0000000c   Code   RO           40    .text.GetMotionFlag  tap_detection.o
    0x080011cc   0x080011cc   0x00000028   Code   RO          343    .text.HAL_Delay     stm32f1xx_hal.o
    0x080011f4   0x080011f4   0x0000005c   Code   RO           58    .text.HAL_GPIO_EXTI_Callback  main.o
    0x08001250   0x08001250   0x00000016   Code   RO          447    .text.HAL_GPIO_EXTI_IRQHandler  stm32f1xx_hal_gpio.o
    0x08001266   0x08001266   0x00000002   PAD
    0x08001268   0x08001268   0x0000020e   Code   RO          435    .text.HAL_GPIO_Init  stm32f1xx_hal_gpio.o
    0x08001476   0x08001476   0x00000002   PAD
    0x08001478   0x08001478   0x0000000c   Code   RO          335    .text.HAL_GetTick   stm32f1xx_hal.o
    0x08001484   0x08001484   0x00000164   Code   RO          185    .text.HAL_I2C_Init  stm32f1xx_hal_i2c.o
    0x080015e8   0x080015e8   0x00000400   Code   RO          201    .text.HAL_I2C_Master_Receive  stm32f1xx_hal_i2c.o
    0x080019e8   0x080019e8   0x000001dc   Code   RO          193    .text.HAL_I2C_Master_Transmit  stm32f1xx_hal_i2c.o
    0x08001bc4   0x08001bc4   0x0000034a   Code   RO          233    .text.HAL_I2C_Mem_Read  stm32f1xx_hal_i2c.o
    0x08001f0e   0x08001f0e   0x00000002   PAD
    0x08001f10   0x08001f10   0x0000006a   Code   RO           91    .text.HAL_I2C_MspInit  i2c.o
    0x08001f7a   0x08001f7a   0x00000002   PAD
    0x08001f7c   0x08001f7c   0x0000001a   Code   RO          333    .text.HAL_IncTick   stm32f1xx_hal.o
    0x08001f96   0x08001f96   0x00000002   PAD
    0x08001f98   0x08001f98   0x00000026   Code   RO          323    .text.HAL_Init      stm32f1xx_hal.o
    0x08001fbe   0x08001fbe   0x00000002   PAD
    0x08001fc0   0x08001fc0   0x00000048   Code   RO          325    .text.HAL_InitTick  stm32f1xx_hal.o
    0x08002008   0x08002008   0x00000042   Code   RO          146    .text.HAL_MspInit   stm32f1xx_hal_msp.o
    0x0800204a   0x0800204a   0x00000002   PAD
    0x0800204c   0x0800204c   0x00000022   Code   RO          495    .text.HAL_NVIC_EnableIRQ  stm32f1xx_hal_cortex.o
    0x0800206e   0x0800206e   0x00000002   PAD
    0x08002070   0x08002070   0x00000056   Code   RO          493    .text.HAL_NVIC_SetPriority  stm32f1xx_hal_cortex.o
    0x080020c6   0x080020c6   0x00000002   PAD
    0x080020c8   0x080020c8   0x00000020   Code   RO          491    .text.HAL_NVIC_SetPriorityGrouping  stm32f1xx_hal_cortex.o
    0x080020e8   0x080020e8   0x00000016   Code   RO          543    .text.HAL_PWR_EnableWakeUpPin  stm32f1xx_hal_pwr.o
    0x080020fe   0x080020fe   0x00000002   PAD
    0x08002100   0x08002100   0x00000050   Code   RO          549    .text.HAL_PWR_EnterSTOPMode  stm32f1xx_hal_pwr.o
    0x08002150   0x08002150   0x000001ba   Code   RO          387    .text.HAL_RCC_ClockConfig  stm32f1xx_hal_rcc.o
    0x0800230a   0x0800230a   0x00000002   PAD
    0x0800230c   0x0800230c   0x00000026   Code   RO          399    .text.HAL_RCC_GetPCLK1Freq  stm32f1xx_hal_rcc.o
    0x08002332   0x08002332   0x00000002   PAD
    0x08002334   0x08002334   0x00000026   Code   RO          401    .text.HAL_RCC_GetPCLK2Freq  stm32f1xx_hal_rcc.o
    0x0800235a   0x0800235a   0x00000002   PAD
    0x0800235c   0x0800235c   0x00000400   Code   RO          385    .text.HAL_RCC_OscConfig  stm32f1xx_hal_rcc.o
    0x0800275c   0x0800275c   0x00000012   Code   RO          347    .text.HAL_ResumeTick  stm32f1xx_hal.o
    0x0800276e   0x0800276e   0x00000002   PAD
    0x08002770   0x08002770   0x0000002c   Code   RO          503    .text.HAL_SYSTICK_Config  stm32f1xx_hal_cortex.o
    0x0800279c   0x0800279c   0x00000012   Code   RO          345    .text.HAL_SuspendTick  stm32f1xx_hal.o
    0x080027ae   0x080027ae   0x00000002   PAD
    0x080027b0   0x080027b0   0x000000e2   Code   RO          656    .text.HAL_UART_Init  stm32f1xx_hal_uart.o
    0x08002892   0x08002892   0x00000002   PAD
    0x08002894   0x08002894   0x0000007a   Code   RO          106    .text.HAL_UART_MspInit  usart.o
    0x0800290e   0x0800290e   0x00000002   PAD
    0x08002910   0x08002910   0x00000192   Code   RO          670    .text.HAL_UART_Transmit  stm32f1xx_hal_uart.o
    0x08002aa2   0x08002aa2   0x00000002   PAD
    0x08002aa4   0x08002aa4   0x00000002   Code   RO          121    .text.HardFault_Handler  stm32f1xx_it.o
    0x08002aa6   0x08002aa6   0x00000002   PAD
    0x08002aa8   0x08002aa8   0x00000112   Code   RO          235    .text.I2C_RequestMemoryRead  stm32f1xx_hal_i2c.o
    0x08002bba   0x08002bba   0x00000002   PAD
    0x08002bbc   0x08002bbc   0x000000ba   Code   RO          199    .text.I2C_WaitOnBTFFlagUntilTimeout  stm32f1xx_hal_i2c.o
    0x08002c76   0x08002c76   0x00000002   PAD
    0x08002c78   0x08002c78   0x000001ca   Code   RO          195    .text.I2C_WaitOnFlagUntilTimeout  stm32f1xx_hal_i2c.o
    0x08002e42   0x08002e42   0x00000002   PAD
    0x08002e44   0x08002e44   0x000000d6   Code   RO          313    .text.I2C_WaitOnMasterAddressFlagUntilTimeout  stm32f1xx_hal_i2c.o
    0x08002f1a   0x08002f1a   0x00000002   PAD
    0x08002f1c   0x08002f1c   0x00000090   Code   RO          203    .text.I2C_WaitOnRXNEFlagUntilTimeout  stm32f1xx_hal_i2c.o
    0x08002fac   0x08002fac   0x000000ba   Code   RO          197    .text.I2C_WaitOnTXEFlagUntilTimeout  stm32f1xx_hal_i2c.o
    0x08003066   0x08003066   0x00000002   PAD
    0x08003068   0x08003068   0x00000132   Code   RO           19    .text.ICM20602_ENTER_LOW_POWER_MODE  icm20602.o
    0x0800319a   0x0800319a   0x00000002   PAD
    0x0800319c   0x0800319c   0x00000102   Code   RO           21    .text.ICM20602_EXIT_LOW_POWER_MODE  icm20602.o
    0x0800329e   0x0800329e   0x00000002   PAD
    0x080032a0   0x080032a0   0x0000010a   Code   RO           11    .text.ICM20602_Init  icm20602.o
    0x080033aa   0x080033aa   0x00000002   PAD
    0x080033ac   0x080033ac   0x000001b0   Code   RO           17    .text.ICM20602_ReadData  icm20602.o
    0x0800355c   0x0800355c   0x00000084   Code   RO           81    .text.MX_GPIO_Init  gpio.o
    0x080035e0   0x080035e0   0x00000042   Code   RO           89    .text.MX_I2C1_Init  i2c.o
    0x08003622   0x08003622   0x00000002   PAD
    0x08003624   0x08003624   0x0000003c   Code   RO          104    .text.MX_USART2_UART_Init  usart.o
    0x08003660   0x08003660   0x00000002   Code   RO          123    .text.MemManage_Handler  stm32f1xx_it.o
    0x08003662   0x08003662   0x00000002   PAD
    0x08003664   0x08003664   0x00000002   Code   RO          119    .text.NMI_Handler   stm32f1xx_it.o
    0x08003666   0x08003666   0x00000002   PAD
    0x08003668   0x08003668   0x00000006   Code   RO          551    .text.PWR_OverloadWfe  stm32f1xx_hal_pwr.o
    0x0800366e   0x0800366e   0x00000002   PAD
    0x08003670   0x08003670   0x00000002   Code   RO          133    .text.PendSV_Handler  stm32f1xx_it.o
    0x08003672   0x08003672   0x00000002   PAD
    0x08003674   0x08003674   0x00000002   Code   RO          129    .text.SVC_Handler   stm32f1xx_it.o
    0x08003676   0x08003676   0x00000002   PAD
    0x08003678   0x08003678   0x00000004   Code   RO          135    .text.SysTick_Handler  stm32f1xx_it.o
    0x0800367c   0x0800367c   0x00000002   Code   RO          776    .text.SystemInit    system_stm32f1xx.o
    0x0800367e   0x0800367e   0x00000002   PAD
    0x08003680   0x08003680   0x00000002   Code   RO          127    .text.UsageFault_Handler  stm32f1xx_it.o
    0x08003682   0x08003682   0x00000002   PAD
    0x08003684   0x08003684   0x00000384   Code   RO           52    .text.main          main.o
    0x08003a08   0x08003a08   0x0000003e   Code   RO          947    CL$$btod_d2e        c_w.l(btod.o)
    0x08003a46   0x08003a46   0x00000046   Code   RO          949    CL$$btod_d2e_denorm_low  c_w.l(btod.o)
    0x08003a8c   0x08003a8c   0x00000060   Code   RO          948    CL$$btod_d2e_norm_op1  c_w.l(btod.o)
    0x08003aec   0x08003aec   0x00000338   Code   RO          957    CL$$btod_div_common  c_w.l(btod.o)
    0x08003e24   0x08003e24   0x000000dc   Code   RO          954    CL$$btod_e2e        c_w.l(btod.o)
    0x08003f00   0x08003f00   0x0000002a   Code   RO          951    CL$$btod_ediv       c_w.l(btod.o)
    0x08003f2a   0x08003f2a   0x0000002a   Code   RO          950    CL$$btod_emul       c_w.l(btod.o)
    0x08003f54   0x08003f54   0x00000244   Code   RO          956    CL$$btod_mult_common  c_w.l(btod.o)
    0x08004198   0x08004198   0x00000028   Code   RO          978    i.__ARM_fpclassify  m_ws.l(fpclassify.o)
    0x080041c0   0x080041c0   0x0000000e   Code   RO          833    i._is_digit         c_w.l(__printf_wp.o)
    0x080041ce   0x080041ce   0x0000002c   Code   RO          881    i.sqrtf             m_ws.l(sqrtf.o)
    0x080041fa   0x080041fa   0x00000002   PAD
    0x080041fc   0x080041fc   0x0000002c   Code   RO          972    locale$$code        c_w.l(lc_numeric_c.o)
    0x08004228   0x08004228   0x0000000c   Code   RO          898    x$fpl$dretinf       fz_ws.l(dretinf.o)
    0x08004234   0x08004234   0x00000056   Code   RO          856    x$fpl$f2d           fz_ws.l(f2d.o)
    0x0800428a   0x0800428a   0x00000002   PAD
    0x0800428c   0x0800428c   0x000000c4   Code   RO          858    x$fpl$fadd          fz_ws.l(faddsub_clz.o)
    0x08004350   0x08004350   0x00000054   Code   RO          864    x$fpl$fcmp          fz_ws.l(fcmp.o)
    0x080043a4   0x080043a4   0x00000018   Code   RO          974    x$fpl$fcmpinf       fz_ws.l(fcmpi.o)
    0x080043bc   0x080043bc   0x00000184   Code   RO          867    x$fpl$fdiv          fz_ws.l(fdiv.o)
    0x08004540   0x08004540   0x00000068   Code   RO          900    x$fpl$feqf          fz_ws.l(feqf.o)
    0x080045a8   0x080045a8   0x00000030   Code   RO          871    x$fpl$fflt          fz_ws.l(fflt_clz.o)
    0x080045d8   0x080045d8   0x00000026   Code   RO          870    x$fpl$ffltu         fz_ws.l(fflt_clz.o)
    0x080045fe   0x080045fe   0x00000002   PAD
    0x08004600   0x08004600   0x00000068   Code   RO          902    x$fpl$fgeqf         fz_ws.l(fgeqf.o)
    0x08004668   0x08004668   0x00000068   Code   RO          904    x$fpl$fleqf         fz_ws.l(fleqf.o)
    0x080046d0   0x080046d0   0x00000102   Code   RO          876    x$fpl$fmul          fz_ws.l(fmul.o)
    0x080047d2   0x080047d2   0x0000008c   Code   RO          906    x$fpl$fnaninf       fz_ws.l(fnaninf.o)
    0x0800485e   0x0800485e   0x0000000a   Code   RO          908    x$fpl$fretinf       fz_ws.l(fretinf.o)
    0x08004868   0x08004868   0x00000110   Code   RO          910    x$fpl$fsqrt         fz_ws.l(fsqrt.o)
    0x08004978   0x08004978   0x000000ea   Code   RO          860    x$fpl$fsub          fz_ws.l(faddsub_clz.o)
    0x08004a62   0x08004a62   0x00000004   Code   RO          878    x$fpl$printf1       fz_ws.l(printf1.o)
    0x08004a66   0x08004a66   0x00000000   Code   RO          912    x$fpl$usenofp       fz_ws.l(usenofp.o)
    0x08004a66   0x08004a66   0x00000028   Data   RO          806    .constdata          c_w.l(_printf_hex_int.o)
    0x08004a8e   0x08004a8e   0x00000011   Data   RO          836    .constdata          c_w.l(__printf_flags_wp.o)
    0x08004a9f   0x08004a9f   0x00000001   PAD
    0x08004aa0   0x08004aa0   0x00000094   Data   RO          945    .constdata          c_w.l(bigflt0.o)
    0x08004b34   0x08004b34   0x00000010   Data   RO          781    .rodata.AHBPrescTable  system_stm32f1xx.o
    0x08004b44   0x08004b44   0x00000008   Data   RO          782    .rodata.APBPrescTable  system_stm32f1xx.o
    0x08004b4c   0x08004b4c   0x00000002   Data   RO          412    .rodata.HAL_RCC_GetSysClockFreq.aPredivFactorTable  stm32f1xx_hal_rcc.o
    0x08004b4e   0x08004b4e   0x00000010   Data   RO          411    .rodata.cst16       stm32f1xx_hal_rcc.o
    0x08004b5e   0x08004b5e   0x000000f5   Data   RO           69    .rodata.str1.1      main.o
    0x08004c53   0x08004c53   0x00000001   PAD
    0x08004c54   0x08004c54   0x00000045   Data   RO           70    .rodata.str1.4      main.o
    0x08004c99   0x08004c99   0x00000003   PAD
    0x08004c9c   0x08004c9c   0x00000020   Data   RO         1132    Region$$Table       anon$$obj.o
    0x08004cbc   0x08004cbc   0x0000001c   Data   RO          971    locale$$data        c_w.l(lc_numeric_c.o)


    Execution Region RW_IRAM1 (Exec base: 0x20000000, Load base: 0x08004cd8, Size: 0x00000858, Max: 0x0000c000, ABSOLUTE)

    Exec Addr    Load Addr    Size         Type   Attr      Idx    E Section Name        Object

    0x20000000   0x08004cd8   0x00000008   Data   RW          374    .data..L_MergedGlobals  stm32f1xx_hal.o
    0x20000008   0x08004ce0   0x00000004   Data   RW          780    .data.SystemCoreClock  system_stm32f1xx.o
    0x2000000c   0x08004ce4   0x00000001   Data   RW           42    .data.mainDir       tap_detection.o
    0x2000000d   0x08004ce5   0x00000003   PAD
    0x20000010        -       0x00000060   Zero   RW          981    .bss                c_w.l(libspace.o)
    0x20000070        -       0x00000002   Zero   RW           23    .bss..L_MergedGlobals  icm20602.o
    0x20000072   0x08004ce5   0x00000002   PAD
    0x20000074        -       0x0000001c   Zero   RW           43    .bss..L_MergedGlobals  tap_detection.o
    0x20000090        -       0x00000028   Zero   RW           72    .bss..L_MergedGlobals  main.o
    0x200000b8        -       0x00000054   Zero   RW           95    .bss.hi2c1          i2c.o
    0x2000010c        -       0x00000048   Zero   RW          110    .bss.huart2         usart.o
    0x20000154        -       0x00000100   Zero   RW           68    .bss.uartBuffer     main.o
    0x20000254        -       0x00000004   Zero   RW          373    .bss.uwTick         stm32f1xx_hal.o
    0x20000258        -       0x00000200   Zero   RW            2    HEAP                startup_stm32f103xb.o
    0x20000458        -       0x00000400   Zero   RW            1    STACK               startup_stm32f103xb.o


==============================================================================

Image component sizes


      Code (inc. data)   RO Data    RW Data    ZI Data      Debug   Object Name

       132          0          0          0          0       2495   gpio.o
       172          0          0          0         84       4499   i2c.o
      1262         10          0          0          2       9945   icm20602.o
      1002        148        314          0        296      10837   main.o
        64         26        236          0       1536        824   startup_stm32f103xb.o
       224          0          0          8          4       5766   stm32f1xx_hal.o
       196          0          0          0          0       8421   stm32f1xx_hal_cortex.o
       548         22          0          0          0       4763   stm32f1xx_hal_gpio.o
      4160          0          0          0          0      45115   stm32f1xx_hal_i2c.o
        66          0          0          0          0       1226   stm32f1xx_hal_msp.o
       108          0          0          0          0       4223   stm32f1xx_hal_pwr.o
      1542          0         18          0          0       8074   stm32f1xx_hal_rcc.o
       628          0          0          0          0      33159   stm32f1xx_hal_uart.o
        26          0          0          0          0       1493   stm32f1xx_it.o
         2          0         24          4          0       1585   system_stm32f1xx.o
      1108        130          0          1         28       7297   tap_detection.o
       182          0          0          0         72       4343   usart.o

    ----------------------------------------------------------------------
     11500        336        628         16       2024     154065   Object Totals
         0          0         32          0          0          0   (incl. Generated)
        78          0          4          3          2          0   (incl. Padding)

    ----------------------------------------------------------------------

      Code (inc. data)   RO Data    RW Data    ZI Data      Debug   Library Member Name

         8          0          0          0          0         68   __main.o
       312          4         17          0          0         92   __printf_flags_wp.o
        14          0          0          0          0         68   __printf_wp.o
         0          0          0          0          0          0   __rtentry.o
        12          0          0          0          0          0   __rtentry2.o
         6          0          0          0          0          0   __rtentry4.o
        94          8          0          0          0          0   __scatter.o
        26          0          0          0          0          0   __scatter_copy.o
        28          0          0          0          0          0   __scatter_zi.o
        48          6          0          0          0         96   _printf_char_common.o
         6          0          0          0          0          0   _printf_d.o
       120         16          0          0          0         92   _printf_dec.o
         6          0          0          0          0          0   _printf_f.o
      1052          0          0          0          0        148   _printf_fp_dec.o
       128         16          0          0          0         84   _printf_fp_infnan.o
        88          4         40          0          0         88   _printf_hex_int.o
       178          0          0          0          0         88   _printf_intcommon.o
        78          0          0          0          0        108   _printf_pad.o
         0          0          0          0          0          0   _printf_percent.o
         4          0          0          0          0          0   _printf_percent_end.o
         6          0          0          0          0          0   _printf_u.o
         6          0          0          0          0          0   _printf_x.o
        22          0          0          0          0        100   _rserrno.o
        10          0          0          0          0         68   _sputc.o
       228          4        148          0          0         96   bigflt0.o
      1936        128          0          0          0        668   btod.o
        18          0          0          0          0         80   exit.o
         6          0          0          0          0        152   heapauxi.o
         0          0          0          0          0          0   indicate_semi.o
        44         10         28          0          0         76   lc_numeric_c.o
         2          0          0          0          0          0   libinit.o
        18          0          0          0          0          0   libinit2.o
         2          0          0          0          0          0   libshutdown.o
         2          0          0          0          0          0   libshutdown2.o
         8          4          0          0         96         68   libspace.o
       138          0          0          0          0         80   lludiv10.o
        40          6          0          0          0         84   noretval__2sprintf.o
         8          4          0          0          0         68   rt_errno_addr_intlibspace.o
         8          4          0          0          0         68   rt_locale_intlibspace.o
       100          0          0          0          0         80   rt_memcpy_w.o
         2          0          0          0          0          0   rtexit.o
        10          0          0          0          0          0   rtexit2.o
       128          0          0          0          0         68   strcmpv7m.o
        62          0          0          0          0         76   strlen.o
        12          4          0          0          0         68   sys_exit.o
        74          0          0          0          0         80   sys_stackheap_outer.o
         2          0          0          0          0         68   use_no_semi.o
        12          0          0          0          0         68   dretinf.o
        86          4          0          0          0         84   f2d.o
       430          8          0          0          0        168   faddsub_clz.o
        84          0          0          0          0        196   fcmp.o
        24          0          0          0          0         68   fcmpi.o
       388         76          0          0          0         96   fdiv.o
       104          4          0          0          0         84   feqf.o
        86          0          0          0          0        136   fflt_clz.o
       104          4          0          0          0         84   fgeqf.o
       104          4          0          0          0         84   fleqf.o
       258          4          0          0          0         84   fmul.o
       140          4          0          0          0         84   fnaninf.o
        10          0          0          0          0         68   fretinf.o
       272        100          0          0          0         88   fsqrt.o
         4          0          0          0          0         68   printf1.o
         0          0          0          0          0          0   usenofp.o
        40          0          0          0          0         68   fpclassify.o
        44          0          0          0          0         80   sqrtf.o

    ----------------------------------------------------------------------
      7310        426        234          0         96       4588   Library Totals
        20          0          1          0          0          0   (incl. Padding)

    ----------------------------------------------------------------------

      Code (inc. data)   RO Data    RW Data    ZI Data      Debug   Library Name

      5100        218        233          0         96       2980   c_w.l
      2106        208          0          0          0       1460   fz_ws.l
        84          0          0          0          0        148   m_ws.l

    ----------------------------------------------------------------------
      7310        426        234          0         96       4588   Library Totals

    ----------------------------------------------------------------------

==============================================================================


      Code (inc. data)   RO Data    RW Data    ZI Data      Debug   

     18810        762        862         16       2120     155869   Grand Totals
     18810        762        862         16       2120     155869   ELF Image Totals
     18810        762        862         16          0          0   ROM Totals

==============================================================================

    Total RO  Size (Code + RO Data)                19672 (  19.21kB)
    Total RW  Size (RW Data + ZI Data)              2136 (   2.09kB)
    Total ROM Size (Code + RO Data + RW Data)      19688 (  19.23kB)

==============================================================================

