Component: ARM Compiler 5.06 update 7 (build 960) Tool: armlink [4d3601]

==============================================================================

Section Cross References

    startup_stm32f103xb.o(STACK) refers (Special) to heapauxi.o(.text) for __use_two_region_memory
    startup_stm32f103xb.o(HEAP) refers (Special) to heapauxi.o(.text) for __use_two_region_memory
    startup_stm32f103xb.o(RESET) refers (Special) to heapauxi.o(.text) for __use_two_region_memory
    startup_stm32f103xb.o(RESET) refers to startup_stm32f103xb.o(STACK) for __initial_sp
    startup_stm32f103xb.o(RESET) refers to startup_stm32f103xb.o(.text) for Reset_Handler
    startup_stm32f103xb.o(RESET) refers to stm32f1xx_it.o(i.NMI_Handler) for NMI_Handler
    startup_stm32f103xb.o(RESET) refers to stm32f1xx_it.o(i.HardFault_Handler) for HardFault_Handler
    startup_stm32f103xb.o(RESET) refers to stm32f1xx_it.o(i.MemManage_Handler) for MemManage_Handler
    startup_stm32f103xb.o(RESET) refers to stm32f1xx_it.o(i.BusFault_Handler) for BusFault_Handler
    startup_stm32f103xb.o(RESET) refers to stm32f1xx_it.o(i.UsageFault_Handler) for UsageFault_Handler
    startup_stm32f103xb.o(RESET) refers to port.o(.emb_text) for SVC_Handler
    startup_stm32f103xb.o(RESET) refers to stm32f1xx_it.o(i.DebugMon_Handler) for DebugMon_Handler
    startup_stm32f103xb.o(RESET) refers to cmsis_os2.o(i.SysTick_Handler) for SysTick_Handler
    startup_stm32f103xb.o(RESET) refers to stm32f1xx_it.o(i.EXTI1_IRQHandler) for EXTI1_IRQHandler
    startup_stm32f103xb.o(RESET) refers to stm32f1xx_it.o(i.TIM4_IRQHandler) for TIM4_IRQHandler
    startup_stm32f103xb.o(.text) refers (Special) to heapauxi.o(.text) for __use_two_region_memory
    startup_stm32f103xb.o(.text) refers to system_stm32f1xx.o(i.SystemInit) for SystemInit
    startup_stm32f103xb.o(.text) refers to __main.o(!!!main) for __main
    startup_stm32f103xb.o(.text) refers to startup_stm32f103xb.o(HEAP) for Heap_Mem
    startup_stm32f103xb.o(.text) refers to startup_stm32f103xb.o(STACK) for Stack_Mem
    icm20602.o(i.ICM20602_ENTER_LOW_POWER_MODE) refers to icm20602.o(i.ICM20602_WriteReg) for ICM20602_WriteReg
    icm20602.o(i.ICM20602_ENTER_LOW_POWER_MODE) refers to noretval__2sprintf.o(.text) for __2sprintf
    icm20602.o(i.ICM20602_ENTER_LOW_POWER_MODE) refers to strlen.o(.text) for strlen
    icm20602.o(i.ICM20602_ENTER_LOW_POWER_MODE) refers to stm32f1xx_hal_uart.o(i.HAL_UART_Transmit) for HAL_UART_Transmit
    icm20602.o(i.ICM20602_ENTER_LOW_POWER_MODE) refers to icm20602.o(.bss) for .bss
    icm20602.o(i.ICM20602_ENTER_LOW_POWER_MODE) refers to usart.o(.bss) for huart2
    icm20602.o(i.ICM20602_ENTER_LOW_POWER_MODE) refers to icm20602.o(.data) for .data
    icm20602.o(i.ICM20602_EXIT_LOW_POWER_MODE) refers to icm20602.o(i.ICM20602_WriteReg) for ICM20602_WriteReg
    icm20602.o(i.ICM20602_EXIT_LOW_POWER_MODE) refers to noretval__2sprintf.o(.text) for __2sprintf
    icm20602.o(i.ICM20602_EXIT_LOW_POWER_MODE) refers to strlen.o(.text) for strlen
    icm20602.o(i.ICM20602_EXIT_LOW_POWER_MODE) refers to stm32f1xx_hal_uart.o(i.HAL_UART_Transmit) for HAL_UART_Transmit
    icm20602.o(i.ICM20602_EXIT_LOW_POWER_MODE) refers to icm20602.o(.bss) for .bss
    icm20602.o(i.ICM20602_EXIT_LOW_POWER_MODE) refers to usart.o(.bss) for huart2
    icm20602.o(i.ICM20602_EXIT_LOW_POWER_MODE) refers to icm20602.o(.data) for .data
    icm20602.o(i.ICM20602_INACTIVE_MOTION_DETECTION) refers to fmul.o(x$fpl$fmul) for __aeabi_fmul
    icm20602.o(i.ICM20602_INACTIVE_MOTION_DETECTION) refers to faddsub_clz.o(x$fpl$fadd) for __aeabi_fadd
    icm20602.o(i.ICM20602_INACTIVE_MOTION_DETECTION) refers to sqrtf.o(i.sqrtf) for sqrtf
    icm20602.o(i.ICM20602_INACTIVE_MOTION_DETECTION) refers to icm20602.o(.data) for .data
    icm20602.o(i.ICM20602_Init) refers to icm20602.o(i.ICM20602_WriteReg) for ICM20602_WriteReg
    icm20602.o(i.ICM20602_Init) refers to stm32f1xx_hal.o(i.HAL_Delay) for HAL_Delay
    icm20602.o(i.ICM20602_Init) refers to icm20602.o(i.ICM20602_ReadReg) for ICM20602_ReadReg
    icm20602.o(i.ICM20602_Init) refers to icm20602.o(.data) for .data
    icm20602.o(i.ICM20602_ReadData) refers to stm32f1xx_hal_i2c.o(i.HAL_I2C_Mem_Read) for HAL_I2C_Mem_Read
    icm20602.o(i.ICM20602_ReadData) refers to fflt_clz.o(x$fpl$fflt) for __aeabi_i2f
    icm20602.o(i.ICM20602_ReadData) refers to scalbnf.o(x$fpl$scalbnf) for __ARM_scalbnf
    icm20602.o(i.ICM20602_ReadData) refers to fmul.o(x$fpl$fmul) for __aeabi_fmul
    icm20602.o(i.ICM20602_ReadData) refers to fdiv.o(x$fpl$fdiv) for __aeabi_fdiv
    icm20602.o(i.ICM20602_ReadData) refers to faddsub_clz.o(x$fpl$fadd) for __aeabi_fadd
    icm20602.o(i.ICM20602_ReadData) refers to icm20602.o(.data) for .data
    icm20602.o(i.ICM20602_ReadReg) refers to stm32f1xx_hal_i2c.o(i.HAL_I2C_Master_Transmit) for HAL_I2C_Master_Transmit
    icm20602.o(i.ICM20602_ReadReg) refers to stm32f1xx_hal_i2c.o(i.HAL_I2C_Master_Receive) for HAL_I2C_Master_Receive
[...]
    i.HardFault_Handler                      0x08001a64   Section        0  stm32f1xx_it.o(i.HardFault_Handler)
    i.I2C_IsAcknowledgeFailed                0x08001a66   Section        0  stm32f1xx_hal_i2c.o(i.I2C_IsAcknowledgeFailed)
    I2C_IsAcknowledgeFailed                  0x08001a67   Thumb Code    46  stm32f1xx_hal_i2c.o(i.I2C_IsAcknowledgeFailed)
    i.I2C_MasterRequestRead                  0x08001a94   Section        0  stm32f1xx_hal_i2c.o(i.I2C_MasterRequestRead)
    I2C_MasterRequestRead                    0x08001a95   Thumb Code   230  stm32f1xx_hal_i2c.o(i.I2C_MasterRequestRead)
    i.I2C_MasterRequestWrite                 0x08001b80   Section        0  stm32f1xx_hal_i2c.o(i.I2C_MasterRequestWrite)
    I2C_MasterRequestWrite                   0x08001b81   Thumb Code   150  stm32f1xx_hal_i2c.o(i.I2C_MasterRequestWrite)
    i.I2C_WaitOnBTFFlagUntilTimeout          0x08001c1c   Section        0  stm32f1xx_hal_i2c.o(i.I2C_WaitOnBTFFlagUntilTimeout)
    I2C_WaitOnBTFFlagUntilTimeout            0x08001c1d   Thumb Code    86  stm32f1xx_hal_i2c.o(i.I2C_WaitOnBTFFlagUntilTimeout)
    i.I2C_WaitOnFlagUntilTimeout             0x08001c74   Section        0  stm32f1xx_hal_i2c.o(i.I2C_WaitOnFlagUntilTimeout)
    I2C_WaitOnFlagUntilTimeout               0x08001c75   Thumb Code   144  stm32f1xx_hal_i2c.o(i.I2C_WaitOnFlagUntilTimeout)
    i.I2C_WaitOnMasterAddressFlagUntilTimeout 0x08001d04   Section        0  stm32f1xx_hal_i2c.o(i.I2C_WaitOnMasterAddressFlagUntilTimeout)
    I2C_WaitOnMasterAddressFlagUntilTimeout  0x08001d05   Thumb Code   188  stm32f1xx_hal_i2c.o(i.I2C_WaitOnMasterAddressFlagUntilTimeout)
    i.I2C_WaitOnRXNEFlagUntilTimeout         0x08001dc0   Section        0  stm32f1xx_hal_i2c.o(i.I2C_WaitOnRXNEFlagUntilTimeout)
    I2C_WaitOnRXNEFlagUntilTimeout           0x08001dc1   Thumb Code   112  stm32f1xx_hal_i2c.o(i.I2C_WaitOnRXNEFlagUntilTimeout)
    i.I2C_WaitOnTXEFlagUntilTimeout          0x08001e30   Section        0  stm32f1xx_hal_i2c.o(i.I2C_WaitOnTXEFlagUntilTimeout)
    I2C_WaitOnTXEFlagUntilTimeout            0x08001e31   Thumb Code    86  stm32f1xx_hal_i2c.o(i.I2C_WaitOnTXEFlagUntilTimeout)
    i.ICM20602_ENTER_LOW_POWER_MODE          0x08001e88   Section        0  icm20602.o(i.ICM20602_ENTER_LOW_POWER_MODE)
    i.ICM20602_EXIT_LOW_POWER_MODE           0x08001f50   Section        0  icm20602.o(i.ICM20602_EXIT_LOW_POWER_MODE)
    i.ICM20602_Init                          0x0800200c   Section        0  icm20602.o(i.ICM20602_Init)
    i.ICM20602_ReadReg                       0x08002084   Section        0  icm20602.o(i.ICM20602_ReadReg)
    i.ICM20602_WriteReg                      0x080020b2   Section        0  icm20602.o(i.ICM20602_WriteReg)
    i.MX_FREERTOS_Init                       0x080020cc   Section        0  freertos.o(i.MX_FREERTOS_Init)
    i.MX_GPIO_Init                           0x080020fc   Section        0  gpio.o(i.MX_GPIO_Init)
    i.MX_I2C1_Init                           0x08002168   Section        0  i2c.o(i.MX_I2C1_Init)
    i.MX_USART2_UART_Init                    0x080021a8   Section        0  usart.o(i.MX_USART2_UART_Init)
    i.MemManage_Handler                      0x080021e0   Section        0  stm32f1xx_it.o(i.MemManage_Handler)
    i.NMI_Handler                            0x080021e2   Section        0  stm32f1xx_it.o(i.NMI_Handler)
    i.PWR_OverloadWfe                        0x080021e4   Section        0  stm32f1xx_hal_pwr.o(i.PWR_OverloadWfe)
    PWR_OverloadWfe                          0x080021e5   Thumb Code     6  stm32f1xx_hal_pwr.o(i.PWR_OverloadWfe)
    __tagsym$$noinline                       0x080021e5   Number         0  stm32f1xx_hal_pwr.o(i.PWR_OverloadWfe)
    i.PostSleepProcessing                    0x080021ec   Section        0  freertos.o(i.PostSleepProcessing)
    i.PreSleepProcessing                     0x08002248   Section        0  freertos.o(i.PreSleepProcessing)
    i.StartDefaultTask                       0x080022e4   Section        0  freertos.o(i.StartDefaultTask)
    i.StartTask02                            0x080022f0   Section        0  freertos.o(i.StartTask02)
    i.SysTick_Handler                        0x08002388   Section        0  cmsis_os2.o(i.SysTick_Handler)
    i.SystemClock_Config                     0x080023a2   Section        0  main.o(i.SystemClock_Config)
    i.SystemInit                             0x08002400   Section        0  system_stm32f1xx.o(i.SystemInit)
    i.TIM4_IRQHandler                        0x08002404   Section        0  stm32f1xx_it.o(i.TIM4_IRQHandler)
    i.TIM_Base_SetConfig                     0x08002410   Section        0  stm32f1xx_hal_tim.o(i.TIM_Base_SetConfig)
    i.UART_EndRxTransfer                     0x08002488   Section        0  stm32f1xx_hal_uart.o(i.UART_EndRxTransfer)
    UART_EndRxTransfer                       0x08002489   Thumb Code    78  stm32f1xx_hal_uart.o(i.UART_EndRxTransfer)
    i.UART_SetConfig                         0x080024d8   Section        0  stm32f1xx_hal_uart.o(i.UART_SetConfig)
    UART_SetConfig                           0x080024d9   Thumb Code   178  stm32f1xx_hal_uart.o(i.UART_SetConfig)
    i.UART_WaitOnFlagUntilTimeout            0x08002590   Section        0  stm32f1xx_hal_uart.o(i.UART_WaitOnFlagUntilTimeout)
    UART_WaitOnFlagUntilTimeout              0x08002591   Thumb Code   114  stm32f1xx_hal_uart.o(i.UART_WaitOnFlagUntilTimeout)
    i.UsageFault_Handler                     0x08002602   Section        0  stm32f1xx_it.o(i.UsageFault_Handler)
    i.__NVIC_SetPriority                     0x08002604   Section        0  stm32f1xx_hal_cortex.o(i.__NVIC_SetPriority)
    __NVIC_SetPriority                       0x08002605   Thumb Code    32  stm32f1xx_hal_cortex.o(i.__NVIC_SetPriority)
    i._is_digit                              0x08002624   Section        0  __printf_wp.o(i._is_digit)
    i.eTaskConfirmSleepModeStatus            0x08002634   Section        0  tasks.o(i.eTaskConfirmSleepModeStatus)
    i.main                                   0x08002664   Section        0  main.o(i.main)
    i.osDelay                                0x080026f4   Section        0  cmsis_os2.o(i.osDelay)
    i.osKernelInitialize                     0x08002710   Section        0  cmsis_os2.o(i.osKernelInitialize)
    i.osKernelStart                          0x08002734   Section        0  cmsis_os2.o(i.osKernelStart)
    i.osThreadNew                            0x0800276c   Section        0  cmsis_os2.o(i.osThreadNew)
    i.prvAddCurrentTaskToDelayedList         0x080027f8   Section        0  tasks.o(i.prvAddCurrentTaskToDelayedList)
    prvAddCurrentTaskToDelayedList           0x080027f9   Thumb Code    84  tasks.o(i.prvAddCurrentTaskToDelayedList)
    i.prvAddNewTaskToReadyList               0x08002854   Section        0  tasks.o(i.prvAddNewTaskToReadyList)
    prvAddNewTaskToReadyList                 0x08002855   Thumb Code   190  tasks.o(i.prvAddNewTaskToReadyList)
    i.prvCheckForValidListAndQueue           0x08002924   Section        0  timers.o(i.prvCheckForValidListAndQueue)
    prvCheckForValidListAndQueue             0x08002925   Thumb Code    72  timers.o(i.prvCheckForValidListAndQueue)
    i.prvCopyDataFromQueue                   0x0800297c   Section        0  queue.o(i.prvCopyDataFromQueue)
    prvCopyDataFromQueue                     0x0800297d   Thumb Code    38  queue.o(i.prvCopyDataFromQueue)
    i.prvCopyDataToQueue                     0x080029a2   Section        0  queue.o(i.prvCopyDataToQueue)
    prvCopyDataToQueue                       0x080029a3   Thumb Code   108  queue.o(i.prvCopyDataToQueue)
    i.prvDeleteTCB                           0x08002a0e   Section        0  tasks.o(i.prvDeleteTCB)
    prvDeleteTCB                             0x08002a0f   Thumb Code    52  tasks.o(i.prvDeleteTCB)
    i.prvGetExpectedIdleTime                 0x08002a44   Section        0  tasks.o(i.prvGetExpectedIdleTime)
    prvGetExpectedIdleTime                   0x08002a45   Thumb Code    40  tasks.o(i.prvGetExpectedIdleTime)
    i.prvHeapInit                            0x08002a74   Section        0  heap_4.o(i.prvHeapInit)
    prvHeapInit                              0x08002a75   Thumb Code    66  heap_4.o(i.prvHeapInit)
    i.prvIdleTask                            0x08002ac0   Section        0  tasks.o(i.prvIdleTask)
    prvIdleTask                              0x08002ac1   Thumb Code   132  tasks.o(i.prvIdleTask)
    i.prvInitialiseNewQueue                  0x08002b54   Section        0  queue.o(i.prvInitialiseNewQueue)
    prvInitialiseNewQueue                    0x08002b55   Thumb Code    34  queue.o(i.prvInitialiseNewQueue)
    i.prvInitialiseNewTask                   0x08002b78   Section        0  tasks.o(i.prvInitialiseNewTask)
    prvInitialiseNewTask                     0x08002b79   Thumb Code   176  tasks.o(i.prvInitialiseNewTask)
    i.prvInsertBlockIntoFreeList             0x08002c28   Section        0  heap_4.o(i.prvInsertBlockIntoFreeList)
    prvInsertBlockIntoFreeList               0x08002c29   Thumb Code    72  heap_4.o(i.prvInsertBlockIntoFreeList)
    i.prvInsertTimerInActiveList             0x08002c74   Section        0  timers.o(i.prvInsertTimerInActiveList)
    prvInsertTimerInActiveList               0x08002c75   Thumb Code    52  timers.o(i.prvInsertTimerInActiveList)
    i.prvIsQueueEmpty                        0x08002cac   Section        0  queue.o(i.prvIsQueueEmpty)
    prvIsQueueEmpty                          0x08002cad   Thumb Code    28  queue.o(i.prvIsQueueEmpty)
    i.prvProcessReceivedCommands             0x08002cc8   Section        0  timers.o(i.prvProcessReceivedCommands)
    prvProcessReceivedCommands               0x08002cc9   Thumb Code   248  timers.o(i.prvProcessReceivedCommands)
    i.prvProcessTimerOrBlockTask             0x08002dc4   Section        0  timers.o(i.prvProcessTimerOrBlockTask)
    prvProcessTimerOrBlockTask               0x08002dc5   Thumb Code   182  timers.o(i.prvProcessTimerOrBlockTask)
    i.prvResetNextTaskUnblockTime            0x08002e84   Section        0  tasks.o(i.prvResetNextTaskUnblockTime)
    prvResetNextTaskUnblockTime              0x08002e85   Thumb Code    26  tasks.o(i.prvResetNextTaskUnblockTime)
    i.prvSampleTimeNow                       0x08002ea4   Section        0  timers.o(i.prvSampleTimeNow)
    prvSampleTimeNow                         0x08002ea5   Thumb Code    36  timers.o(i.prvSampleTimeNow)
    i.prvSwitchTimerLists                    0x08002ecc   Section        0  timers.o(i.prvSwitchTimerLists)
    prvSwitchTimerLists                      0x08002ecd   Thumb Code   104  timers.o(i.prvSwitchTimerLists)
    i.prvTaskExitError                       0x08002f38   Section        0  port.o(i.prvTaskExitError)
    prvTaskExitError                         0x08002f39   Thumb Code    36  port.o(i.prvTaskExitError)
    i.prvTimerTask                           0x08002f60   Section        0  timers.o(i.prvTimerTask)
    prvTimerTask                             0x08002f61   Thumb Code    32  timers.o(i.prvTimerTask)
    i.prvUnlockQueue                         0x08002f84   Section        0  queue.o(i.prvUnlockQueue)
    prvUnlockQueue                           0x08002f85   Thumb Code   106  queue.o(i.prvUnlockQueue)
    i.pvPortMalloc                           0x08002ff0   Section        0  heap_4.o(i.pvPortMalloc)
    i.pxPortInitialiseStack                  0x080030cc   Section        0  port.o(i.pxPortInitialiseStack)
    i.uxListRemove                           0x080030f0   Section        0  list.o(i.uxListRemove)
    i.vApplicationGetIdleTaskMemory          0x08003118   Section        0  cmsis_os2.o(i.vApplicationGetIdleTaskMemory)
    i.vApplicationGetTimerTaskMemory         0x0800312c   Section        0  cmsis_os2.o(i.vApplicationGetTimerTaskMemory)
    i.vApplicationIdleHook                   0x08003144   Section        0  freertos.o(i.vApplicationIdleHook)
    i.vApplicationTickHook                   0x08003146   Section        0  freertos.o(i.vApplicationTickHook)
    i.vListInitialise                        0x08003148   Section        0  list.o(i.vListInitialise)
    i.vListInitialiseItem                    0x0800315e   Section        0  list.o(i.vListInitialiseItem)
    i.vListInsert                            0x08003164   Section        0  list.o(i.vListInsert)
    i.vListInsertEnd                         0x08003194   Section        0  list.o(i.vListInsertEnd)
    i.vPortEnterCritical                     0x080031ac   Section        0  port.o(i.vPortEnterCritical)
    i.vPortExitCritical                      0x080031ec   Section        0  port.o(i.vPortExitCritical)
    i.vPortFree                              0x08003214   Section        0  heap_4.o(i.vPortFree)
    i.vPortSetupTimerInterrupt               0x08003278   Section        0  port.o(i.vPortSetupTimerInterrupt)
    i.vPortSuppressTicksAndSleep             0x080032c0   Section        0  port.o(i.vPortSuppressTicksAndSleep)
    i.vPortValidateInterruptPriority         0x080033ac   Section        0  port.o(i.vPortValidateInterruptPriority)
    i.vQueueAddToRegistry                    0x08003400   Section        0  queue.o(i.vQueueAddToRegistry)
    i.vQueueWaitForMessageRestricted         0x08003428   Section        0  queue.o(i.vQueueWaitForMessageRestricted)
    i.vTaskDelay                             0x0800346c   Section        0  tasks.o(i.vTaskDelay)
    i.vTaskInternalSetTimeOutState           0x080034b8   Section        0  tasks.o(i.vTaskInternalSetTimeOutState)
    i.vTaskMissedYield                       0x080034c8   Section        0  tasks.o(i.vTaskMissedYield)
    i.vTaskPlaceOnEventList                  0x080034d4   Section        0  tasks.o(i.vTaskPlaceOnEventList)
    i.vTaskPlaceOnEventListRestricted        0x08003504   Section        0  tasks.o(i.vTaskPlaceOnEventListRestricted)
    i.vTaskStartScheduler                    0x0800353c   Section        0  tasks.o(i.vTaskStartScheduler)
    i.vTaskStepTick                          0x080035c4   Section        0  tasks.o(i.vTaskStepTick)
    i.vTaskSuspendAll                        0x080035ec   Section        0  tasks.o(i.vTaskSuspendAll)
    i.vTaskSwitchContext                     0x080035fc   Section        0  tasks.o(i.vTaskSwitchContext)
    i.xPortStartScheduler                    0x08003660   Section        0  port.o(i.xPortStartScheduler)
    i.xPortSysTickHandler                    0x08003708   Section        0  port.o(i.xPortSysTickHandler)
    i.xQueueGenericCreateStatic              0x08003734   Section        0  queue.o(i.xQueueGenericCreateStatic)
    i.xQueueGenericReset                     0x0800379c   Section        0  queue.o(i.xQueueGenericReset)
    i.xQueueGenericSend                      0x08003824   Section        0  queue.o(i.xQueueGenericSend)
    i.xQueueGenericSendFromISR               0x08003984   Section        0  queue.o(i.xQueueGenericSendFromISR)
    i.xQueueReceive                          0x08003a44   Section        0  queue.o(i.xQueueReceive)
    i.xTaskCheckForTimeOut                   0x08003b7c   Section        0  tasks.o(i.xTaskCheckForTimeOut)
    i.xTaskCreate                            0x08003bf0   Section        0  tasks.o(i.xTaskCreate)
    i.xTaskCreateStatic                      0x08003c4a   Section        0  tasks.o(i.xTaskCreateStatic)
    i.xTaskGetSchedulerState                 0x08003ca0   Section        0  tasks.o(i.xTaskGetSchedulerState)
    i.xTaskGetTickCount                      0x08003cbc   Section        0  tasks.o(i.xTaskGetTickCount)
    i.xTaskIncrementTick                     0x08003cc8   Section        0  tasks.o(i.xTaskIncrementTick)
    i.xTaskPriorityDisinherit                0x08003da0   Section        0  tasks.o(i.xTaskPriorityDisinherit)
    i.xTaskRemoveFromEventList               0x08003e20   Section        0  tasks.o(i.xTaskRemoveFromEventList)
    i.xTaskResumeAll                         0x08003e98   Section        0  tasks.o(i.xTaskResumeAll)
    i.xTimerCreateTimerTask                  0x08003f5c   Section        0  timers.o(i.xTimerCreateTimerTask)
    i.xTimerGenericCommand                   0x08003fbc   Section        0  timers.o(i.xTimerGenericCommand)
    .constdata                               0x08004024   Section       72  freertos.o(.constdata)
    .constdata                               0x0800406c   Section       18  stm32f1xx_hal_rcc.o(.constdata)
    aPredivFactorTable                       0x0800406c   Data           2  stm32f1xx_hal_rcc.o(.constdata)
    aPLLMULFactorTable                       0x0800406e   Data          16  stm32f1xx_hal_rcc.o(.constdata)
    .constdata                               0x0800407e   Section       16  system_stm32f1xx.o(.constdata)
    .constdata                               0x0800408e   Section        8  system_stm32f1xx.o(.constdata)
    .constdata                               0x08004096   Section       40  _printf_hex_int.o(.constdata)
    uc_hextab                                0x08004096   Data          20  _printf_hex_int.o(.constdata)
    lc_hextab                                0x080040aa   Data          20  _printf_hex_int.o(.constdata)
    .constdata                               0x080040be   Section       17  __printf_flags_ss_wp.o(.constdata)
    maptable                                 0x080040be   Data          17  __printf_flags_ss_wp.o(.constdata)
    .conststring                             0x080040d0   Section       28  freertos.o(.conststring)
    .data                                    0x20000000   Section       12  icm20602.o(.data)
    .data                                    0x2000000c   Section        8  freertos.o(.data)
    .data                                    0x20000014   Section       12  stm32f1xx_hal.o(.data)
    .data                                    0x20000020   Section        4  system_stm32f1xx.o(.data)
    .data                                    0x20000024   Section       60  tasks.o(.data)
    uxDeletedTasksWaitingCleanUp             0x20000028   Data           4  tasks.o(.data)
    uxCurrentNumberOfTasks                   0x2000002c   Data           4  tasks.o(.data)
    xTickCount                               0x20000030   Data           4  tasks.o(.data)
    uxTopReadyPriority                       0x20000034   Data           4  tasks.o(.data)
    xSchedulerRunning                        0x20000038   Data           4  tasks.o(.data)
    xPendedTicks                             0x2000003c   Data           4  tasks.o(.data)
    xYieldPending                            0x20000040   Data           4  tasks.o(.data)
    xNumOfOverflows                          0x20000044   Data           4  tasks.o(.data)
    uxTaskNumber                             0x20000048   Data           4  tasks.o(.data)
    xNextTaskUnblockTime                     0x2000004c   Data           4  tasks.o(.data)
    xIdleTaskHandle                          0x20000050   Data           4  tasks.o(.data)
    uxSchedulerSuspended                     0x20000054   Data           4  tasks.o(.data)
    pxDelayedTaskList                        0x20000058   Data           4  tasks.o(.data)
    pxOverflowDelayedTaskList                0x2000005c   Data           4  tasks.o(.data)
    .data                                    0x20000060   Section       20  timers.o(.data)
    xTimerQueue                              0x20000060   Data           4  timers.o(.data)
    xTimerTaskHandle                         0x20000064   Data           4  timers.o(.data)
    xLastTime                                0x20000068   Data           4  timers.o(.data)
    pxCurrentTimerList                       0x2000006c   Data           4  timers.o(.data)
    pxOverflowTimerList                      0x20000070   Data           4  timers.o(.data)
    .data                                    0x20000074   Section        4  cmsis_os2.o(.data)
    KernelState                              0x20000074   Data           4  cmsis_os2.o(.data)
    .data                                    0x20000078   Section       32  heap_4.o(.data)
    pxEnd                                    0x20000078   Data           4  heap_4.o(.data)
    xFreeBytesRemaining                      0x2000007c   Data           4  heap_4.o(.data)
    xMinimumEverFreeBytesRemaining           0x20000080   Data           4  heap_4.o(.data)
    xNumberOfSuccessfulAllocations           0x20000084   Data           4  heap_4.o(.data)
    xNumberOfSuccessfulFrees                 0x20000088   Data           4  heap_4.o(.data)
    xBlockAllocatedBit                       0x2000008c   Data           4  heap_4.o(.data)
    xStart                                   0x20000090   Data           8  heap_4.o(.data)
    .data                                    0x20000098   Section       24  port.o(.data)
    ucMaxSysCallPriority                     0x20000098   Data           1  port.o(.data)
    uxCriticalNesting                        0x2000009c   Data           4  port.o(.data)
    ulTimerCountsForOneTick                  0x200000a0   Data           4  port.o(.data)
    xMaximumPossibleSuppressedTicks          0x200000a4   Data           4  port.o(.data)
    ulStoppedTimerCompensation               0x200000a8   Data           4  port.o(.data)
    ulMaxPRIGROUPValue                       0x200000ac   Data           4  port.o(.data)
    .bss                                     0x200000b0   Section      300  icm20602.o(.bss)
    .bss                                     0x200001dc   Section       84  i2c.o(.bss)
    .bss                                     0x20000230   Section       72  usart.o(.bss)
    .bss                                     0x20000278   Section       72  stm32f1xx_hal_timebase_tim.o(.bss)
    .bss                                     0x200002c0   Section       64  queue.o(.bss)
    .bss                                     0x20000300   Section     1220  tasks.o(.bss)
    pxReadyTasksLists                        0x20000300   Data        1120  tasks.o(.bss)
    xDelayedTaskList1                        0x20000760   Data          20  tasks.o(.bss)
    xDelayedTaskList2                        0x20000774   Data          20  tasks.o(.bss)
    xPendingReadyList                        0x20000788   Data          20  tasks.o(.bss)
    xTasksWaitingTermination                 0x2000079c   Data          20  tasks.o(.bss)
    xSuspendedTaskList                       0x200007b0   Data          20  tasks.o(.bss)
    .bss                                     0x200007c4   Section      280  timers.o(.bss)
    xStaticTimerQueue                        0x200007c4   Data          80  timers.o(.bss)
    ucStaticTimerQueueStorage                0x20000814   Data         160  timers.o(.bss)
    xActiveTimerList1                        0x200008b4   Data          20  timers.o(.bss)
    xActiveTimerList2                        0x200008c8   Data          20  timers.o(.bss)
    .bss                                     0x200008dc   Section     1720  cmsis_os2.o(.bss)
    Idle_TCB                                 0x200008dc   Data          92  cmsis_os2.o(.bss)
    Idle_Stack                               0x20000938   Data         512  cmsis_os2.o(.bss)
    Timer_TCB                                0x20000b38   Data          92  cmsis_os2.o(.bss)
    Timer_Stack                              0x20000b94   Data        1024  cmsis_os2.o(.bss)
    .bss                                     0x20000f94   Section     3072  heap_4.o(.bss)
    ucHeap                                   0x20000f94   Data        3072  heap_4.o(.bss)
    .bss                                     0x20001b94   Section       96  libspace.o(.bss)
    HEAP                                     0x20001bf8   Section      512  startup_stm32f103xb.o(HEAP)
    Heap_Mem                                 0x20001bf8   Data         512  startup_stm32f103xb.o(HEAP)
    STACK                                    0x20001df8   Section     1024  startup_stm32f103xb.o(STACK)
    Stack_Mem                                0x20001df8   Data        1024  startup_stm32f103xb.o(STACK)
    __initial_sp                             0x200021f8   Data           0  startup_stm32f103xb.o(STACK)

    Global Symbols

    Symbol Name                              Value     Ov Type        Size  Object(Section)

    BuildAttributes$$THM_ISAv4$P$D$K$B$S$PE$A:L22UL41UL21$X:L11$S22US41US21$IEEE1$IW$USESV6$~STKCKD$USESV7$~SHL$OTIME$ROPI$IEEEJ$EBA8$UX$STANDARDLIB$REQ8$PRES8$EABIv2 0x00000000   Number         0  anon$$obj.o ABSOLUTE
    __ARM_use_no_argv                        0x00000000   Number         0  main.o ABSOLUTE
    _printf_flags                            0x00000000   Number         0  printf_stubs.o ABSOLUTE
    _printf_return_value                     0x00000000   Number         0  printf_stubs.o ABSOLUTE
    _printf_sizespec                         0x00000000   Number         0  printf_stubs.o ABSOLUTE
    _printf_widthprec                        0x00000000   Number         0  printf_stubs.o ABSOLUTE
    __ARM_exceptions_init                     - Undefined Weak Reference
    __alloca_initialize                       - Undefined Weak Reference
    __arm_fini_                               - Undefined Weak Reference
    __arm_preinit_                            - Undefined Weak Reference
    __cpp_initialize__aeabi_                  - Undefined Weak Reference
    __cxa_finalize                            - Undefined Weak Reference
    __sigvec_lookup                           - Undefined Weak Reference
    _atexit_init                              - Undefined Weak Reference
    _call_atexit_fns                          - Undefined Weak Reference
    _clock_init                               - Undefined Weak Reference
    _fp_trap_init                             - Undefined Weak Reference
    _fp_trap_shutdown                         - Undefined Weak Reference
    _get_lc_collate                           - Undefined Weak Reference
    _get_lc_ctype                             - Undefined Weak Reference
    _get_lc_monetary                          - Undefined Weak Reference
    _get_lc_time                              - Undefined Weak Reference
    _getenv_init                              - Undefined Weak Reference
    _handle_redirection                       - Undefined Weak Reference
    _init_alloc                               - Undefined Weak Reference
    _init_user_alloc                          - Undefined Weak Reference
    _initio                                   - Undefined Weak Reference
    _printf_mbtowc                            - Undefined Weak Reference
    _printf_truncate_signed                   - Undefined Weak Reference
    _printf_truncate_unsigned                 - Undefined Weak Reference
    _rand_init                                - Undefined Weak Reference
    _signal_finish                            - Undefined Weak Reference
    _signal_init                              - Undefined Weak Reference
    _terminate_alloc                          - Undefined Weak Reference
    _terminate_user_alloc                     - Undefined Weak Reference
    _terminateio                              - Undefined Weak Reference
    __Vectors_Size                           0x000000ec   Number         0  startup_stm32f103xb.o ABSOLUTE
    __Vectors                                0x08000000   Data           4  startup_stm32f103xb.o(RESET)
    __Vectors_End                            0x080000ec   Data           0  startup_stm32f103xb.o(RESET)
    __main                                   0x080000ed   Thumb Code     8  __main.o(!!!main)
    __scatterload                            0x080000f5   Thumb Code     0  __scatter.o(!!!scatter)
    __scatterload_rt2                        0x080000f5   Thumb Code    44  __scatter.o(!!!scatter)
    __scatterload_rt2_thumb_only             0x080000f5   Thumb Code     0  __scatter.o(!!!scatter)
    __scatterload_null                       0x08000103   Thumb Code     0  __scatter.o(!!!scatter)
    __scatterload_copy                       0x08000129   Thumb Code    26  __scatter_copy.o(!!handler_copy)
    __scatterload_zeroinit                   0x08000145   Thumb Code    28  __scatter_zi.o(!!handler_zi)
    _printf_percent                          0x08000161   Thumb Code     0  _printf_percent.o(.ARM.Collect$$_printf_percent$$00000000)
    _printf_x                                0x08000161   Thumb Code     0  _printf_x.o(.ARM.Collect$$_printf_percent$$0000000C)
    _printf_percent_end                      0x08000167   Thumb Code     0  _printf_percent_end.o(.ARM.Collect$$_printf_percent$$00000017)
    __rt_lib_init                            0x0800016b   Thumb Code     0  libinit.o(.ARM.Collect$$libinit$$00000000)
    __rt_lib_init_alloca_1                   0x0800016d   Thumb Code     0  libinit2.o(.ARM.Collect$$libinit$$0000002E)
    __rt_lib_init_argv_1                     0x0800016d   Thumb Code     0  libinit2.o(.ARM.Collect$$libinit$$0000002C)
    __rt_lib_init_atexit_1                   0x0800016d   Thumb Code     0  libinit2.o(.ARM.Collect$$libinit$$0000001B)
    __rt_lib_init_clock_1                    0x0800016d   Thumb Code     0  libinit2.o(.ARM.Collect$$libinit$$00000021)
    __rt_lib_init_cpp_1                      0x0800016d   Thumb Code     0  libinit2.o(.ARM.Collect$$libinit$$00000032)
    __rt_lib_init_exceptions_1               0x0800016d   Thumb Code     0  libinit2.o(.ARM.Collect$$libinit$$00000030)
    __rt_lib_init_fp_1                       0x0800016d   Thumb Code     0  libinit2.o(.ARM.Collect$$libinit$$00000002)
    __rt_lib_init_fp_trap_1                  0x0800016d   Thumb Code     0  libinit2.o(.ARM.Collect$$libinit$$0000001F)
    __rt_lib_init_getenv_1                   0x0800016d   Thumb Code     0  libinit2.o(.ARM.Collect$$libinit$$00000023)
    __rt_lib_init_heap_1                     0x0800016d   Thumb Code     0  libinit2.o(.ARM.Collect$$libinit$$0000000A)
    __rt_lib_init_lc_collate_1               0x0800016d   Thumb Code     0  libinit2.o(.ARM.Collect$$libinit$$00000011)
    __rt_lib_init_lc_ctype_1                 0x0800016d   Thumb Code     0  libinit2.o(.ARM.Collect$$libinit$$00000013)
    __rt_lib_init_lc_monetary_1              0x0800016d   Thumb Code     0  libinit2.o(.ARM.Collect$$libinit$$00000015)
    __rt_lib_init_lc_numeric_1               0x0800016d   Thumb Code     0  libinit2.o(.ARM.Collect$$libinit$$00000017)
    __rt_lib_init_lc_time_1                  0x0800016d   Thumb Code     0  libinit2.o(.ARM.Collect$$libinit$$00000019)
    __rt_lib_init_preinit_1                  0x0800016d   Thumb Code     0  libinit2.o(.ARM.Collect$$libinit$$00000004)
    __rt_lib_init_rand_1                     0x0800016d   Thumb Code     0  libinit2.o(.ARM.Collect$$libinit$$0000000E)
    __rt_lib_init_return                     0x0800016d   Thumb Code     0  libinit2.o(.ARM.Collect$$libinit$$00000033)
    __rt_lib_init_signal_1                   0x0800016d   Thumb Code     0  libinit2.o(.ARM.Collect$$libinit$$0000001D)
    __rt_lib_init_stdio_1                    0x0800016d   Thumb Code     0  libinit2.o(.ARM.Collect$$libinit$$00000025)
    __rt_lib_init_user_alloc_1               0x0800016d   Thumb Code     0  libinit2.o(.ARM.Collect$$libinit$$0000000C)
    __rt_lib_shutdown                        0x0800016f   Thumb Code     0  libshutdown.o(.ARM.Collect$$libshutdown$$00000000)
    __rt_lib_shutdown_cpp_1                  0x08000171   Thumb Code     0  libshutdown2.o(.ARM.Collect$$libshutdown$$00000004)
    __rt_lib_shutdown_fini_1                 0x08000171   Thumb Code     0  libshutdown2.o(.ARM.Collect$$libshutdown$$00000002)
    __rt_lib_shutdown_fp_trap_1              0x08000171   Thumb Code     0  libshutdown2.o(.ARM.Collect$$libshutdown$$00000009)
    __rt_lib_shutdown_heap_1                 0x08000171   Thumb Code     0  libshutdown2.o(.ARM.Collect$$libshutdown$$00000011)
    __rt_lib_shutdown_return                 0x08000171   Thumb Code     0  libshutdown2.o(.ARM.Collect$$libshutdown$$00000012)
    __rt_lib_shutdown_signal_1               0x08000171   Thumb Code     0  libshutdown2.o(.ARM.Collect$$libshutdown$$0000000C)
    __rt_lib_shutdown_stdio_1                0x08000171   Thumb Code     0  libshutdown2.o(.ARM.Collect$$libshutdown$$00000006)
    __rt_lib_shutdown_user_alloc_1           0x08000171   Thumb Code     0  libshutdown2.o(.ARM.Collect$$libshutdown$$0000000E)
    __rt_entry                               0x08000173   Thumb Code     0  __rtentry.o(.ARM.Collect$$rtentry$$00000000)
    __rt_entry_presh_1                       0x08000173   Thumb Code     0  __rtentry2.o(.ARM.Collect$$rtentry$$00000002)
    __rt_entry_sh                            0x08000173   Thumb Code     0  __rtentry4.o(.ARM.Collect$$rtentry$$00000004)
    __rt_entry_li                            0x08000179   Thumb Code     0  __rtentry2.o(.ARM.Collect$$rtentry$$0000000A)
    __rt_entry_postsh_1                      0x08000179   Thumb Code     0  __rtentry2.o(.ARM.Collect$$rtentry$$00000009)
    __rt_entry_main                          0x0800017d   Thumb Code     0  __rtentry2.o(.ARM.Collect$$rtentry$$0000000D)
    __rt_entry_postli_1                      0x0800017d   Thumb Code     0  __rtentry2.o(.ARM.Collect$$rtentry$$0000000C)
    __rt_exit                                0x08000185   Thumb Code     0  rtexit.o(.ARM.Collect$$rtexit$$00000000)
    __rt_exit_ls                             0x08000187   Thumb Code     0  rtexit2.o(.ARM.Collect$$rtexit$$00000003)
    __rt_exit_prels_1                        0x08000187   Thumb Code     0  rtexit2.o(.ARM.Collect$$rtexit$$00000002)
    __rt_exit_exit                           0x0800018b   Thumb Code     0  rtexit2.o(.ARM.Collect$$rtexit$$00000004)
    SVC_Handler                              0x08000191   Thumb Code    32  port.o(.emb_text)
    __asm___6_port_c_39a90d8d__prvStartFirstTask 0x080001b5   Thumb Code    28  port.o(.emb_text)
    PendSV_Handler                           0x080001d5   Thumb Code    72  port.o(.emb_text)
    vPortGetIPSR                             0x08000221   Thumb Code     6  port.o(.emb_text)
    Reset_Handler                            0x08000229   Thumb Code     8  startup_stm32f103xb.o(.text)
    ADC1_2_IRQHandler                        0x08000243   Thumb Code     0  startup_stm32f103xb.o(.text)
    CAN1_RX1_IRQHandler                      0x08000243   Thumb Code     0  startup_stm32f103xb.o(.text)
    CAN1_SCE_IRQHandler                      0x08000243   Thumb Code     0  startup_stm32f103xb.o(.text)
    DMA1_Channel1_IRQHandler                 0x08000243   Thumb Code     0  startup_stm32f103xb.o(.text)
    DMA1_Channel2_IRQHandler                 0x08000243   Thumb Code     0  startup_stm32f103xb.o(.text)
    DMA1_Channel3_IRQHandler                 0x08000243   Thumb Code     0  startup_stm32f103xb.o(.text)
    DMA1_Channel4_IRQHandler                 0x08000243   Thumb Code     0  startup_stm32f103xb.o(.text)
    DMA1_Channel5_IRQHandler                 0x08000243   Thumb Code     0  startup_stm32f103xb.o(.text)
    DMA1_Channel6_IRQHandler                 0x08000243   Thumb Code     0  startup_stm32f103xb.o(.text)
    DMA1_Channel7_IRQHandler                 0x08000243   Thumb Code     0  startup_stm32f103xb.o(.text)
    EXTI0_IRQHandler                         0x08000243   Thumb Code     0  startup_stm32f103xb.o(.text)
    EXTI15_10_IRQHandler                     0x08000243   Thumb Code     0  startup_stm32f103xb.o(.text)
    EXTI2_IRQHandler                         0x08000243   Thumb Code     0  startup_stm32f103xb.o(.text)
    EXTI3_IRQHandler                         0x08000243   Thumb Code     0  startup_stm32f103xb.o(.text)
    EXTI4_IRQHandler                         0x08000243   Thumb Code     0  startup_stm32f103xb.o(.text)
    EXTI9_5_IRQHandler                       0x08000243   Thumb Code     0  startup_stm32f103xb.o(.text)
    FLASH_IRQHandler                         0x08000243   Thumb Code     0  startup_stm32f103xb.o(.text)
    I2C1_ER_IRQHandler                       0x08000243   Thumb Code     0  startup_stm32f103xb.o(.text)
    I2C1_EV_IRQHandler                       0x08000243   Thumb Code     0  startup_stm32f103xb.o(.text)
    I2C2_ER_IRQHandler                       0x08000243   Thumb Code     0  startup_stm32f103xb.o(.text)
    I2C2_EV_IRQHandler                       0x08000243   Thumb Code     0  startup_stm32f103xb.o(.text)
    PVD_IRQHandler                           0x08000243   Thumb Code     0  startup_stm32f103xb.o(.text)
    RCC_IRQHandler                           0x08000243   Thumb Code     0  startup_stm32f103xb.o(.text)
    RTC_Alarm_IRQHandler                     0x08000243   Thumb Code     0  startup_stm32f103xb.o(.text)
    RTC_IRQHandler                           0x08000243   Thumb Code     0  startup_stm32f103xb.o(.text)
    SPI1_IRQHandler                          0x08000243   Thumb Code     0  startup_stm32f103xb.o(.text)
    SPI2_IRQHandler                          0x08000243   Thumb Code     0  startup_stm32f103xb.o(.text)
    TAMPER_IRQHandler                        0x08000243   Thumb Code     0  startup_stm32f103xb.o(.text)
    TIM1_BRK_IRQHandler                      0x08000243   Thumb Code     0  startup_stm32f103xb.o(.text)
    TIM1_CC_IRQHandler                       0x08000243   Thumb Code     0  startup_stm32f103xb.o(.text)
    TIM1_TRG_COM_IRQHandler                  0x08000243   Thumb Code     0  startup_stm32f103xb.o(.text)
    TIM1_UP_IRQHandler                       0x08000243   Thumb Code     0  startup_stm32f103xb.o(.text)
    TIM2_IRQHandler                          0x08000243   Thumb Code     0  startup_stm32f103xb.o(.text)
    TIM3_IRQHandler                          0x08000243   Thumb Code     0  startup_stm32f103xb.o(.text)
    USART1_IRQHandler                        0x08000243   Thumb Code     0  startup_stm32f103xb.o(.text)
    USART2_IRQHandler                        0x08000243   Thumb Code     0  startup_stm32f103xb.o(.text)
    USART3_IRQHandler                        0x08000243   Thumb Code     0  startup_stm32f103xb.o(.text)
    USBWakeUp_IRQHandler                     0x08000243   Thumb Code     0  startup_stm32f103xb.o(.text)
    USB_HP_CAN1_TX_IRQHandler                0x08000243   Thumb Code     0  startup_stm32f103xb.o(.text)
    USB_LP_CAN1_RX0_IRQHandler               0x08000243   Thumb Code     0  startup_stm32f103xb.o(.text)
    WWDG_IRQHandler                          0x08000243   Thumb Code     0  startup_stm32f103xb.o(.text)
    __user_initial_stackheap                 0x08000245   Thumb Code     0  startup_stm32f103xb.o(.text)
    __2sprintf                               0x08000269   Thumb Code    34  noretval__2sprintf.o(.text)
    _printf_pre_padding                      0x08000291   Thumb Code    44  _printf_pad.o(.text)
    _printf_post_padding                     0x080002bd   Thumb Code    34  _printf_pad.o(.text)
    _printf_int_hex                          0x080002e1   Thumb Code    84  _printf_hex_int.o(.text)
    _printf_longlong_hex                     0x080002e1   Thumb Code     0  _printf_hex_int.o(.text)
    __printf                                 0x08000339   Thumb Code   388  __printf_flags_ss_wp.o(.text)
    strlen                                   0x080004c1   Thumb Code    62  strlen.o(.text)
    __aeabi_memcpy                           0x080004ff   Thumb Code     0  rt_memcpy_v6.o(.text)
    __rt_memcpy                              0x080004ff   Thumb Code   138  rt_memcpy_v6.o(.text)
    _memcpy_lastbytes                        0x08000565   Thumb Code     0  rt_memcpy_v6.o(.text)
    __aeabi_memcpy4                          0x08000589   Thumb Code     0  rt_memcpy_w.o(.text)
    __aeabi_memcpy8                          0x08000589   Thumb Code     0  rt_memcpy_w.o(.text)
    __rt_memcpy_w                            0x08000589   Thumb Code   100  rt_memcpy_w.o(.text)
    _memcpy_lastbytes_aligned                0x080005d1   Thumb Code     0  rt_memcpy_w.o(.text)
    __aeabi_memset                           0x080005ed   Thumb Code    16  aeabi_memset.o(.text)
    __aeabi_memclr4                          0x080005fd   Thumb Code     0  rt_memclr_w.o(.text)
    __aeabi_memclr8                          0x080005fd   Thumb Code     0  rt_memclr_w.o(.text)
    __rt_memclr_w                            0x080005fd   Thumb Code    78  rt_memclr_w.o(.text)
    _memset_w                                0x08000601   Thumb Code     0  rt_memclr_w.o(.text)
    __use_two_region_memory                  0x0800064b   Thumb Code     2  heapauxi.o(.text)
    __rt_heap_escrow$2region                 0x0800064d   Thumb Code     2  heapauxi.o(.text)
    __rt_heap_expand$2region                 0x0800064f   Thumb Code     2  heapauxi.o(.text)
    _printf_int_common                       0x08000651   Thumb Code   178  _printf_intcommon.o(.text)
    _printf_char_common                      0x0800070f   Thumb Code    32  _printf_char_common.o(.text)
    _sputc                                   0x08000735   Thumb Code    10  _sputc.o(.text)
    __aeabi_memclr                           0x0800073f   Thumb Code     0  rt_memclr.o(.text)
    __rt_memclr                              0x0800073f   Thumb Code    68  rt_memclr.o(.text)
    _memset                                  0x08000743   Thumb Code     0  rt_memclr.o(.text)
    __user_libspace                          0x08000785   Thumb Code     8  libspace.o(.text)
    __user_perproc_libspace                  0x08000785   Thumb Code     0  libspace.o(.text)
    __user_perthread_libspace                0x08000785   Thumb Code     0  libspace.o(.text)
    __user_setup_stackheap                   0x0800078d   Thumb Code    74  sys_stackheap_outer.o(.text)
    exit                                     0x080007d7   Thumb Code    18  exit.o(.text)
    _sys_exit                                0x080007e9   Thumb Code     8  sys_exit.o(.text)
    __I$use$semihosting                      0x080007f5   Thumb Code     0  use_no_semi.o(.text)
    __use_no_semihosting_swi                 0x080007f5   Thumb Code     2  use_no_semi.o(.text)
    BusFault_Handler                         0x080007f7   Thumb Code     2  stm32f1xx_it.o(i.BusFault_Handler)
    __semihosting_library_function           0x080007f7   Thumb Code     0  indicate_semi.o(.text)
    DebugMon_Handler                         0x080007f9   Thumb Code     2  stm32f1xx_it.o(i.DebugMon_Handler)
    EXTI1_IRQHandler                         0x080007fb   Thumb Code     6  stm32f1xx_it.o(i.EXTI1_IRQHandler)
    Error_Handler                            0x08000801   Thumb Code     4  main.o(i.Error_Handler)
    HAL_Delay                                0x08000805   Thumb Code    32  stm32f1xx_hal.o(i.HAL_Delay)
    HAL_GPIO_EXTI_Callback                   0x08000829   Thumb Code    40  main.o(i.HAL_GPIO_EXTI_Callback)
    HAL_GPIO_EXTI_IRQHandler                 0x0800086d   Thumb Code    18  stm32f1xx_hal_gpio.o(i.HAL_GPIO_EXTI_IRQHandler)
    HAL_GPIO_Init                            0x08000885   Thumb Code   446  stm32f1xx_hal_gpio.o(i.HAL_GPIO_Init)
    HAL_GetTick                              0x08000a65   Thumb Code     6  stm32f1xx_hal.o(i.HAL_GetTick)
    HAL_I2C_Init                             0x08000a71   Thumb Code   376  stm32f1xx_hal_i2c.o(i.HAL_I2C_Init)
    HAL_I2C_Master_Receive                   0x08000bf9   Thumb Code   576  stm32f1xx_hal_i2c.o(i.HAL_I2C_Master_Receive)
    HAL_I2C_Master_Transmit                  0x08000e49   Thumb Code   290  stm32f1xx_hal_i2c.o(i.HAL_I2C_Master_Transmit)
    HAL_I2C_MspInit                          0x08000f75   Thumb Code    80  i2c.o(i.HAL_I2C_MspInit)
    HAL_IncTick                              0x08000fd1   Thumb Code    12  stm32f1xx_hal.o(i.HAL_IncTick)
    HAL_Init                                 0x08000fe1   Thumb Code    32  stm32f1xx_hal.o(i.HAL_Init)
    HAL_InitTick                             0x08001005   Thumb Code   132  stm32f1xx_hal_timebase_tim.o(i.HAL_InitTick)
    HAL_MspInit                              0x0800109d   Thumb Code    62  stm32f1xx_hal_msp.o(i.HAL_MspInit)
    HAL_NVIC_EnableIRQ                       0x080010e5   Thumb Code    26  stm32f1xx_hal_cortex.o(i.HAL_NVIC_EnableIRQ)
    HAL_NVIC_SetPriority                     0x08001101   Thumb Code    60  stm32f1xx_hal_cortex.o(i.HAL_NVIC_SetPriority)
    HAL_NVIC_SetPriorityGrouping             0x08001141   Thumb Code    26  stm32f1xx_hal_cortex.o(i.HAL_NVIC_SetPriorityGrouping)
    HAL_PWR_EnterSTOPMode                    0x08001165   Thumb Code    60  stm32f1xx_hal_pwr.o(i.HAL_PWR_EnterSTOPMode)
    HAL_RCC_ClockConfig                      0x080011a9   Thumb Code   280  stm32f1xx_hal_rcc.o(i.HAL_RCC_ClockConfig)
    HAL_RCC_GetClockConfig                   0x080012d5   Thumb Code    54  stm32f1xx_hal_rcc.o(i.HAL_RCC_GetClockConfig)
    HAL_RCC_GetPCLK1Freq                     0x08001315   Thumb Code    20  stm32f1xx_hal_rcc.o(i.HAL_RCC_GetPCLK1Freq)
    HAL_RCC_GetPCLK2Freq                     0x08001335   Thumb Code    20  stm32f1xx_hal_rcc.o(i.HAL_RCC_GetPCLK2Freq)
    HAL_RCC_GetSysClockFreq                  0x08001355   Thumb Code    58  stm32f1xx_hal_rcc.o(i.HAL_RCC_GetSysClockFreq)
    HAL_RCC_OscConfig                        0x080013a1   Thumb Code   778  stm32f1xx_hal_rcc.o(i.HAL_RCC_OscConfig)
    HAL_ResumeTick                           0x080016c1   Thumb Code    14  stm32f1xx_hal_timebase_tim.o(i.HAL_ResumeTick)
    HAL_SuspendTick                          0x080016d5   Thumb Code    14  stm32f1xx_hal_timebase_tim.o(i.HAL_SuspendTick)
    HAL_TIMEx_BreakCallback                  0x080016e9   Thumb Code     2  stm32f1xx_hal_tim_ex.o(i.HAL_TIMEx_BreakCallback)
    HAL_TIMEx_CommutCallback                 0x080016eb   Thumb Code     2  stm32f1xx_hal_tim_ex.o(i.HAL_TIMEx_CommutCallback)
    HAL_TIM_Base_Init                        0x080016ed   Thumb Code    90  stm32f1xx_hal_tim.o(i.HAL_TIM_Base_Init)
    HAL_TIM_Base_MspInit                     0x08001747   Thumb Code     2  stm32f1xx_hal_tim.o(i.HAL_TIM_Base_MspInit)
    HAL_TIM_Base_Start_IT                    0x08001749   Thumb Code    76  stm32f1xx_hal_tim.o(i.HAL_TIM_Base_Start_IT)
    HAL_TIM_IC_CaptureCallback               0x080017a1   Thumb Code     2  stm32f1xx_hal_tim.o(i.HAL_TIM_IC_CaptureCallback)
    HAL_TIM_IRQHandler                       0x080017a3   Thumb Code   304  stm32f1xx_hal_tim.o(i.HAL_TIM_IRQHandler)
    HAL_TIM_OC_DelayElapsedCallback          0x080018d3   Thumb Code     2  stm32f1xx_hal_tim.o(i.HAL_TIM_OC_DelayElapsedCallback)
    HAL_TIM_PWM_PulseFinishedCallback        0x080018d5   Thumb Code     2  stm32f1xx_hal_tim.o(i.HAL_TIM_PWM_PulseFinishedCallback)
    HAL_TIM_PeriodElapsedCallback            0x080018d9   Thumb Code    14  main.o(i.HAL_TIM_PeriodElapsedCallback)
    HAL_TIM_TriggerCallback                  0x080018ed   Thumb Code     2  stm32f1xx_hal_tim.o(i.HAL_TIM_TriggerCallback)
    HAL_UART_Init                            0x080018ef   Thumb Code   100  stm32f1xx_hal_uart.o(i.HAL_UART_Init)
    HAL_UART_MspInit                         0x08001955   Thumb Code    98  usart.o(i.HAL_UART_MspInit)
    HAL_UART_Transmit                        0x080019c5   Thumb Code   160  stm32f1xx_hal_uart.o(i.HAL_UART_Transmit)
    HardFault_Handler                        0x08001a65   Thumb Code     2  stm32f1xx_it.o(i.HardFault_Handler)
    ICM20602_ENTER_LOW_POWER_MODE            0x08001e89   Thumb Code   162  icm20602.o(i.ICM20602_ENTER_LOW_POWER_MODE)
    ICM20602_EXIT_LOW_POWER_MODE             0x08001f51   Thumb Code   150  icm20602.o(i.ICM20602_EXIT_LOW_POWER_MODE)
    ICM20602_Init                            0x0800200d   Thumb Code   116  icm20602.o(i.ICM20602_Init)
    ICM20602_ReadReg                         0x08002085   Thumb Code    46  icm20602.o(i.ICM20602_ReadReg)
    ICM20602_WriteReg                        0x080020b3   Thumb Code    26  icm20602.o(i.ICM20602_WriteReg)
    MX_FREERTOS_Init                         0x080020cd   Thumb Code    32  freertos.o(i.MX_FREERTOS_Init)
    MX_GPIO_Init                             0x080020fd   Thumb Code    96  gpio.o(i.MX_GPIO_Init)
    MX_I2C1_Init                             0x08002169   Thumb Code    50  i2c.o(i.MX_I2C1_Init)
    MX_USART2_UART_Init                      0x080021a9   Thumb Code    48  usart.o(i.MX_USART2_UART_Init)
    MemManage_Handler                        0x080021e1   Thumb Code     2  stm32f1xx_it.o(i.MemManage_Handler)
    NMI_Handler                              0x080021e3   Thumb Code     2  stm32f1xx_it.o(i.NMI_Handler)
    PostSleepProcessing                      0x080021ed   Thumb Code    46  freertos.o(i.PostSleepProcessing)
    PreSleepProcessing                       0x08002249   Thumb Code    80  freertos.o(i.PreSleepProcessing)
    StartDefaultTask                         0x080022e5   Thumb Code    12  freertos.o(i.StartDefaultTask)
    StartTask02                              0x080022f1   Thumb Code    88  freertos.o(i.StartTask02)
    SysTick_Handler                          0x08002389   Thumb Code    26  cmsis_os2.o(i.SysTick_Handler)
    SystemClock_Config                       0x080023a3   Thumb Code    94  main.o(i.SystemClock_Config)
    SystemInit                               0x08002401   Thumb Code     2  system_stm32f1xx.o(i.SystemInit)
    TIM4_IRQHandler                          0x08002405   Thumb Code     6  stm32f1xx_it.o(i.TIM4_IRQHandler)
    TIM_Base_SetConfig                       0x08002411   Thumb Code   108  stm32f1xx_hal_tim.o(i.TIM_Base_SetConfig)
    UsageFault_Handler                       0x08002603   Thumb Code     2  stm32f1xx_it.o(i.UsageFault_Handler)
    _is_digit                                0x08002625   Thumb Code    14  __printf_wp.o(i._is_digit)
    eTaskConfirmSleepModeStatus              0x08002635   Thumb Code    38  tasks.o(i.eTaskConfirmSleepModeStatus)
    main                                     0x08002665   Thumb Code    80  main.o(i.main)
    osDelay                                  0x080026f5   Thumb Code    26  cmsis_os2.o(i.osDelay)
    osKernelInitialize                       0x08002711   Thumb Code    32  cmsis_os2.o(i.osKernelInitialize)
    osKernelStart                            0x08002735   Thumb Code    48  cmsis_os2.o(i.osKernelStart)
    osThreadNew                              0x0800276d   Thumb Code   138  cmsis_os2.o(i.osThreadNew)
    pvPortMalloc                             0x08002ff1   Thumb Code   216  heap_4.o(i.pvPortMalloc)
    pxPortInitialiseStack                    0x080030cd   Thumb Code    32  port.o(i.pxPortInitialiseStack)
    uxListRemove                             0x080030f1   Thumb Code    38  list.o(i.uxListRemove)
    vApplicationGetIdleTaskMemory            0x08003119   Thumb Code    16  cmsis_os2.o(i.vApplicationGetIdleTaskMemory)
    vApplicationGetTimerTaskMemory           0x0800312d   Thumb Code    18  cmsis_os2.o(i.vApplicationGetTimerTaskMemory)
    vApplicationIdleHook                     0x08003145   Thumb Code     2  freertos.o(i.vApplicationIdleHook)
    vApplicationTickHook                     0x08003147   Thumb Code     2  freertos.o(i.vApplicationTickHook)
    vListInitialise                          0x08003149   Thumb Code    22  list.o(i.vListInitialise)
    vListInitialiseItem                      0x0800315f   Thumb Code     6  list.o(i.vListInitialiseItem)
    vListInsert                              0x08003165   Thumb Code    48  list.o(i.vListInsert)
    vListInsertEnd                           0x08003195   Thumb Code    24  list.o(i.vListInsertEnd)
    vPortEnterCritical                       0x080031ad   Thumb Code    54  port.o(i.vPortEnterCritical)
    vPortExitCritical                        0x080031ed   Thumb Code    34  port.o(i.vPortExitCritical)
    vPortFree                                0x08003215   Thumb Code    94  heap_4.o(i.vPortFree)
    vPortSetupTimerInterrupt                 0x08003279   Thumb Code    64  port.o(i.vPortSetupTimerInterrupt)
    vPortSuppressTicksAndSleep               0x080032c1   Thumb Code   230  port.o(i.vPortSuppressTicksAndSleep)
    vPortValidateInterruptPriority           0x080033ad   Thumb Code    74  port.o(i.vPortValidateInterruptPriority)
    vQueueAddToRegistry                      0x08003401   Thumb Code    34  queue.o(i.vQueueAddToRegistry)
    vQueueWaitForMessageRestricted           0x08003429   Thumb Code    68  queue.o(i.vQueueWaitForMessageRestricted)
    vTaskDelay                               0x0800346d   Thumb Code    66  tasks.o(i.vTaskDelay)
    vTaskInternalSetTimeOutState             0x080034b9   Thumb Code    12  tasks.o(i.vTaskInternalSetTimeOutState)
    vTaskMissedYield                         0x080034c9   Thumb Code     8  tasks.o(i.vTaskMissedYield)
    vTaskPlaceOnEventList                    0x080034d5   Thumb Code    44  tasks.o(i.vTaskPlaceOnEventList)
    vTaskPlaceOnEventListRestricted          0x08003505   Thumb Code    52  tasks.o(i.vTaskPlaceOnEventListRestricted)
    vTaskStartScheduler                      0x0800353d   Thumb Code   118  tasks.o(i.vTaskStartScheduler)
    vTaskStepTick                            0x080035c5   Thumb Code    36  tasks.o(i.vTaskStepTick)
    vTaskSuspendAll                          0x080035ed   Thumb Code    10  tasks.o(i.vTaskSuspendAll)
    vTaskSwitchContext                       0x080035fd   Thumb Code    90  tasks.o(i.vTaskSwitchContext)
    xPortStartScheduler                      0x08003661   Thumb Code   154  port.o(i.xPortStartScheduler)
    xPortSysTickHandler                      0x08003709   Thumb Code    38  port.o(i.xPortSysTickHandler)
    xQueueGenericCreateStatic                0x08003735   Thumb Code   102  queue.o(i.xQueueGenericCreateStatic)
    xQueueGenericReset                       0x0800379d   Thumb Code   132  queue.o(i.xQueueGenericReset)
    xQueueGenericSend                        0x08003825   Thumb Code   346  queue.o(i.xQueueGenericSend)
    xQueueGenericSendFromISR                 0x08003985   Thumb Code   190  queue.o(i.xQueueGenericSendFromISR)
    xQueueReceive                            0x08003a45   Thumb Code   308  queue.o(i.xQueueReceive)
    xTaskCheckForTimeOut                     0x08003b7d   Thumb Code   112  tasks.o(i.xTaskCheckForTimeOut)
    xTaskCreate                              0x08003bf1   Thumb Code    90  tasks.o(i.xTaskCreate)
    xTaskCreateStatic                        0x08003c4b   Thumb Code    86  tasks.o(i.xTaskCreateStatic)
    xTaskGetSchedulerState                   0x08003ca1   Thumb Code    22  tasks.o(i.xTaskGetSchedulerState)
    xTaskGetTickCount                        0x08003cbd   Thumb Code     6  tasks.o(i.xTaskGetTickCount)
    xTaskIncrementTick                       0x08003cc9   Thumb Code   206  tasks.o(i.xTaskIncrementTick)
    xTaskPriorityDisinherit                  0x08003da1   Thumb Code   118  tasks.o(i.xTaskPriorityDisinherit)
    xTaskRemoveFromEventList                 0x08003e21   Thumb Code   106  tasks.o(i.xTaskRemoveFromEventList)
    xTaskResumeAll                           0x08003e99   Thumb Code   182  tasks.o(i.xTaskResumeAll)
    xTimerCreateTimerTask                    0x08003f5d   Thumb Code    78  timers.o(i.xTimerCreateTimerTask)
    xTimerGenericCommand                     0x08003fbd   Thumb Code    98  timers.o(i.xTimerGenericCommand)
    defaultTask_attributes                   0x08004024   Data          36  freertos.o(.constdata)
    Testing_Task_attributes                  0x08004048   Data          36  freertos.o(.constdata)
    AHBPrescTable                            0x0800407e   Data          16  system_stm32f1xx.o(.constdata)
    APBPrescTable                            0x0800408e   Data           8  system_stm32f1xx.o(.constdata)
    Region$$Table$$Base                      0x080040ec   Number         0  anon$$obj.o(Region$$Table)
    Region$$Table$$Limit                     0x0800410c   Number         0  anon$$obj.o(Region$$Table)
    POWER_MODE                               0x20000000   Data           1  icm20602.o(.data)
    ICM20602_SensorState                     0x20000001   Data           1  icm20602.o(.data)
    current_accel_range                      0x20000002   Data           1  icm20602.o(.data)
    current_gyro_range                       0x20000003   Data           1  icm20602.o(.data)
    counter                                  0x20000004   Data           4  icm20602.o(.data)
    timer                                    0x20000008   Data           4  icm20602.o(.data)
    defaultTaskHandle                        0x2000000c   Data           4  freertos.o(.data)
    Testing_TaskHandle                       0x20000010   Data           4  freertos.o(.data)
    uwTickFreq                               0x20000014   Data           1  stm32f1xx_hal.o(.data)
    uwTickPrio                               0x20000018   Data           4  stm32f1xx_hal.o(.data)
    uwTick                                   0x2000001c   Data           4  stm32f1xx_hal.o(.data)
    SystemCoreClock                          0x20000020   Data           4  system_stm32f1xx.o(.data)
    pxCurrentTCB                             0x20000024   Data           4  tasks.o(.data)
    uartBuffer                               0x200000b0   Data         300  icm20602.o(.bss)
    hi2c1                                    0x200001dc   Data          84  i2c.o(.bss)
    huart2                                   0x20000230   Data          72  usart.o(.bss)
    htim4                                    0x20000278   Data          72  stm32f1xx_hal_timebase_tim.o(.bss)
    xQueueRegistry                           0x200002c0   Data          64  queue.o(.bss)
    __libspace_start                         0x20001b94   Data          96  libspace.o(.bss)
    __temporary_stack_top$libspace           0x20001bf4   Data           0  libspace.o(.bss)



==============================================================================

Memory Map of the image

  Image Entry point : 0x080000ed

  Load Region LR_IROM1 (Base: 0x08000000, Size: 0x000041bc, Max: 0x00010000, ABSOLUTE)

    Execution Region ER_IROM1 (Exec base: 0x08000000, Load base: 0x08000000, Size: 0x0000410c, Max: 0x00010000, ABSOLUTE)

    Exec Addr    Load Addr    Size         Type   Attr      Idx    E Section Name        Object

    0x08000000   0x08000000   0x000000ec   Data   RO            3    RESET               startup_stm32f103xb.o
    0x080000ec   0x080000ec   0x00000008   Code   RO         5548  * !!!main             c_w.l(__main.o)
    0x080000f4   0x080000f4   0x00000034   Code   RO         5843    !!!scatter          c_w.l(__scatter.o)
    0x08000128   0x08000128   0x0000001a   Code   RO         5845    !!handler_copy      c_w.l(__scatter_copy.o)
    0x08000142   0x08000142   0x00000002   PAD
    0x08000144   0x08000144   0x0000001c   Code   RO         5847    !!handler_zi        c_w.l(__scatter_zi.o)
    0x08000160   0x08000160   0x00000000   Code   RO         5533    .ARM.Collect$$_printf_percent$$00000000  c_w.l(_printf_percent.o)
    0x08000160   0x08000160   0x00000006   Code   RO         5529    .ARM.Collect$$_printf_percent$$0000000C  c_w.l(_printf_x.o)
    0x08000166   0x08000166   0x00000004   Code   RO         5609    .ARM.Collect$$_printf_percent$$00000017  c_w.l(_printf_percent_end.o)
    0x0800016a   0x0800016a   0x00000002   Code   RO         5712    .ARM.Collect$$libinit$$00000000  c_w.l(libinit.o)
    0x0800016c   0x0800016c   0x00000000   Code   RO         5714    .ARM.Collect$$libinit$$00000002  c_w.l(libinit2.o)
    0x0800016c   0x0800016c   0x00000000   Code   RO         5716    .ARM.Collect$$libinit$$00000004  c_w.l(libinit2.o)
    0x0800016c   0x0800016c   0x00000000   Code   RO         5719    .ARM.Collect$$libinit$$0000000A  c_w.l(libinit2.o)
    0x0800016c   0x0800016c   0x00000000   Code   RO         5721    .ARM.Collect$$libinit$$0000000C  c_w.l(libinit2.o)
    0x0800016c   0x0800016c   0x00000000   Code   RO         5723    .ARM.Collect$$libinit$$0000000E  c_w.l(libinit2.o)
    0x0800016c   0x0800016c   0x00000000   Code   RO         5726    .ARM.Collect$$libinit$$00000011  c_w.l(libinit2.o)
    0x0800016c   0x0800016c   0x00000000   Code   RO         5728    .ARM.Collect$$libinit$$00000013  c_w.l(libinit2.o)
    0x0800016c   0x0800016c   0x00000000   Code   RO         5730    .ARM.Collect$$libinit$$00000015  c_w.l(libinit2.o)
    0x0800016c   0x0800016c   0x00000000   Code   RO         5732    .ARM.Collect$$libinit$$00000017  c_w.l(libinit2.o)
    0x0800016c   0x0800016c   0x00000000   Code   RO         5734    .ARM.Collect$$libinit$$00000019  c_w.l(libinit2.o)
    0x0800016c   0x0800016c   0x00000000   Code   RO         5736    .ARM.Collect$$libinit$$0000001B  c_w.l(libinit2.o)
    0x0800016c   0x0800016c   0x00000000   Code   RO         5738    .ARM.Collect$$libinit$$0000001D  c_w.l(libinit2.o)
    0x0800016c   0x0800016c   0x00000000   Code   RO         5740    .ARM.Collect$$libinit$$0000001F  c_w.l(libinit2.o)
    0x0800016c   0x0800016c   0x00000000   Code   RO         5742    .ARM.Collect$$libinit$$00000021  c_w.l(libinit2.o)
    0x0800016c   0x0800016c   0x00000000   Code   RO         5744    .ARM.Collect$$libinit$$00000023  c_w.l(libinit2.o)
    0x0800016c   0x0800016c   0x00000000   Code   RO         5746    .ARM.Collect$$libinit$$00000025  c_w.l(libinit2.o)
    0x0800016c   0x0800016c   0x00000000   Code   RO         5750    .ARM.Collect$$libinit$$0000002C  c_w.l(libinit2.o)
    0x0800016c   0x0800016c   0x00000000   Code   RO         5752    .ARM.Collect$$libinit$$0000002E  c_w.l(libinit2.o)
    0x0800016c   0x0800016c   0x00000000   Code   RO         5754    .ARM.Collect$$libinit$$00000030  c_w.l(libinit2.o)
    0x0800016c   0x0800016c   0x00000000   Code   RO         5756    .ARM.Collect$$libinit$$00000032  c_w.l(libinit2.o)
    0x0800016c   0x0800016c   0x00000002   Code   RO         5757    .ARM.Collect$$libinit$$00000033  c_w.l(libinit2.o)
    0x0800016e   0x0800016e   0x00000002   Code   RO         5789    .ARM.Collect$$libshutdown$$00000000  c_w.l(libshutdown.o)
    0x08000170   0x08000170   0x00000000   Code   RO         5800    .ARM.Collect$$libshutdown$$00000002  c_w.l(libshutdown2.o)
    0x08000170   0x08000170   0x00000000   Code   RO         5802    .ARM.Collect$$libshutdown$$00000004  c_w.l(libshutdown2.o)
    0x08000170   0x08000170   0x00000000   Code   RO         5804    .ARM.Collect$$libshutdown$$00000006  c_w.l(libshutdown2.o)
    0x08000170   0x08000170   0x00000000   Code   RO         5807    .ARM.Collect$$libshutdown$$00000009  c_w.l(libshutdown2.o)
    0x08000170   0x08000170   0x00000000   Code   RO         5810    .ARM.Collect$$libshutdown$$0000000C  c_w.l(libshutdown2.o)
    0x08000170   0x08000170   0x00000000   Code   RO         5812    .ARM.Collect$$libshutdown$$0000000E  c_w.l(libshutdown2.o)
    0x08000170   0x08000170   0x00000000   Code   RO         5815    .ARM.Collect$$libshutdown$$00000011  c_w.l(libshutdown2.o)
    0x08000170   0x08000170   0x00000002   Code   RO         5816    .ARM.Collect$$libshutdown$$00000012  c_w.l(libshutdown2.o)
    0x08000172   0x08000172   0x00000000   Code   RO         5596    .ARM.Collect$$rtentry$$00000000  c_w.l(__rtentry.o)
    0x08000172   0x08000172   0x00000000   Code   RO         5632    .ARM.Collect$$rtentry$$00000002  c_w.l(__rtentry2.o)
    0x08000172   0x08000172   0x00000006   Code   RO         5644    .ARM.Collect$$rtentry$$00000004  c_w.l(__rtentry4.o)
    0x08000178   0x08000178   0x00000000   Code   RO         5634    .ARM.Collect$$rtentry$$00000009  c_w.l(__rtentry2.o)
    0x08000178   0x08000178   0x00000004   Code   RO         5635    .ARM.Collect$$rtentry$$0000000A  c_w.l(__rtentry2.o)
    0x0800017c   0x0800017c   0x00000000   Code   RO         5637    .ARM.Collect$$rtentry$$0000000C  c_w.l(__rtentry2.o)
    0x0800017c   0x0800017c   0x00000008   Code   RO         5638    .ARM.Collect$$rtentry$$0000000D  c_w.l(__rtentry2.o)
    0x08000184   0x08000184   0x00000002   Code   RO         5760    .ARM.Collect$$rtexit$$00000000  c_w.l(rtexit.o)
    0x08000186   0x08000186   0x00000000   Code   RO         5767    .ARM.Collect$$rtexit$$00000002  c_w.l(rtexit2.o)
    0x08000186   0x08000186   0x00000004   Code   RO         5768    .ARM.Collect$$rtexit$$00000003  c_w.l(rtexit2.o)
    0x0800018a   0x0800018a   0x00000006   Code   RO         5769    .ARM.Collect$$rtexit$$00000004  c_w.l(rtexit2.o)
    0x08000190   0x08000190   0x00000096   Code   RO         5388    .emb_text           port.o
    0x08000226   0x08000226   0x00000002   PAD
    0x08000228   0x08000228   0x00000040   Code   RO            4    .text               startup_stm32f103xb.o
    0x08000268   0x08000268   0x00000028   Code   RO         5477    .text               c_w.l(noretval__2sprintf.o)
    0x08000290   0x08000290   0x0000004e   Code   RO         5481    .text               c_w.l(_printf_pad.o)
    0x080002de   0x080002de   0x00000002   PAD
    0x080002e0   0x080002e0   0x00000058   Code   RO         5490    .text               c_w.l(_printf_hex_int.o)
    0x08000338   0x08000338   0x00000188   Code   RO         5525    .text               c_w.l(__printf_flags_ss_wp.o)
    0x080004c0   0x080004c0   0x0000003e   Code   RO         5534    .text               c_w.l(strlen.o)
    0x080004fe   0x080004fe   0x0000008a   Code   RO         5536    .text               c_w.l(rt_memcpy_v6.o)
    0x08000588   0x08000588   0x00000064   Code   RO         5538    .text               c_w.l(rt_memcpy_w.o)
    0x080005ec   0x080005ec   0x00000010   Code   RO         5542    .text               c_w.l(aeabi_memset.o)
    0x080005fc   0x080005fc   0x0000004e   Code   RO         5544    .text               c_w.l(rt_memclr_w.o)
    0x0800064a   0x0800064a   0x00000006   Code   RO         5546    .text               c_w.l(heapauxi.o)
    0x08000650   0x08000650   0x000000b2   Code   RO         5599    .text               c_w.l(_printf_intcommon.o)
    0x08000702   0x08000702   0x00000002   PAD
    0x08000704   0x08000704   0x00000030   Code   RO         5603    .text               c_w.l(_printf_char_common.o)
    0x08000734   0x08000734   0x0000000a   Code   RO         5605    .text               c_w.l(_sputc.o)
    0x0800073e   0x0800073e   0x00000044   Code   RO         5610    .text               c_w.l(rt_memclr.o)
    0x08000782   0x08000782   0x00000002   PAD
    0x08000784   0x08000784   0x00000008   Code   RO         5698    .text               c_w.l(libspace.o)
    0x0800078c   0x0800078c   0x0000004a   Code   RO         5701    .text               c_w.l(sys_stackheap_outer.o)
    0x080007d6   0x080007d6   0x00000012   Code   RO         5703    .text               c_w.l(exit.o)
    0x080007e8   0x080007e8   0x0000000c   Code   RO         5779    .text               c_w.l(sys_exit.o)
    0x080007f4   0x080007f4   0x00000002   Code   RO         5790    .text               c_w.l(use_no_semi.o)
    0x080007f6   0x080007f6   0x00000000   Code   RO         5792    .text               c_w.l(indicate_semi.o)
    0x080007f6   0x080007f6   0x00000002   Code   RO          724    i.BusFault_Handler  stm32f1xx_it.o
    0x080007f8   0x080007f8   0x00000002   Code   RO          725    i.DebugMon_Handler  stm32f1xx_it.o
    0x080007fa   0x080007fa   0x00000006   Code   RO          726    i.EXTI1_IRQHandler  stm32f1xx_it.o
    0x08000800   0x08000800   0x00000004   Code   RO          354    i.Error_Handler     main.o
    0x08000804   0x08000804   0x00000024   Code   RO         1873    i.HAL_Delay         stm32f1xx_hal.o
    0x08000828   0x08000828   0x00000044   Code   RO          355    i.HAL_GPIO_EXTI_Callback  main.o
    0x0800086c   0x0800086c   0x00000018   Code   RO         2182    i.HAL_GPIO_EXTI_IRQHandler  stm32f1xx_hal_gpio.o
    0x08000884   0x08000884   0x000001e0   Code   RO         2183    i.HAL_GPIO_Init     stm32f1xx_hal_gpio.o
    0x08000a64   0x08000a64   0x0000000c   Code   RO         1877    i.HAL_GetTick       stm32f1xx_hal.o
    0x08000a70   0x08000a70   0x00000188   Code   RO         2854    i.HAL_I2C_Init      stm32f1xx_hal_i2c.o
    0x08000bf8   0x08000bf8   0x00000250   Code   RO         2860    i.HAL_I2C_Master_Receive  stm32f1xx_hal_i2c.o
    0x08000e48   0x08000e48   0x0000012c   Code   RO         2867    i.HAL_I2C_Master_Transmit  stm32f1xx_hal_i2c.o
    0x08000f74   0x08000f74   0x0000005c   Code   RO          641    i.HAL_I2C_MspInit   i2c.o
    0x08000fd0   0x08000fd0   0x00000010   Code   RO         1883    i.HAL_IncTick       stm32f1xx_hal.o
    0x08000fe0   0x08000fe0   0x00000024   Code   RO         1884    i.HAL_Init          stm32f1xx_hal.o
    0x08001004   0x08001004   0x00000098   Code   RO          818    i.HAL_InitTick      stm32f1xx_hal_timebase_tim.o
    0x0800109c   0x0800109c   0x00000048   Code   RO          794    i.HAL_MspInit       stm32f1xx_hal_msp.o
    0x080010e4   0x080010e4   0x0000001a   Code   RO         2343    i.HAL_NVIC_EnableIRQ  stm32f1xx_hal_cortex.o
    0x080010fe   0x080010fe   0x00000002   PAD
    0x08001100   0x08001100   0x00000040   Code   RO         2349    i.HAL_NVIC_SetPriority  stm32f1xx_hal_cortex.o
    0x08001140   0x08001140   0x00000024   Code   RO         2350    i.HAL_NVIC_SetPriorityGrouping  stm32f1xx_hal_cortex.o
    0x08001164   0x08001164   0x00000044   Code   RO         2472    i.HAL_PWR_EnterSTOPMode  stm32f1xx_hal_pwr.o
    0x080011a8   0x080011a8   0x0000012c   Code   RO         2041    i.HAL_RCC_ClockConfig  stm32f1xx_hal_rcc.o
    0x080012d4   0x080012d4   0x00000040   Code   RO         2045    i.HAL_RCC_GetClockConfig  stm32f1xx_hal_rcc.o
    0x08001314   0x08001314   0x00000020   Code   RO         2048    i.HAL_RCC_GetPCLK1Freq  stm32f1xx_hal_rcc.o
    0x08001334   0x08001334   0x00000020   Code   RO         2049    i.HAL_RCC_GetPCLK2Freq  stm32f1xx_hal_rcc.o
    0x08001354   0x08001354   0x0000004c   Code   RO         2050    i.HAL_RCC_GetSysClockFreq  stm32f1xx_hal_rcc.o
    0x080013a0   0x080013a0   0x00000320   Code   RO         2053    i.HAL_RCC_OscConfig  stm32f1xx_hal_rcc.o
    0x080016c0   0x080016c0   0x00000014   Code   RO          819    i.HAL_ResumeTick    stm32f1xx_hal_timebase_tim.o
    0x080016d4   0x080016d4   0x00000014   Code   RO          820    i.HAL_SuspendTick   stm32f1xx_hal_timebase_tim.o
    0x080016e8   0x080016e8   0x00000002   Code   RO         1599    i.HAL_TIMEx_BreakCallback  stm32f1xx_hal_tim_ex.o
    0x080016ea   0x080016ea   0x00000002   Code   RO         1600    i.HAL_TIMEx_CommutCallback  stm32f1xx_hal_tim_ex.o
    0x080016ec   0x080016ec   0x0000005a   Code   RO          895    i.HAL_TIM_Base_Init  stm32f1xx_hal_tim.o
    0x08001746   0x08001746   0x00000002   Code   RO          897    i.HAL_TIM_Base_MspInit  stm32f1xx_hal_tim.o
    0x08001748   0x08001748   0x00000058   Code   RO          900    i.HAL_TIM_Base_Start_IT  stm32f1xx_hal_tim.o
    0x080017a0   0x080017a0   0x00000002   Code   RO          929    i.HAL_TIM_IC_CaptureCallback  stm32f1xx_hal_tim.o
    0x080017a2   0x080017a2   0x00000130   Code   RO          943    i.HAL_TIM_IRQHandler  stm32f1xx_hal_tim.o
    0x080018d2   0x080018d2   0x00000002   Code   RO          946    i.HAL_TIM_OC_DelayElapsedCallback  stm32f1xx_hal_tim.o
    0x080018d4   0x080018d4   0x00000002   Code   RO          973    i.HAL_TIM_PWM_PulseFinishedCallback  stm32f1xx_hal_tim.o
    0x080018d6   0x080018d6   0x00000002   PAD
    0x080018d8   0x080018d8   0x00000014   Code   RO          356    i.HAL_TIM_PeriodElapsedCallback  main.o
    0x080018ec   0x080018ec   0x00000002   Code   RO          986    i.HAL_TIM_TriggerCallback  stm32f1xx_hal_tim.o
    0x080018ee   0x080018ee   0x00000064   Code   RO         3310    i.HAL_UART_Init     stm32f1xx_hal_uart.o
    0x08001952   0x08001952   0x00000002   PAD
    0x08001954   0x08001954   0x00000070   Code   RO          683    i.HAL_UART_MspInit  usart.o
    0x080019c4   0x080019c4   0x000000a0   Code   RO         3318    i.HAL_UART_Transmit  stm32f1xx_hal_uart.o
    0x08001a64   0x08001a64   0x00000002   Code   RO          727    i.HardFault_Handler  stm32f1xx_it.o
    0x08001a66   0x08001a66   0x0000002e   Code   RO         2897    i.I2C_IsAcknowledgeFailed  stm32f1xx_hal_i2c.o
    0x08001a94   0x08001a94   0x000000ec   Code   RO         2900    i.I2C_MasterRequestRead  stm32f1xx_hal_i2c.o
    0x08001b80   0x08001b80   0x0000009c   Code   RO         2901    i.I2C_MasterRequestWrite  stm32f1xx_hal_i2c.o
    0x08001c1c   0x08001c1c   0x00000056   Code   RO         2912    i.I2C_WaitOnBTFFlagUntilTimeout  stm32f1xx_hal_i2c.o
    0x08001c72   0x08001c72   0x00000002   PAD
    0x08001c74   0x08001c74   0x00000090   Code   RO         2913    i.I2C_WaitOnFlagUntilTimeout  stm32f1xx_hal_i2c.o
    0x08001d04   0x08001d04   0x000000bc   Code   RO         2914    i.I2C_WaitOnMasterAddressFlagUntilTimeout  stm32f1xx_hal_i2c.o
    0x08001dc0   0x08001dc0   0x00000070   Code   RO         2915    i.I2C_WaitOnRXNEFlagUntilTimeout  stm32f1xx_hal_i2c.o
    0x08001e30   0x08001e30   0x00000056   Code   RO         2916    i.I2C_WaitOnTXEFlagUntilTimeout  stm32f1xx_hal_i2c.o
    0x08001e86   0x08001e86   0x00000002   PAD
    0x08001e88   0x08001e88   0x000000c8   Code   RO           13    i.ICM20602_ENTER_LOW_POWER_MODE  icm20602.o
    0x08001f50   0x08001f50   0x000000bc   Code   RO           14    i.ICM20602_EXIT_LOW_POWER_MODE  icm20602.o
    0x0800200c   0x0800200c   0x00000078   Code   RO           16    i.ICM20602_Init     icm20602.o
    0x08002084   0x08002084   0x0000002e   Code   RO           18    i.ICM20602_ReadReg  icm20602.o
    0x080020b2   0x080020b2   0x0000001a   Code   RO           19    i.ICM20602_WriteReg  icm20602.o
    0x080020cc   0x080020cc   0x00000030   Code   RO          557    i.MX_FREERTOS_Init  freertos.o
    0x080020fc   0x080020fc   0x0000006c   Code   RO          446    i.MX_GPIO_Init      gpio.o
    0x08002168   0x08002168   0x00000040   Code   RO          642    i.MX_I2C1_Init      i2c.o
    0x080021a8   0x080021a8   0x00000038   Code   RO          684    i.MX_USART2_UART_Init  usart.o
    0x080021e0   0x080021e0   0x00000002   Code   RO          728    i.MemManage_Handler  stm32f1xx_it.o
    0x080021e2   0x080021e2   0x00000002   Code   RO          729    i.NMI_Handler       stm32f1xx_it.o
    0x080021e4   0x080021e4   0x00000006   Code   RO         2475    i.PWR_OverloadWfe   stm32f1xx_hal_pwr.o
    0x080021ea   0x080021ea   0x00000002   PAD
    0x080021ec   0x080021ec   0x0000005c   Code   RO          558    i.PostSleepProcessing  freertos.o
    0x08002248   0x08002248   0x0000009c   Code   RO          559    i.PreSleepProcessing  freertos.o
    0x080022e4   0x080022e4   0x0000000c   Code   RO          561    i.StartDefaultTask  freertos.o
    0x080022f0   0x080022f0   0x00000098   Code   RO          562    i.StartTask02       freertos.o
    0x08002388   0x08002388   0x0000001a   Code   RO         4808    i.SysTick_Handler   cmsis_os2.o
    0x080023a2   0x080023a2   0x0000005e   Code   RO          357    i.SystemClock_Config  main.o
    0x08002400   0x08002400   0x00000002   Code   RO         3644    i.SystemInit        system_stm32f1xx.o
    0x08002402   0x08002402   0x00000002   PAD
    0x08002404   0x08002404   0x0000000c   Code   RO          730    i.TIM4_IRQHandler   stm32f1xx_it.o
    0x08002410   0x08002410   0x00000078   Code   RO          988    i.TIM_Base_SetConfig  stm32f1xx_hal_tim.o
    0x08002488   0x08002488   0x0000004e   Code   RO         3333    i.UART_EndRxTransfer  stm32f1xx_hal_uart.o
    0x080024d6   0x080024d6   0x00000002   PAD
    0x080024d8   0x080024d8   0x000000b8   Code   RO         3336    i.UART_SetConfig    stm32f1xx_hal_uart.o
    0x08002590   0x08002590   0x00000072   Code   RO         3339    i.UART_WaitOnFlagUntilTimeout  stm32f1xx_hal_uart.o
    0x08002602   0x08002602   0x00000002   Code   RO          731    i.UsageFault_Handler  stm32f1xx_it.o
    0x08002604   0x08002604   0x00000020   Code   RO         2356    i.__NVIC_SetPriority  stm32f1xx_hal_cortex.o
    0x08002624   0x08002624   0x0000000e   Code   RO         5518    i._is_digit         c_w.l(__printf_wp.o)
    0x08002632   0x08002632   0x00000002   PAD
    0x08002634   0x08002634   0x00000030   Code   RO         4250    i.eTaskConfirmSleepModeStatus  tasks.o
    0x08002664   0x08002664   0x00000090   Code   RO          358    i.main              main.o
    0x080026f4   0x080026f4   0x0000001a   Code   RO         4810    i.osDelay           cmsis_os2.o
    0x0800270e   0x0800270e   0x00000002   PAD
    0x08002710   0x08002710   0x00000024   Code   RO         4824    i.osKernelInitialize  cmsis_os2.o
    0x08002734   0x08002734   0x00000038   Code   RO         4827    i.osKernelStart     cmsis_os2.o
    0x0800276c   0x0800276c   0x0000008a   Code   RO         4869    i.osThreadNew       cmsis_os2.o
    0x080027f6   0x080027f6   0x00000002   PAD
    0x080027f8   0x080027f8   0x0000005c   Code   RO         4253    i.prvAddCurrentTaskToDelayedList  tasks.o
    0x08002854   0x08002854   0x000000d0   Code   RO         4254    i.prvAddNewTaskToReadyList  tasks.o
    0x08002924   0x08002924   0x00000058   Code   RO         4634    i.prvCheckForValidListAndQueue  timers.o
    0x0800297c   0x0800297c   0x00000026   Code   RO         3849    i.prvCopyDataFromQueue  queue.o
    0x080029a2   0x080029a2   0x0000006c   Code   RO         3850    i.prvCopyDataToQueue  queue.o
    0x08002a0e   0x08002a0e   0x00000034   Code   RO         4255    i.prvDeleteTCB      tasks.o
    0x08002a42   0x08002a42   0x00000002   PAD
    0x08002a44   0x08002a44   0x00000030   Code   RO         4256    i.prvGetExpectedIdleTime  tasks.o
    0x08002a74   0x08002a74   0x0000004c   Code   RO         5333    i.prvHeapInit       heap_4.o
    0x08002ac0   0x08002ac0   0x00000094   Code   RO         4257    i.prvIdleTask       tasks.o
    0x08002b54   0x08002b54   0x00000022   Code   RO         3852    i.prvInitialiseNewQueue  queue.o
    0x08002b76   0x08002b76   0x00000002   PAD
    0x08002b78   0x08002b78   0x000000b0   Code   RO         4258    i.prvInitialiseNewTask  tasks.o
    0x08002c28   0x08002c28   0x0000004c   Code   RO         5334    i.prvInsertBlockIntoFreeList  heap_4.o
    0x08002c74   0x08002c74   0x00000038   Code   RO         4636    i.prvInsertTimerInActiveList  timers.o
    0x08002cac   0x08002cac   0x0000001c   Code   RO         3853    i.prvIsQueueEmpty   queue.o
    0x08002cc8   0x08002cc8   0x000000fc   Code   RO         4637    i.prvProcessReceivedCommands  timers.o
    0x08002dc4   0x08002dc4   0x000000c0   Code   RO         4638    i.prvProcessTimerOrBlockTask  timers.o
    0x08002e84   0x08002e84   0x00000020   Code   RO         4260    i.prvResetNextTaskUnblockTime  tasks.o
    0x08002ea4   0x08002ea4   0x00000028   Code   RO         4639    i.prvSampleTimeNow  timers.o
    0x08002ecc   0x08002ecc   0x0000006c   Code   RO         4640    i.prvSwitchTimerLists  timers.o
    0x08002f38   0x08002f38   0x00000028   Code   RO         5389    i.prvTaskExitError  port.o
    0x08002f60   0x08002f60   0x00000024   Code   RO         4641    i.prvTimerTask      timers.o
    0x08002f84   0x08002f84   0x0000006a   Code   RO         3854    i.prvUnlockQueue    queue.o
    0x08002fee   0x08002fee   0x00000002   PAD
    0x08002ff0   0x08002ff0   0x000000dc   Code   RO         5335    i.pvPortMalloc      heap_4.o
    0x080030cc   0x080030cc   0x00000024   Code   RO         5390    i.pxPortInitialiseStack  port.o
    0x080030f0   0x080030f0   0x00000026   Code   RO         3809    i.uxListRemove      list.o
    0x08003116   0x08003116   0x00000002   PAD
    0x08003118   0x08003118   0x00000014   Code   RO         4881    i.vApplicationGetIdleTaskMemory  cmsis_os2.o
    0x0800312c   0x0800312c   0x00000018   Code   RO         4882    i.vApplicationGetTimerTaskMemory  cmsis_os2.o
    0x08003144   0x08003144   0x00000002   Code   RO          563    i.vApplicationIdleHook  freertos.o
    0x08003146   0x08003146   0x00000002   Code   RO          564    i.vApplicationTickHook  freertos.o
    0x08003148   0x08003148   0x00000016   Code   RO         3810    i.vListInitialise   list.o
    0x0800315e   0x0800315e   0x00000006   Code   RO         3811    i.vListInitialiseItem  list.o
    0x08003164   0x08003164   0x00000030   Code   RO         3812    i.vListInsert       list.o
    0x08003194   0x08003194   0x00000018   Code   RO         3813    i.vListInsertEnd    list.o
    0x080031ac   0x080031ac   0x00000040   Code   RO         5392    i.vPortEnterCritical  port.o
    0x080031ec   0x080031ec   0x00000028   Code   RO         5393    i.vPortExitCritical  port.o
    0x08003214   0x08003214   0x00000064   Code   RO         5336    i.vPortFree         heap_4.o
    0x08003278   0x08003278   0x00000048   Code   RO         5394    i.vPortSetupTimerInterrupt  port.o
    0x080032c0   0x080032c0   0x000000ec   Code   RO         5395    i.vPortSuppressTicksAndSleep  port.o
    0x080033ac   0x080033ac   0x00000054   Code   RO         5396    i.vPortValidateInterruptPriority  port.o
    0x08003400   0x08003400   0x00000028   Code   RO         3860    i.vQueueAddToRegistry  queue.o
    0x08003428   0x08003428   0x00000044   Code   RO         3864    i.vQueueWaitForMessageRestricted  queue.o
    0x0800346c   0x0800346c   0x0000004c   Code   RO         4273    i.vTaskDelay        tasks.o
    0x080034b8   0x080034b8   0x00000010   Code   RO         4278    i.vTaskInternalSetTimeOutState  tasks.o
    0x080034c8   0x080034c8   0x0000000c   Code   RO         4279    i.vTaskMissedYield  tasks.o
    0x080034d4   0x080034d4   0x00000030   Code   RO         4281    i.vTaskPlaceOnEventList  tasks.o
    0x08003504   0x08003504   0x00000038   Code   RO         4282    i.vTaskPlaceOnEventListRestricted  tasks.o
    0x0800353c   0x0800353c   0x00000088   Code   RO         4290    i.vTaskStartScheduler  tasks.o
    0x080035c4   0x080035c4   0x00000028   Code   RO         4291    i.vTaskStepTick     tasks.o
    0x080035ec   0x080035ec   0x00000010   Code   RO         4293    i.vTaskSuspendAll   tasks.o
    0x080035fc   0x080035fc   0x00000064   Code   RO         4294    i.vTaskSwitchContext  tasks.o
    0x08003660   0x08003660   0x000000a8   Code   RO         5397    i.xPortStartScheduler  port.o
    0x08003708   0x08003708   0x0000002c   Code   RO         5398    i.xPortSysTickHandler  port.o
    0x08003734   0x08003734   0x00000066   Code   RO         3870    i.xQueueGenericCreateStatic  queue.o
    0x0800379a   0x0800379a   0x00000002   PAD
    0x0800379c   0x0800379c   0x00000088   Code   RO         3871    i.xQueueGenericReset  queue.o
    0x08003824   0x08003824   0x00000160   Code   RO         3872    i.xQueueGenericSend  queue.o
    0x08003984   0x08003984   0x000000be   Code   RO         3873    i.xQueueGenericSendFromISR  queue.o
    0x08003a42   0x08003a42   0x00000002   PAD
    0x08003a44   0x08003a44   0x00000138   Code   RO         3882    i.xQueueReceive     queue.o
    0x08003b7c   0x08003b7c   0x00000074   Code   RO         4296    i.xTaskCheckForTimeOut  tasks.o
    0x08003bf0   0x08003bf0   0x0000005a   Code   RO         4297    i.xTaskCreate       tasks.o
    0x08003c4a   0x08003c4a   0x00000056   Code   RO         4298    i.xTaskCreateStatic  tasks.o
    0x08003ca0   0x08003ca0   0x0000001c   Code   RO         4302    i.xTaskGetSchedulerState  tasks.o
    0x08003cbc   0x08003cbc   0x0000000c   Code   RO         4303    i.xTaskGetTickCount  tasks.o
    0x08003cc8   0x08003cc8   0x000000d8   Code   RO         4305    i.xTaskIncrementTick  tasks.o
    0x08003da0   0x08003da0   0x00000080   Code   RO         4308    i.xTaskPriorityDisinherit  tasks.o
    0x08003e20   0x08003e20   0x00000078   Code   RO         4310    i.xTaskRemoveFromEventList  tasks.o
    0x08003e98   0x08003e98   0x000000c4   Code   RO         4311    i.xTaskResumeAll    tasks.o
    0x08003f5c   0x08003f5c   0x00000060   Code   RO         4650    i.xTimerCreateTimerTask  timers.o
    0x08003fbc   0x08003fbc   0x00000068   Code   RO         4651    i.xTimerGenericCommand  timers.o
    0x08004024   0x08004024   0x00000048   Data   RO          565    .constdata          freertos.o
    0x0800406c   0x0800406c   0x00000012   Data   RO         2054    .constdata          stm32f1xx_hal_rcc.o
    0x0800407e   0x0800407e   0x00000010   Data   RO         3645    .constdata          system_stm32f1xx.o
    0x0800408e   0x0800408e   0x00000008   Data   RO         3646    .constdata          system_stm32f1xx.o
    0x08004096   0x08004096   0x00000028   Data   RO         5491    .constdata          c_w.l(_printf_hex_int.o)
    0x080040be   0x080040be   0x00000011   Data   RO         5526    .constdata          c_w.l(__printf_flags_ss_wp.o)
    0x080040cf   0x080040cf   0x00000001   PAD
    0x080040d0   0x080040d0   0x0000001c   Data   RO          566    .conststring        freertos.o
    0x080040ec   0x080040ec   0x00000020   Data   RO         5841    Region$$Table       anon$$obj.o


    Execution Region RW_IRAM1 (Exec base: 0x20000000, Load base: 0x0800410c, Size: 0x000021f8, Max: 0x00005000, ABSOLUTE)

    Exec Addr    Load Addr    Size         Type   Attr      Idx    E Section Name        Object

    0x20000000   0x0800410c   0x0000000c   Data   RW           27    .data               icm20602.o
    0x2000000c   0x08004118   0x00000008   Data   RW          567    .data               freertos.o
    0x20000014   0x08004120   0x0000000c   Data   RW         1891    .data               stm32f1xx_hal.o
    0x20000020   0x0800412c   0x00000004   Data   RW         3647    .data               system_stm32f1xx.o
    0x20000024   0x08004130   0x0000003c   Data   RW         4314    .data               tasks.o
    0x20000060   0x0800416c   0x00000014   Data   RW         4659    .data               timers.o
    0x20000074   0x08004180   0x00000004   Data   RW         4886    .data               cmsis_os2.o
    0x20000078   0x08004184   0x00000020   Data   RW         5342    .data               heap_4.o
    0x20000098   0x080041a4   0x00000018   Data   RW         5399    .data               port.o
    0x200000b0        -       0x0000012c   Zero   RW           23    .bss                icm20602.o
    0x200001dc        -       0x00000054   Zero   RW          643    .bss                i2c.o
    0x20000230        -       0x00000048   Zero   RW          685    .bss                usart.o
    0x20000278        -       0x00000048   Zero   RW          821    .bss                stm32f1xx_hal_timebase_tim.o
    0x200002c0        -       0x00000040   Zero   RW         3886    .bss                queue.o
    0x20000300        -       0x000004c4   Zero   RW         4313    .bss                tasks.o
    0x200007c4        -       0x00000118   Zero   RW         4658    .bss                timers.o
    0x200008dc        -       0x000006b8   Zero   RW         4885    .bss                cmsis_os2.o
    0x20000f94        -       0x00000c00   Zero   RW         5341    .bss                heap_4.o
    0x20001b94        -       0x00000060   Zero   RW         5699    .bss                c_w.l(libspace.o)
    0x20001bf4   0x080041bc   0x00000004   PAD
    0x20001bf8        -       0x00000200   Zero   RW            2    HEAP                startup_stm32f103xb.o
    0x20001df8        -       0x00000400   Zero   RW            1    STACK               startup_stm32f103xb.o


==============================================================================

Image component sizes


      Code (inc. data)   RO Data    RW Data    ZI Data      Debug   Object Name

       326         22          0          4       1720      58839   cmsis_os2.o
         0          0          0          0          0      19588   event_groups.o
       464        202        100          8          0       4491   freertos.o
       108         12          0          0          0     429899   gpio.o
       472         24          0         32       3072       4859   heap_4.o
       156         26          0          0         84       1613   i2c.o
       580         80          0         12        300     425385   icm20602.o
       138          0          0          0          0       3486   list.o
       330         98          0          0          0      14045   main.o
       934         80          0         24          0      12174   port.o
      1514         20          0          0         64      17296   queue.o
        64         26        236          0       1536        824   startup_stm32f103xb.o
       100         18          0         12          0       5214   stm32f1xx_hal.o
       158         14          0          0          0      28158   stm32f1xx_hal_cortex.o
       504         40          0          0          0       2847   stm32f1xx_hal_gpio.o
      2338         54          0          0          0      12530   stm32f1xx_hal_i2c.o
        72         10          0          0          0        862   stm32f1xx_hal_msp.o
        74          8          0          0          0       1104   stm32f1xx_hal_pwr.o
      1304         94         18          0          0       5709   stm32f1xx_hal_rcc.o
       612         24          0          0          0       7132   stm32f1xx_hal_tim.o
         4          0          0          0          0       1569   stm32f1xx_hal_tim_ex.o
       192         32          0          0         72       2378   stm32f1xx_hal_timebase_tim.o
       636          6          0          0          0       4608   stm32f1xx_hal_uart.o
        30          6          0          0          0       3414   stm32f1xx_it.o
         0          0          0          0          0        392   stream_buffer.o
         2          0         24          4          0       1107   system_stm32f1xx.o
      2296        194          0         60       1220      28894   tasks.o
       972         80          0         20        280      32207   timers.o
       168         22          0          0         72       1662   usart.o

    ----------------------------------------------------------------------
     14582       1192        410        176       8420    1132286   Object Totals
         0          0         32          0          0          0   (incl. Generated)
        34          0          0          0          0          0   (incl. Padding)

    ----------------------------------------------------------------------

      Code (inc. data)   RO Data    RW Data    ZI Data      Debug   Library Member Name

         8          0          0          0          0         68   __main.o
       392          4         17          0          0         92   __printf_flags_ss_wp.o
        14          0          0          0          0         68   __printf_wp.o
         0          0          0          0          0          0   __rtentry.o
        12          0          0          0          0          0   __rtentry2.o
         6          0          0          0          0          0   __rtentry4.o
        52          8          0          0          0          0   __scatter.o
        26          0          0          0          0          0   __scatter_copy.o
        28          0          0          0          0          0   __scatter_zi.o
        48          6          0          0          0         96   _printf_char_common.o
        88          4         40          0          0         88   _printf_hex_int.o
       178          0          0          0          0         88   _printf_intcommon.o
        78          0          0          0          0        108   _printf_pad.o
         0          0          0          0          0          0   _printf_percent.o
         4          0          0          0          0          0   _printf_percent_end.o
         6          0          0          0          0          0   _printf_x.o
        10          0          0          0          0         68   _sputc.o
        16          0          0          0          0         68   aeabi_memset.o
        18          0          0          0          0         80   exit.o
         6          0          0          0          0        152   heapauxi.o
         0          0          0          0          0          0   indicate_semi.o
         2          0          0          0          0          0   libinit.o
         2          0          0          0          0          0   libinit2.o
         2          0          0          0          0          0   libshutdown.o
         2          0          0          0          0          0   libshutdown2.o
         8          4          0          0         96         68   libspace.o
        40          6          0          0          0         84   noretval__2sprintf.o
        68          0          0          0          0         68   rt_memclr.o
        78          0          0          0          0         80   rt_memclr_w.o
       138          0          0          0          0         68   rt_memcpy_v6.o
       100          0          0          0          0         80   rt_memcpy_w.o
         2          0          0          0          0          0   rtexit.o
        10          0          0          0          0          0   rtexit2.o
        62          0          0          0          0         76   strlen.o
        12          4          0          0          0         68   sys_exit.o
        74          0          0          0          0         80   sys_stackheap_outer.o
         2          0          0          0          0         68   use_no_semi.o

    ----------------------------------------------------------------------
      1602         36         58          0        100       1716   Library Totals
        10          0          1          0          4          0   (incl. Padding)

    ----------------------------------------------------------------------

      Code (inc. data)   RO Data    RW Data    ZI Data      Debug   Library Name

      1592         36         57          0         96       1716   c_w.l

    ----------------------------------------------------------------------
      1602         36         58          0        100       1716   Library Totals

    ----------------------------------------------------------------------

==============================================================================


      Code (inc. data)   RO Data    RW Data    ZI Data      Debug   

     16184       1228        468        176       8520    1125418   Grand Totals
     16184       1228        468        176       8520    1125418   ELF Image Totals
     16184       1228        468        176          0          0   ROM Totals

==============================================================================

    Total RO  Size (Code + RO Data)                16652 (  16.26kB)
    Total RW  Size (RW Data + ZI Data)              8696 (   8.49kB)
    Total ROM Size (Code + RO Data + RW Data)      16828 (  16.43kB)

==============================================================================

